Archive member included to satisfy reference by file (symbol)

/home/uwe/git/ms/iot_core_tx8mmini/mu_platform_nxp/Build/TX8M_MINI_EVK_1GB/RELEASE_GCC5/AARCH64/MdePkg/Library/UefiDriverEntryPoint/UefiDriverEntryPoint/OUTPUT/UefiDriverEntryPoint.lib(DriverEntryPoint.obj)
                              (_ModuleEntryPoint)
/home/uwe/git/ms/iot_core_tx8mmini/mu_platform_nxp/Build/TX8M_MINI_EVK_1GB/RELEASE_GCC5/AARCH64/ArmPkg/Library/CompilerIntrinsicsLib/CompilerIntrinsicsLib/OUTPUT/CompilerIntrinsicsLib.lib(memcpy.obj)
                              /home/uwe/git/ms/iot_core_tx8mmini/mu_platform_nxp/Silicon/ARM/MU_TIANO/ArmPkg/Library/GccLto/liblto-aarch64.a (memcpy)
/home/uwe/git/ms/iot_core_tx8mmini/mu_platform_nxp/Build/TX8M_MINI_EVK_1GB/RELEASE_GCC5/AARCH64/ArmPkg/Library/CompilerIntrinsicsLib/CompilerIntrinsicsLib/OUTPUT/CompilerIntrinsicsLib.lib(memset.obj)
                              /home/uwe/git/ms/iot_core_tx8mmini/mu_platform_nxp/Silicon/ARM/MU_TIANO/ArmPkg/Library/GccLto/liblto-aarch64.a (memset)
/home/uwe/git/ms/iot_core_tx8mmini/mu_platform_nxp/Build/TX8M_MINI_EVK_1GB/RELEASE_GCC5/AARCH64/MdePkg/Library/BaseStackCheckLib/BaseStackCheckLib/OUTPUT/BaseStackCheckLib.lib(BaseStackCheckGcc.obj)
                              /home/uwe/git/ms/iot_core_tx8mmini/mu_platform_nxp/Silicon/ARM/MU_TIANO/ArmPkg/Library/GccLto/liblto-aarch64.a (__stack_chk_fail)
/home/uwe/git/ms/iot_core_tx8mmini/mu_platform_nxp/Build/TX8M_MINI_EVK_1GB/RELEASE_GCC5/AARCH64/MdeModulePkg/Universal/Console/ConSplitterDxe/ConSplitterDxe/OUTPUT/ConSplitterDxe.lib(AutoGen.obj)
                              DriverEntryPoint.obj (symbol from plugin) (ProcessLibraryConstructorList)
/home/uwe/git/ms/iot_core_tx8mmini/mu_platform_nxp/Build/TX8M_MINI_EVK_1GB/RELEASE_GCC5/AARCH64/MdeModulePkg/Universal/Console/ConSplitterDxe/ConSplitterDxe/OUTPUT/ConSplitterDxe.lib(ConSplitter.obj)
                              AutoGen.obj (symbol from plugin) (ConSplitterDriverEntry)
/home/uwe/git/ms/iot_core_tx8mmini/mu_platform_nxp/Build/TX8M_MINI_EVK_1GB/RELEASE_GCC5/AARCH64/MdeModulePkg/Universal/Console/ConSplitterDxe/ConSplitterDxe/OUTPUT/ConSplitterDxe.lib(ConSplitterGraphics.obj)
                              ConSplitter.obj (symbol from plugin) (ConSplitterGraphicsOutputQueryMode)
/home/uwe/git/ms/iot_core_tx8mmini/mu_platform_nxp/Build/TX8M_MINI_EVK_1GB/RELEASE_GCC5/AARCH64/MdeModulePkg/Universal/Console/ConSplitterDxe/ConSplitterDxe/OUTPUT/ConSplitterDxe.lib(ComponentName.obj)
                              ConSplitter.obj (symbol from plugin) (gConSplitterConInComponentName)
/home/uwe/git/ms/iot_core_tx8mmini/mu_platform_nxp/Build/TX8M_MINI_EVK_1GB/RELEASE_GCC5/AARCH64/MdePkg/Library/BaseLib/BaseLib/OUTPUT/BaseLib.lib(MultU64x64.obj)
                              ConSplitter.obj (symbol from plugin) (MultU64x64)
/home/uwe/git/ms/iot_core_tx8mmini/mu_platform_nxp/Build/TX8M_MINI_EVK_1GB/RELEASE_GCC5/AARCH64/MdePkg/Library/BaseLib/BaseLib/OUTPUT/BaseLib.lib(DivU64x64Remainder.obj)
                              ConSplitter.obj (symbol from plugin) (DivU64x64Remainder)
/home/uwe/git/ms/iot_core_tx8mmini/mu_platform_nxp/Build/TX8M_MINI_EVK_1GB/RELEASE_GCC5/AARCH64/MdePkg/Library/BaseLib/BaseLib/OUTPUT/BaseLib.lib(CpuDeadLoop.obj)
                              BaseStackCheckGcc.obj (symbol from plugin) (CpuDeadLoop)
/home/uwe/git/ms/iot_core_tx8mmini/mu_platform_nxp/Build/TX8M_MINI_EVK_1GB/RELEASE_GCC5/AARCH64/MdePkg/Library/BaseLib/BaseLib/OUTPUT/BaseLib.lib(LinkedList.obj)
                              ConSplitter.obj (symbol from plugin) (InitializeListHead)
/home/uwe/git/ms/iot_core_tx8mmini/mu_platform_nxp/Build/TX8M_MINI_EVK_1GB/RELEASE_GCC5/AARCH64/MdePkg/Library/BaseLib/BaseLib/OUTPUT/BaseLib.lib(Math64.obj)
                              MultU64x64.obj (symbol from plugin) (InternalMathMultU64x64)
/home/uwe/git/ms/iot_core_tx8mmini/mu_platform_nxp/Build/TX8M_MINI_EVK_1GB/RELEASE_GCC5/AARCH64/MdePkg/Library/BaseLib/BaseLib/OUTPUT/BaseLib.lib(CpuBreakpoint.obj)
                              BaseStackCheckGcc.obj (symbol from plugin) (CpuBreakpoint)
/home/uwe/git/ms/iot_core_tx8mmini/mu_platform_nxp/Build/TX8M_MINI_EVK_1GB/RELEASE_GCC5/AARCH64/MdePkg/Library/BaseLib/BaseLib/OUTPUT/BaseLib.lib(SwapBytes32.obj)
                              Math64.obj (symbol from plugin) (SwapBytes32)
/home/uwe/git/ms/iot_core_tx8mmini/mu_platform_nxp/Build/TX8M_MINI_EVK_1GB/RELEASE_GCC5/AARCH64/MdePkg/Library/BaseLib/BaseLib/OUTPUT/BaseLib.lib(SwapBytes16.obj)
                              SwapBytes32.obj (symbol from plugin) (SwapBytes16)
/home/uwe/git/ms/iot_core_tx8mmini/mu_platform_nxp/Build/TX8M_MINI_EVK_1GB/RELEASE_GCC5/AARCH64/MdePkg/Library/BaseMemoryLibOptDxe/BaseMemoryLibOptDxe/OUTPUT/BaseMemoryLibOptDxe.lib(ZeroMemWrapper.obj)
                              ConSplitter.obj (symbol from plugin) (ZeroMem)
/home/uwe/git/ms/iot_core_tx8mmini/mu_platform_nxp/Build/TX8M_MINI_EVK_1GB/RELEASE_GCC5/AARCH64/MdePkg/Library/BaseMemoryLibOptDxe/BaseMemoryLibOptDxe/OUTPUT/BaseMemoryLibOptDxe.lib(SetMemWrapper.obj)
                              ConSplitter.obj (symbol from plugin) (SetMem)
/home/uwe/git/ms/iot_core_tx8mmini/mu_platform_nxp/Build/TX8M_MINI_EVK_1GB/RELEASE_GCC5/AARCH64/MdePkg/Library/BaseMemoryLibOptDxe/BaseMemoryLibOptDxe/OUTPUT/BaseMemoryLibOptDxe.lib(CopyMemWrapper.obj)
                              ConSplitter.obj (symbol from plugin) (CopyMem)
/home/uwe/git/ms/iot_core_tx8mmini/mu_platform_nxp/Build/TX8M_MINI_EVK_1GB/RELEASE_GCC5/AARCH64/MdePkg/Library/BaseMemoryLibOptDxe/BaseMemoryLibOptDxe/OUTPUT/BaseMemoryLibOptDxe.lib(SetMem.obj)
                              ZeroMemWrapper.obj (symbol from plugin) (InternalMemZeroMem)
/home/uwe/git/ms/iot_core_tx8mmini/mu_platform_nxp/Build/TX8M_MINI_EVK_1GB/RELEASE_GCC5/AARCH64/MdePkg/Library/BaseMemoryLibOptDxe/BaseMemoryLibOptDxe/OUTPUT/BaseMemoryLibOptDxe.lib(CopyMem.obj)
                              CopyMemWrapper.obj (symbol from plugin) (InternalMemCopyMem)
/home/uwe/git/ms/iot_core_tx8mmini/mu_platform_nxp/Build/TX8M_MINI_EVK_1GB/RELEASE_GCC5/AARCH64/MdePkg/Library/BaseMemoryLibOptDxe/BaseMemoryLibOptDxe/OUTPUT/BaseMemoryLibOptDxe.lib(SetMem64Wrapper.obj)
                              SetMemWrapper.obj (symbol from plugin) (SetMem64)
/home/uwe/git/ms/iot_core_tx8mmini/mu_platform_nxp/Build/TX8M_MINI_EVK_1GB/RELEASE_GCC5/AARCH64/MdePkg/Library/BaseDebugLibSerialPort/BaseDebugLibSerialPort/OUTPUT/BaseDebugLibSerialPort.lib(DebugLib.obj)
                              AutoGen.obj (symbol from plugin) (BaseDebugLibSerialPortConstructor)
/home/uwe/git/ms/iot_core_tx8mmini/mu_platform_nxp/Build/TX8M_MINI_EVK_1GB/RELEASE_GCC5/AARCH64/ArmPkg/Library/ArmArchTimerLib/ArmArchTimerLib/OUTPUT/ArmArchTimerLib.lib(ArmArchTimerLib.obj)
                              AutoGen.obj (symbol from plugin) (TimerConstructor)
/home/uwe/git/ms/iot_core_tx8mmini/mu_platform_nxp/Build/TX8M_MINI_EVK_1GB/RELEASE_GCC5/AARCH64/MdePkg/Library/UefiBootServicesTableLib/UefiBootServicesTableLib/OUTPUT/UefiBootServicesTableLib.lib(UefiBootServicesTableLib.obj)
                              AutoGen.obj (symbol from plugin) (UefiBootServicesTableLibConstructor)
/home/uwe/git/ms/iot_core_tx8mmini/mu_platform_nxp/Build/TX8M_MINI_EVK_1GB/RELEASE_GCC5/AARCH64/MdePkg/Library/UefiMemoryAllocationLib/UefiMemoryAllocationLib/OUTPUT/UefiMemoryAllocationLib.lib(MemoryAllocationLib.obj)
                              ConSplitter.obj (symbol from plugin) (AllocatePool)
/home/uwe/git/ms/iot_core_tx8mmini/mu_platform_nxp/Build/TX8M_MINI_EVK_1GB/RELEASE_GCC5/AARCH64/MdePkg/Library/UefiRuntimeServicesTableLib/UefiRuntimeServicesTableLib/OUTPUT/UefiRuntimeServicesTableLib.lib(UefiRuntimeServicesTableLib.obj)
                              AutoGen.obj (symbol from plugin) (UefiRuntimeServicesTableLibConstructor)
/home/uwe/git/ms/iot_core_tx8mmini/mu_platform_nxp/Build/TX8M_MINI_EVK_1GB/RELEASE_GCC5/AARCH64/MdePkg/Library/UefiLib/UefiLib/OUTPUT/UefiLib.lib(UefiDriverModel.obj)
                              ConSplitter.obj (symbol from plugin) (EfiLibInstallDriverBindingComponentName2)
/home/uwe/git/ms/iot_core_tx8mmini/mu_platform_nxp/Build/TX8M_MINI_EVK_1GB/RELEASE_GCC5/AARCH64/MdePkg/Library/UefiLib/UefiLib/OUTPUT/UefiLib.lib(UefiLib.obj)
                              ConSplitter.obj (symbol from plugin) (EfiEventEmptyFunction)
/home/uwe/git/ms/iot_core_tx8mmini/mu_platform_nxp/Build/TX8M_MINI_EVK_1GB/RELEASE_GCC5/AARCH64/MdePkg/Library/BaseLib/BaseLib/OUTPUT/BaseLib.lib(DivU64x32Remainder.obj)
                              ArmArchTimerLib.obj (symbol from plugin) (DivU64x32Remainder)
/home/uwe/git/ms/iot_core_tx8mmini/mu_platform_nxp/Build/TX8M_MINI_EVK_1GB/RELEASE_GCC5/AARCH64/MdePkg/Library/BaseLib/BaseLib/OUTPUT/BaseLib.lib(DivU64x32.obj)
                              ArmArchTimerLib.obj (symbol from plugin) (DivU64x32)
/home/uwe/git/ms/iot_core_tx8mmini/mu_platform_nxp/Build/TX8M_MINI_EVK_1GB/RELEASE_GCC5/AARCH64/MdePkg/Library/BaseLib/BaseLib/OUTPUT/BaseLib.lib(String.obj)
                              UefiLib.obj (symbol from plugin) (StrSize)
/home/uwe/git/ms/iot_core_tx8mmini/mu_platform_nxp/Build/TX8M_MINI_EVK_1GB/RELEASE_GCC5/AARCH64/MdePkg/Library/BaseLib/BaseLib/OUTPUT/BaseLib.lib(Unaligned.obj)
                              UefiLib.obj (symbol from plugin) (ReadUnaligned24)
/home/uwe/git/ms/iot_core_tx8mmini/mu_platform_nxp/Build/TX8M_MINI_EVK_1GB/RELEASE_GCC5/AARCH64/MdePkg/Library/BaseLib/BaseLib/OUTPUT/BaseLib.lib(RShiftU64.obj)
                              Unaligned.obj (symbol from plugin) (RShiftU64)
/home/uwe/git/ms/iot_core_tx8mmini/mu_platform_nxp/Build/TX8M_MINI_EVK_1GB/RELEASE_GCC5/AARCH64/MdePkg/Library/BaseLib/BaseLib/OUTPUT/BaseLib.lib(LShiftU64.obj)
                              Unaligned.obj (symbol from plugin) (LShiftU64)
/home/uwe/git/ms/iot_core_tx8mmini/mu_platform_nxp/Build/TX8M_MINI_EVK_1GB/RELEASE_GCC5/AARCH64/MdePkg/Library/BaseLib/BaseLib/OUTPUT/BaseLib.lib(SafeString.obj)
                              String.obj (symbol from plugin) (StrDecimalToUintnS)
/home/uwe/git/ms/iot_core_tx8mmini/mu_platform_nxp/Build/TX8M_MINI_EVK_1GB/RELEASE_GCC5/AARCH64/MdePkg/Library/BaseLib/BaseLib/OUTPUT/BaseLib.lib(MultU64x32.obj)
                              SafeString.obj (symbol from plugin) (MultU64x32)
/home/uwe/git/ms/iot_core_tx8mmini/mu_platform_nxp/Build/TX8M_MINI_EVK_1GB/RELEASE_GCC5/AARCH64/MdePkg/Library/BaseMemoryLibOptDxe/BaseMemoryLibOptDxe/OUTPUT/BaseMemoryLibOptDxe.lib(MemLibGuid.obj)
                              SafeString.obj (symbol from plugin) (CopyGuid)
/home/uwe/git/ms/iot_core_tx8mmini/mu_platform_nxp/Build/TX8M_MINI_EVK_1GB/RELEASE_GCC5/AARCH64/MdePkg/Library/BaseMemoryLibOptDxe/BaseMemoryLibOptDxe/OUTPUT/BaseMemoryLibOptDxe.lib(CompareGuid.obj)
                              MemLibGuid.obj (symbol from plugin) (InternalMemCompareGuid)
/home/uwe/git/ms/iot_core_tx8mmini/mu_platform_nxp/Build/TX8M_MINI_EVK_1GB/RELEASE_GCC5/AARCH64/ArmPkg/Library/ArmLib/ArmBaseLib/OUTPUT/ArmBaseLib.lib(AArch64Support.obj)
                              ArmArchTimerLib.obj (symbol from plugin) (ArmIsArchTimerImplemented)
/home/uwe/git/ms/iot_core_tx8mmini/mu_platform_nxp/Build/TX8M_MINI_EVK_1GB/RELEASE_GCC5/AARCH64/MdePkg/Library/BaseDebugPrintErrorLevelLib/BaseDebugPrintErrorLevelLib/OUTPUT/BaseDebugPrintErrorLevelLib.lib(BaseDebugPrintErrorLevelLib.obj)
                              DebugLib.obj (symbol from plugin) (GetDebugPrintErrorLevel)
/home/uwe/git/ms/iot_core_tx8mmini/mu_platform_nxp/Build/TX8M_MINI_EVK_1GB/RELEASE_GCC5/AARCH64/MdePkg/Library/BasePrintLib/BasePrintLib/OUTPUT/BasePrintLib.lib(PrintLib.obj)
                              DebugLib.obj (symbol from plugin) (AsciiVSPrint)
/home/uwe/git/ms/iot_core_tx8mmini/mu_platform_nxp/Build/TX8M_MINI_EVK_1GB/RELEASE_GCC5/AARCH64/MdePkg/Library/BasePrintLib/BasePrintLib/OUTPUT/BasePrintLib.lib(PrintLibInternal.obj)
                              PrintLib.obj (symbol from plugin) (BasePrintLibConvertValueToString)
/home/uwe/git/ms/iot_core_tx8mmini/mu_platform_nxp/Build/TX8M_MINI_EVK_1GB/RELEASE_GCC5/AARCH64/iMXPlatformPkg/Library/UartSerialPortLib/UartSerialPortLib/OUTPUT/SerialPortLib.lib(UartSerialPortLib.obj)
                              DebugLib.obj (symbol from plugin) (SerialPortInitialize)
/home/uwe/git/ms/iot_core_tx8mmini/mu_platform_nxp/Build/TX8M_MINI_EVK_1GB/RELEASE_GCC5/AARCH64/ArmPkg/Library/ArmGenericTimerPhyCounterLib/ArmGenericTimerPhyCounterLib/OUTPUT/ArmGenericTimerPhyCounterLib.lib(ArmGenericTimerPhyCounterLib.obj)
                              ArmArchTimerLib.obj (symbol from plugin) (ArmGenericTimerGetTimerFreq)
/home/uwe/git/ms/iot_core_tx8mmini/mu_platform_nxp/Build/TX8M_MINI_EVK_1GB/RELEASE_GCC5/AARCH64/MdePkg/Library/UefiDevicePathLib/UefiDevicePathLib/OUTPUT/UefiDevicePathLib.lib(DevicePathUtilities.obj)
                              UefiLib.obj (symbol from plugin) (DevicePathType)
/home/uwe/git/ms/iot_core_tx8mmini/mu_platform_nxp/Build/TX8M_MINI_EVK_1GB/RELEASE_GCC5/AARCH64/MdePkg/Library/UefiDevicePathLib/UefiDevicePathLib/OUTPUT/UefiDevicePathLib.lib(UefiDevicePathLib.obj)
                              DevicePathUtilities.obj (symbol from plugin) (GetDevicePathSize)
/home/uwe/git/ms/iot_core_tx8mmini/mu_platform_nxp/Build/TX8M_MINI_EVK_1GB/RELEASE_GCC5/AARCH64/MdePkg/Library/UefiDevicePathLib/UefiDevicePathLib/OUTPUT/UefiDevicePathLib.lib(DevicePathToText.obj)
                              UefiDevicePathLib.obj (symbol from plugin) (UefiDevicePathLibConvertDeviceNodeToText)
/home/uwe/git/ms/iot_core_tx8mmini/mu_platform_nxp/Build/TX8M_MINI_EVK_1GB/RELEASE_GCC5/AARCH64/MdePkg/Library/UefiDevicePathLib/UefiDevicePathLib/OUTPUT/UefiDevicePathLib.lib(DevicePathFromText.obj)
                              UefiDevicePathLib.obj (symbol from plugin) (UefiDevicePathLibConvertTextToDeviceNode)
/home/uwe/git/ms/iot_core_tx8mmini/mu_platform_nxp/Build/TX8M_MINI_EVK_1GB/RELEASE_GCC5/AARCH64/MdePkg/Library/BaseLib/BaseLib/OUTPUT/BaseLib.lib(SwapBytes64.obj)
                              DevicePathFromText.obj (symbol from plugin) (SwapBytes64)
/home/uwe/git/ms/iot_core_tx8mmini/mu_platform_nxp/Build/TX8M_MINI_EVK_1GB/RELEASE_GCC5/AARCH64/ArmPkg/Library/ArmLib/ArmBaseLib/OUTPUT/ArmBaseLib.lib(AArch64ArchTimerSupport.obj)
                              ArmGenericTimerPhyCounterLib.obj (symbol from plugin) (ArmReadCntFrq)
/home/uwe/git/ms/iot_core_tx8mmini/mu_platform_nxp/Build/TX8M_MINI_EVK_1GB/RELEASE_GCC5/AARCH64/MdePkg/Library/BaseIoLibIntrinsic/BaseIoLibIntrinsic/OUTPUT/BaseIoLibIntrinsic.lib(IoLibArm.obj)
                              UartSerialPortLib.obj (symbol from plugin) (MmioRead32)

Discarded input sections

 .text          0x0000000000000000       0x10 /home/uwe/git/ms/iot_core_tx8mmini/mu_platform_nxp/Silicon/ARM/MU_TIANO/ArmPkg/Library/GccLto/liblto-aarch64.a
 .data          0x0000000000000000        0x0 /home/uwe/git/ms/iot_core_tx8mmini/mu_platform_nxp/Silicon/ARM/MU_TIANO/ArmPkg/Library/GccLto/liblto-aarch64.a
 .bss           0x0000000000000000        0x0 /home/uwe/git/ms/iot_core_tx8mmini/mu_platform_nxp/Silicon/ARM/MU_TIANO/ArmPkg/Library/GccLto/liblto-aarch64.a
 .text          0x0000000000000000        0x0 /tmp/cc7g8NZF.ltrans0.ltrans.o
 .data          0x0000000000000000        0x0 /tmp/cc7g8NZF.ltrans0.ltrans.o
 .bss           0x0000000000000000        0x0 /tmp/cc7g8NZF.ltrans0.ltrans.o
 .text._DriverUnloadHandler
                0x0000000000000000        0x8 /tmp/cc7g8NZF.ltrans0.ltrans.o
 .text.__stack_chk_fail
                0x0000000000000000       0x18 /tmp/cc7g8NZF.ltrans0.ltrans.o
 .text.__memset
                0x0000000000000000       0x1c /tmp/cc7g8NZF.ltrans0.ltrans.o
 .text.memcpy   0x0000000000000000       0x20 /tmp/cc7g8NZF.ltrans0.ltrans.o
 .data.__stack_chk_guard
                0x0000000000000000        0x8 /tmp/cc7g8NZF.ltrans0.ltrans.o
 .comment       0x0000000000000000       0x2e /tmp/cc7g8NZF.ltrans0.ltrans.o
 .note.GNU-stack
                0x0000000000000000        0x0 /tmp/cc7g8NZF.ltrans0.ltrans.o
 .text          0x0000000000000000        0x0 DriverEntryPoint.obj (symbol from plugin)
 .text          0x0000000000000000        0x0 memcpy.obj (symbol from plugin)
 .text          0x0000000000000000        0x0 memset.obj (symbol from plugin)
 .text          0x0000000000000000        0x0 BaseStackCheckGcc.obj (symbol from plugin)
 .text          0x0000000000000000        0x0 AutoGen.obj (symbol from plugin)
 .text          0x0000000000000000        0x0 ConSplitter.obj (symbol from plugin)
 .text          0x0000000000000000        0x0 ConSplitterGraphics.obj (symbol from plugin)
 .text          0x0000000000000000        0x0 ComponentName.obj (symbol from plugin)
 .text          0x0000000000000000        0x0 MultU64x64.obj (symbol from plugin)
 .text          0x0000000000000000        0x0 DivU64x64Remainder.obj (symbol from plugin)
 .text          0x0000000000000000        0x0 CpuDeadLoop.obj (symbol from plugin)
 .text          0x0000000000000000        0x0 LinkedList.obj (symbol from plugin)
 .text          0x0000000000000000        0x0 Math64.obj (symbol from plugin)
 .text          0x0000000000000000        0x8 /home/uwe/git/ms/iot_core_tx8mmini/mu_platform_nxp/Build/TX8M_MINI_EVK_1GB/RELEASE_GCC5/AARCH64/MdePkg/Library/BaseLib/BaseLib/OUTPUT/BaseLib.lib(CpuBreakpoint.obj)
 .data          0x0000000000000000        0x0 /home/uwe/git/ms/iot_core_tx8mmini/mu_platform_nxp/Build/TX8M_MINI_EVK_1GB/RELEASE_GCC5/AARCH64/MdePkg/Library/BaseLib/BaseLib/OUTPUT/BaseLib.lib(CpuBreakpoint.obj)
 .bss           0x0000000000000000        0x0 /home/uwe/git/ms/iot_core_tx8mmini/mu_platform_nxp/Build/TX8M_MINI_EVK_1GB/RELEASE_GCC5/AARCH64/MdePkg/Library/BaseLib/BaseLib/OUTPUT/BaseLib.lib(CpuBreakpoint.obj)
 .text          0x0000000000000000        0x0 SwapBytes32.obj (symbol from plugin)
 .text          0x0000000000000000        0x0 SwapBytes16.obj (symbol from plugin)
 .text          0x0000000000000000        0x0 ZeroMemWrapper.obj (symbol from plugin)
 .text          0x0000000000000000        0x0 SetMemWrapper.obj (symbol from plugin)
 .text          0x0000000000000000        0x0 CopyMemWrapper.obj (symbol from plugin)
 .data          0x0000000000000000        0x0 /home/uwe/git/ms/iot_core_tx8mmini/mu_platform_nxp/Build/TX8M_MINI_EVK_1GB/RELEASE_GCC5/AARCH64/MdePkg/Library/BaseMemoryLibOptDxe/BaseMemoryLibOptDxe/OUTPUT/BaseMemoryLibOptDxe.lib(SetMem.obj)
 .bss           0x0000000000000000        0x0 /home/uwe/git/ms/iot_core_tx8mmini/mu_platform_nxp/Build/TX8M_MINI_EVK_1GB/RELEASE_GCC5/AARCH64/MdePkg/Library/BaseMemoryLibOptDxe/BaseMemoryLibOptDxe/OUTPUT/BaseMemoryLibOptDxe.lib(SetMem.obj)
 .data          0x0000000000000000        0x0 /home/uwe/git/ms/iot_core_tx8mmini/mu_platform_nxp/Build/TX8M_MINI_EVK_1GB/RELEASE_GCC5/AARCH64/MdePkg/Library/BaseMemoryLibOptDxe/BaseMemoryLibOptDxe/OUTPUT/BaseMemoryLibOptDxe.lib(CopyMem.obj)
 .bss           0x0000000000000000        0x0 /home/uwe/git/ms/iot_core_tx8mmini/mu_platform_nxp/Build/TX8M_MINI_EVK_1GB/RELEASE_GCC5/AARCH64/MdePkg/Library/BaseMemoryLibOptDxe/BaseMemoryLibOptDxe/OUTPUT/BaseMemoryLibOptDxe.lib(CopyMem.obj)
 .text          0x0000000000000000        0x0 SetMem64Wrapper.obj (symbol from plugin)
 .text          0x0000000000000000        0x0 DebugLib.obj (symbol from plugin)
 .text          0x0000000000000000        0x0 ArmArchTimerLib.obj (symbol from plugin)
 .text          0x0000000000000000        0x0 UefiBootServicesTableLib.obj (symbol from plugin)
 .text          0x0000000000000000        0x0 MemoryAllocationLib.obj (symbol from plugin)
 .text          0x0000000000000000        0x0 UefiRuntimeServicesTableLib.obj (symbol from plugin)
 .text          0x0000000000000000        0x0 UefiDriverModel.obj (symbol from plugin)
 .text          0x0000000000000000        0x0 UefiLib.obj (symbol from plugin)
 .text          0x0000000000000000        0x0 DivU64x32Remainder.obj (symbol from plugin)
 .text          0x0000000000000000        0x0 DivU64x32.obj (symbol from plugin)
 .text          0x0000000000000000        0x0 String.obj (symbol from plugin)
 .text          0x0000000000000000        0x0 Unaligned.obj (symbol from plugin)
 .text          0x0000000000000000        0x0 RShiftU64.obj (symbol from plugin)
 .text          0x0000000000000000        0x0 LShiftU64.obj (symbol from plugin)
 .text          0x0000000000000000        0x0 SafeString.obj (symbol from plugin)
 .text          0x0000000000000000        0x0 MultU64x32.obj (symbol from plugin)
 .text          0x0000000000000000        0x0 MemLibGuid.obj (symbol from plugin)
 .text          0x0000000000000000       0x20 /home/uwe/git/ms/iot_core_tx8mmini/mu_platform_nxp/Build/TX8M_MINI_EVK_1GB/RELEASE_GCC5/AARCH64/MdePkg/Library/BaseMemoryLibOptDxe/BaseMemoryLibOptDxe/OUTPUT/BaseMemoryLibOptDxe.lib(CompareGuid.obj)
 .data          0x0000000000000000        0x0 /home/uwe/git/ms/iot_core_tx8mmini/mu_platform_nxp/Build/TX8M_MINI_EVK_1GB/RELEASE_GCC5/AARCH64/MdePkg/Library/BaseMemoryLibOptDxe/BaseMemoryLibOptDxe/OUTPUT/BaseMemoryLibOptDxe.lib(CompareGuid.obj)
 .bss           0x0000000000000000        0x0 /home/uwe/git/ms/iot_core_tx8mmini/mu_platform_nxp/Build/TX8M_MINI_EVK_1GB/RELEASE_GCC5/AARCH64/MdePkg/Library/BaseMemoryLibOptDxe/BaseMemoryLibOptDxe/OUTPUT/BaseMemoryLibOptDxe.lib(CompareGuid.obj)
 .text          0x0000000000000000        0x0 /home/uwe/git/ms/iot_core_tx8mmini/mu_platform_nxp/Build/TX8M_MINI_EVK_1GB/RELEASE_GCC5/AARCH64/ArmPkg/Library/ArmLib/ArmBaseLib/OUTPUT/ArmBaseLib.lib(AArch64Support.obj)
 .data          0x0000000000000000        0x0 /home/uwe/git/ms/iot_core_tx8mmini/mu_platform_nxp/Build/TX8M_MINI_EVK_1GB/RELEASE_GCC5/AARCH64/ArmPkg/Library/ArmLib/ArmBaseLib/OUTPUT/ArmBaseLib.lib(AArch64Support.obj)
 .bss           0x0000000000000000        0x0 /home/uwe/git/ms/iot_core_tx8mmini/mu_platform_nxp/Build/TX8M_MINI_EVK_1GB/RELEASE_GCC5/AARCH64/ArmPkg/Library/ArmLib/ArmBaseLib/OUTPUT/ArmBaseLib.lib(AArch64Support.obj)
 .text.ArmInvalidateDataCacheEntryByMVA
                0x0000000000000000        0x8 /home/uwe/git/ms/iot_core_tx8mmini/mu_platform_nxp/Build/TX8M_MINI_EVK_1GB/RELEASE_GCC5/AARCH64/ArmPkg/Library/ArmLib/ArmBaseLib/OUTPUT/ArmBaseLib.lib(AArch64Support.obj)
 .text.ArmCleanDataCacheEntryByMVA
                0x0000000000000000        0x8 /home/uwe/git/ms/iot_core_tx8mmini/mu_platform_nxp/Build/TX8M_MINI_EVK_1GB/RELEASE_GCC5/AARCH64/ArmPkg/Library/ArmLib/ArmBaseLib/OUTPUT/ArmBaseLib.lib(AArch64Support.obj)
 .text.ArmCleanDataCacheEntryToPoUByMVA
                0x0000000000000000        0x8 /home/uwe/git/ms/iot_core_tx8mmini/mu_platform_nxp/Build/TX8M_MINI_EVK_1GB/RELEASE_GCC5/AARCH64/ArmPkg/Library/ArmLib/ArmBaseLib/OUTPUT/ArmBaseLib.lib(AArch64Support.obj)
 .text.ArmInvalidateInstructionCacheEntryToPoUByMVA
                0x0000000000000000        0x8 /home/uwe/git/ms/iot_core_tx8mmini/mu_platform_nxp/Build/TX8M_MINI_EVK_1GB/RELEASE_GCC5/AARCH64/ArmPkg/Library/ArmLib/ArmBaseLib/OUTPUT/ArmBaseLib.lib(AArch64Support.obj)
 .text.ArmCleanInvalidateDataCacheEntryByMVA
                0x0000000000000000        0x8 /home/uwe/git/ms/iot_core_tx8mmini/mu_platform_nxp/Build/TX8M_MINI_EVK_1GB/RELEASE_GCC5/AARCH64/ArmPkg/Library/ArmLib/ArmBaseLib/OUTPUT/ArmBaseLib.lib(AArch64Support.obj)
 .text.ArmInvalidateDataCacheEntryBySetWay
                0x0000000000000000        0x8 /home/uwe/git/ms/iot_core_tx8mmini/mu_platform_nxp/Build/TX8M_MINI_EVK_1GB/RELEASE_GCC5/AARCH64/ArmPkg/Library/ArmLib/ArmBaseLib/OUTPUT/ArmBaseLib.lib(AArch64Support.obj)
 .text.ArmCleanInvalidateDataCacheEntryBySetWay
                0x0000000000000000        0x8 /home/uwe/git/ms/iot_core_tx8mmini/mu_platform_nxp/Build/TX8M_MINI_EVK_1GB/RELEASE_GCC5/AARCH64/ArmPkg/Library/ArmLib/ArmBaseLib/OUTPUT/ArmBaseLib.lib(AArch64Support.obj)
 .text.ArmCleanDataCacheEntryBySetWay
                0x0000000000000000        0x8 /home/uwe/git/ms/iot_core_tx8mmini/mu_platform_nxp/Build/TX8M_MINI_EVK_1GB/RELEASE_GCC5/AARCH64/ArmPkg/Library/ArmLib/ArmBaseLib/OUTPUT/ArmBaseLib.lib(AArch64Support.obj)
 .text.ArmInvalidateInstructionCache
                0x0000000000000000       0x10 /home/uwe/git/ms/iot_core_tx8mmini/mu_platform_nxp/Build/TX8M_MINI_EVK_1GB/RELEASE_GCC5/AARCH64/ArmPkg/Library/ArmLib/ArmBaseLib/OUTPUT/ArmBaseLib.lib(AArch64Support.obj)
 .text.ArmEnableMmu
                0x0000000000000000       0x88 /home/uwe/git/ms/iot_core_tx8mmini/mu_platform_nxp/Build/TX8M_MINI_EVK_1GB/RELEASE_GCC5/AARCH64/ArmPkg/Library/ArmLib/ArmBaseLib/OUTPUT/ArmBaseLib.lib(AArch64Support.obj)
 .text.ArmDisableMmu
                0x0000000000000000       0x74 /home/uwe/git/ms/iot_core_tx8mmini/mu_platform_nxp/Build/TX8M_MINI_EVK_1GB/RELEASE_GCC5/AARCH64/ArmPkg/Library/ArmLib/ArmBaseLib/OUTPUT/ArmBaseLib.lib(AArch64Support.obj)
 .text.ArmDisableCachesAndMmu
                0x0000000000000000       0x6c /home/uwe/git/ms/iot_core_tx8mmini/mu_platform_nxp/Build/TX8M_MINI_EVK_1GB/RELEASE_GCC5/AARCH64/ArmPkg/Library/ArmLib/ArmBaseLib/OUTPUT/ArmBaseLib.lib(AArch64Support.obj)
 .text.ArmMmuEnabled
                0x0000000000000000       0x34 /home/uwe/git/ms/iot_core_tx8mmini/mu_platform_nxp/Build/TX8M_MINI_EVK_1GB/RELEASE_GCC5/AARCH64/ArmPkg/Library/ArmLib/ArmBaseLib/OUTPUT/ArmBaseLib.lib(AArch64Support.obj)
 .text.ArmEnableDataCache
                0x0000000000000000       0x68 /home/uwe/git/ms/iot_core_tx8mmini/mu_platform_nxp/Build/TX8M_MINI_EVK_1GB/RELEASE_GCC5/AARCH64/ArmPkg/Library/ArmLib/ArmBaseLib/OUTPUT/ArmBaseLib.lib(AArch64Support.obj)
 .text.ArmDisableDataCache
                0x0000000000000000       0x68 /home/uwe/git/ms/iot_core_tx8mmini/mu_platform_nxp/Build/TX8M_MINI_EVK_1GB/RELEASE_GCC5/AARCH64/ArmPkg/Library/ArmLib/ArmBaseLib/OUTPUT/ArmBaseLib.lib(AArch64Support.obj)
 .text.ArmEnableInstructionCache
                0x0000000000000000       0x68 /home/uwe/git/ms/iot_core_tx8mmini/mu_platform_nxp/Build/TX8M_MINI_EVK_1GB/RELEASE_GCC5/AARCH64/ArmPkg/Library/ArmLib/ArmBaseLib/OUTPUT/ArmBaseLib.lib(AArch64Support.obj)
 .text.ArmDisableInstructionCache
                0x0000000000000000       0x68 /home/uwe/git/ms/iot_core_tx8mmini/mu_platform_nxp/Build/TX8M_MINI_EVK_1GB/RELEASE_GCC5/AARCH64/ArmPkg/Library/ArmLib/ArmBaseLib/OUTPUT/ArmBaseLib.lib(AArch64Support.obj)
 .text.ArmEnableAlignmentCheck
                0x0000000000000000       0x58 /home/uwe/git/ms/iot_core_tx8mmini/mu_platform_nxp/Build/TX8M_MINI_EVK_1GB/RELEASE_GCC5/AARCH64/ArmPkg/Library/ArmLib/ArmBaseLib/OUTPUT/ArmBaseLib.lib(AArch64Support.obj)
 .text.ArmDisableAlignmentCheck
                0x0000000000000000       0x68 /home/uwe/git/ms/iot_core_tx8mmini/mu_platform_nxp/Build/TX8M_MINI_EVK_1GB/RELEASE_GCC5/AARCH64/ArmPkg/Library/ArmLib/ArmBaseLib/OUTPUT/ArmBaseLib.lib(AArch64Support.obj)
 .text.ArmEnableStackAlignmentCheck
                0x0000000000000000       0x58 /home/uwe/git/ms/iot_core_tx8mmini/mu_platform_nxp/Build/TX8M_MINI_EVK_1GB/RELEASE_GCC5/AARCH64/ArmPkg/Library/ArmLib/ArmBaseLib/OUTPUT/ArmBaseLib.lib(AArch64Support.obj)
 .text.ArmDisableStackAlignmentCheck
                0x0000000000000000       0x68 /home/uwe/git/ms/iot_core_tx8mmini/mu_platform_nxp/Build/TX8M_MINI_EVK_1GB/RELEASE_GCC5/AARCH64/ArmPkg/Library/ArmLib/ArmBaseLib/OUTPUT/ArmBaseLib.lib(AArch64Support.obj)
 .text.ArmEnableBranchPrediction
                0x0000000000000000        0x4 /home/uwe/git/ms/iot_core_tx8mmini/mu_platform_nxp/Build/TX8M_MINI_EVK_1GB/RELEASE_GCC5/AARCH64/ArmPkg/Library/ArmLib/ArmBaseLib/OUTPUT/ArmBaseLib.lib(AArch64Support.obj)
 .text.ArmDisableBranchPrediction
                0x0000000000000000        0x4 /home/uwe/git/ms/iot_core_tx8mmini/mu_platform_nxp/Build/TX8M_MINI_EVK_1GB/RELEASE_GCC5/AARCH64/ArmPkg/Library/ArmLib/ArmBaseLib/OUTPUT/ArmBaseLib.lib(AArch64Support.obj)
 .text.AArch64AllDataCachesOperation
                0x0000000000000000       0xa8 /home/uwe/git/ms/iot_core_tx8mmini/mu_platform_nxp/Build/TX8M_MINI_EVK_1GB/RELEASE_GCC5/AARCH64/ArmPkg/Library/ArmLib/ArmBaseLib/OUTPUT/ArmBaseLib.lib(AArch64Support.obj)
 .text.ArmDataMemoryBarrier
                0x0000000000000000        0x8 /home/uwe/git/ms/iot_core_tx8mmini/mu_platform_nxp/Build/TX8M_MINI_EVK_1GB/RELEASE_GCC5/AARCH64/ArmPkg/Library/ArmLib/ArmBaseLib/OUTPUT/ArmBaseLib.lib(AArch64Support.obj)
 .text.ArmDataSynchronizationBarrier
                0x0000000000000000        0x8 /home/uwe/git/ms/iot_core_tx8mmini/mu_platform_nxp/Build/TX8M_MINI_EVK_1GB/RELEASE_GCC5/AARCH64/ArmPkg/Library/ArmLib/ArmBaseLib/OUTPUT/ArmBaseLib.lib(AArch64Support.obj)
 .text.ArmInstructionSynchronizationBarrier
                0x0000000000000000        0x8 /home/uwe/git/ms/iot_core_tx8mmini/mu_platform_nxp/Build/TX8M_MINI_EVK_1GB/RELEASE_GCC5/AARCH64/ArmPkg/Library/ArmLib/ArmBaseLib/OUTPUT/ArmBaseLib.lib(AArch64Support.obj)
 .text.ArmWriteVBar
                0x0000000000000000       0x34 /home/uwe/git/ms/iot_core_tx8mmini/mu_platform_nxp/Build/TX8M_MINI_EVK_1GB/RELEASE_GCC5/AARCH64/ArmPkg/Library/ArmLib/ArmBaseLib/OUTPUT/ArmBaseLib.lib(AArch64Support.obj)
 .text.ArmReadVBar
                0x0000000000000000       0x30 /home/uwe/git/ms/iot_core_tx8mmini/mu_platform_nxp/Build/TX8M_MINI_EVK_1GB/RELEASE_GCC5/AARCH64/ArmPkg/Library/ArmLib/ArmBaseLib/OUTPUT/ArmBaseLib.lib(AArch64Support.obj)
 .text.ArmEnableVFP
                0x0000000000000000       0x64 /home/uwe/git/ms/iot_core_tx8mmini/mu_platform_nxp/Build/TX8M_MINI_EVK_1GB/RELEASE_GCC5/AARCH64/ArmPkg/Library/ArmLib/ArmBaseLib/OUTPUT/ArmBaseLib.lib(AArch64Support.obj)
 .text.ArmCallWFI
                0x0000000000000000        0x8 /home/uwe/git/ms/iot_core_tx8mmini/mu_platform_nxp/Build/TX8M_MINI_EVK_1GB/RELEASE_GCC5/AARCH64/ArmPkg/Library/ArmLib/ArmBaseLib/OUTPUT/ArmBaseLib.lib(AArch64Support.obj)
 .text.ArmReadMpidr
                0x0000000000000000        0x8 /home/uwe/git/ms/iot_core_tx8mmini/mu_platform_nxp/Build/TX8M_MINI_EVK_1GB/RELEASE_GCC5/AARCH64/ArmPkg/Library/ArmLib/ArmBaseLib/OUTPUT/ArmBaseLib.lib(AArch64Support.obj)
 .text.ArmReadTpidrurw
                0x0000000000000000        0x8 /home/uwe/git/ms/iot_core_tx8mmini/mu_platform_nxp/Build/TX8M_MINI_EVK_1GB/RELEASE_GCC5/AARCH64/ArmPkg/Library/ArmLib/ArmBaseLib/OUTPUT/ArmBaseLib.lib(AArch64Support.obj)
 .text.ArmWriteTpidrurw
                0x0000000000000000        0x8 /home/uwe/git/ms/iot_core_tx8mmini/mu_platform_nxp/Build/TX8M_MINI_EVK_1GB/RELEASE_GCC5/AARCH64/ArmPkg/Library/ArmLib/ArmBaseLib/OUTPUT/ArmBaseLib.lib(AArch64Support.obj)
 .text.ArmReadIdPfr0
                0x0000000000000000        0x8 /home/uwe/git/ms/iot_core_tx8mmini/mu_platform_nxp/Build/TX8M_MINI_EVK_1GB/RELEASE_GCC5/AARCH64/ArmPkg/Library/ArmLib/ArmBaseLib/OUTPUT/ArmBaseLib.lib(AArch64Support.obj)
 .text.ArmReadIdPfr1
                0x0000000000000000        0x8 /home/uwe/git/ms/iot_core_tx8mmini/mu_platform_nxp/Build/TX8M_MINI_EVK_1GB/RELEASE_GCC5/AARCH64/ArmPkg/Library/ArmLib/ArmBaseLib/OUTPUT/ArmBaseLib.lib(AArch64Support.obj)
 .text.ArmWriteHcr
                0x0000000000000000        0x8 /home/uwe/git/ms/iot_core_tx8mmini/mu_platform_nxp/Build/TX8M_MINI_EVK_1GB/RELEASE_GCC5/AARCH64/ArmPkg/Library/ArmLib/ArmBaseLib/OUTPUT/ArmBaseLib.lib(AArch64Support.obj)
 .text.ArmReadHcr
                0x0000000000000000        0x8 /home/uwe/git/ms/iot_core_tx8mmini/mu_platform_nxp/Build/TX8M_MINI_EVK_1GB/RELEASE_GCC5/AARCH64/ArmPkg/Library/ArmLib/ArmBaseLib/OUTPUT/ArmBaseLib.lib(AArch64Support.obj)
 .text.ArmReadCurrentEL
                0x0000000000000000        0x8 /home/uwe/git/ms/iot_core_tx8mmini/mu_platform_nxp/Build/TX8M_MINI_EVK_1GB/RELEASE_GCC5/AARCH64/ArmPkg/Library/ArmLib/ArmBaseLib/OUTPUT/ArmBaseLib.lib(AArch64Support.obj)
 .text.ArmReadCntHctl
                0x0000000000000000        0x8 /home/uwe/git/ms/iot_core_tx8mmini/mu_platform_nxp/Build/TX8M_MINI_EVK_1GB/RELEASE_GCC5/AARCH64/ArmPkg/Library/ArmLib/ArmBaseLib/OUTPUT/ArmBaseLib.lib(AArch64Support.obj)
 .text.ArmWriteCntHctl
                0x0000000000000000        0x8 /home/uwe/git/ms/iot_core_tx8mmini/mu_platform_nxp/Build/TX8M_MINI_EVK_1GB/RELEASE_GCC5/AARCH64/ArmPkg/Library/ArmLib/ArmBaseLib/OUTPUT/ArmBaseLib.lib(AArch64Support.obj)
 .text          0x0000000000000000        0x0 BaseDebugPrintErrorLevelLib.obj (symbol from plugin)
 .text          0x0000000000000000        0x0 PrintLib.obj (symbol from plugin)
 .text          0x0000000000000000        0x0 PrintLibInternal.obj (symbol from plugin)
 .text          0x0000000000000000        0x0 UartSerialPortLib.obj (symbol from plugin)
 .text          0x0000000000000000        0x0 ArmGenericTimerPhyCounterLib.obj (symbol from plugin)
 .text          0x0000000000000000        0x0 DevicePathUtilities.obj (symbol from plugin)
 .text          0x0000000000000000        0x0 UefiDevicePathLib.obj (symbol from plugin)
 .text          0x0000000000000000        0x0 DevicePathToText.obj (symbol from plugin)
 .text          0x0000000000000000        0x0 DevicePathFromText.obj (symbol from plugin)
 .text          0x0000000000000000        0x0 SwapBytes64.obj (symbol from plugin)
 .text          0x0000000000000000        0x0 /home/uwe/git/ms/iot_core_tx8mmini/mu_platform_nxp/Build/TX8M_MINI_EVK_1GB/RELEASE_GCC5/AARCH64/ArmPkg/Library/ArmLib/ArmBaseLib/OUTPUT/ArmBaseLib.lib(AArch64ArchTimerSupport.obj)
 .data          0x0000000000000000        0x0 /home/uwe/git/ms/iot_core_tx8mmini/mu_platform_nxp/Build/TX8M_MINI_EVK_1GB/RELEASE_GCC5/AARCH64/ArmPkg/Library/ArmLib/ArmBaseLib/OUTPUT/ArmBaseLib.lib(AArch64ArchTimerSupport.obj)
 .bss           0x0000000000000000        0x0 /home/uwe/git/ms/iot_core_tx8mmini/mu_platform_nxp/Build/TX8M_MINI_EVK_1GB/RELEASE_GCC5/AARCH64/ArmPkg/Library/ArmLib/ArmBaseLib/OUTPUT/ArmBaseLib.lib(AArch64ArchTimerSupport.obj)
 .text.ArmReadCntFrq
                0x0000000000000000        0x8 /home/uwe/git/ms/iot_core_tx8mmini/mu_platform_nxp/Build/TX8M_MINI_EVK_1GB/RELEASE_GCC5/AARCH64/ArmPkg/Library/ArmLib/ArmBaseLib/OUTPUT/ArmBaseLib.lib(AArch64ArchTimerSupport.obj)
 .text.ArmWriteCntFrq
                0x0000000000000000        0x8 /home/uwe/git/ms/iot_core_tx8mmini/mu_platform_nxp/Build/TX8M_MINI_EVK_1GB/RELEASE_GCC5/AARCH64/ArmPkg/Library/ArmLib/ArmBaseLib/OUTPUT/ArmBaseLib.lib(AArch64ArchTimerSupport.obj)
 .text.ArmReadCntPct
                0x0000000000000000        0x8 /home/uwe/git/ms/iot_core_tx8mmini/mu_platform_nxp/Build/TX8M_MINI_EVK_1GB/RELEASE_GCC5/AARCH64/ArmPkg/Library/ArmLib/ArmBaseLib/OUTPUT/ArmBaseLib.lib(AArch64ArchTimerSupport.obj)
 .text.ArmReadCntkCtl
                0x0000000000000000        0x8 /home/uwe/git/ms/iot_core_tx8mmini/mu_platform_nxp/Build/TX8M_MINI_EVK_1GB/RELEASE_GCC5/AARCH64/ArmPkg/Library/ArmLib/ArmBaseLib/OUTPUT/ArmBaseLib.lib(AArch64ArchTimerSupport.obj)
 .text.ArmWriteCntkCtl
                0x0000000000000000        0x8 /home/uwe/git/ms/iot_core_tx8mmini/mu_platform_nxp/Build/TX8M_MINI_EVK_1GB/RELEASE_GCC5/AARCH64/ArmPkg/Library/ArmLib/ArmBaseLib/OUTPUT/ArmBaseLib.lib(AArch64ArchTimerSupport.obj)
 .text.ArmReadCntpTval
                0x0000000000000000        0x8 /home/uwe/git/ms/iot_core_tx8mmini/mu_platform_nxp/Build/TX8M_MINI_EVK_1GB/RELEASE_GCC5/AARCH64/ArmPkg/Library/ArmLib/ArmBaseLib/OUTPUT/ArmBaseLib.lib(AArch64ArchTimerSupport.obj)
 .text.ArmWriteCntpTval
                0x0000000000000000        0x8 /home/uwe/git/ms/iot_core_tx8mmini/mu_platform_nxp/Build/TX8M_MINI_EVK_1GB/RELEASE_GCC5/AARCH64/ArmPkg/Library/ArmLib/ArmBaseLib/OUTPUT/ArmBaseLib.lib(AArch64ArchTimerSupport.obj)
 .text.ArmReadCntpCtl
                0x0000000000000000        0x8 /home/uwe/git/ms/iot_core_tx8mmini/mu_platform_nxp/Build/TX8M_MINI_EVK_1GB/RELEASE_GCC5/AARCH64/ArmPkg/Library/ArmLib/ArmBaseLib/OUTPUT/ArmBaseLib.lib(AArch64ArchTimerSupport.obj)
 .text.ArmWriteCntpCtl
                0x0000000000000000        0x8 /home/uwe/git/ms/iot_core_tx8mmini/mu_platform_nxp/Build/TX8M_MINI_EVK_1GB/RELEASE_GCC5/AARCH64/ArmPkg/Library/ArmLib/ArmBaseLib/OUTPUT/ArmBaseLib.lib(AArch64ArchTimerSupport.obj)
 .text.ArmReadCntvTval
                0x0000000000000000        0x8 /home/uwe/git/ms/iot_core_tx8mmini/mu_platform_nxp/Build/TX8M_MINI_EVK_1GB/RELEASE_GCC5/AARCH64/ArmPkg/Library/ArmLib/ArmBaseLib/OUTPUT/ArmBaseLib.lib(AArch64ArchTimerSupport.obj)
 .text.ArmWriteCntvTval
                0x0000000000000000        0x8 /home/uwe/git/ms/iot_core_tx8mmini/mu_platform_nxp/Build/TX8M_MINI_EVK_1GB/RELEASE_GCC5/AARCH64/ArmPkg/Library/ArmLib/ArmBaseLib/OUTPUT/ArmBaseLib.lib(AArch64ArchTimerSupport.obj)
 .text.ArmReadCntvCtl
                0x0000000000000000        0x8 /home/uwe/git/ms/iot_core_tx8mmini/mu_platform_nxp/Build/TX8M_MINI_EVK_1GB/RELEASE_GCC5/AARCH64/ArmPkg/Library/ArmLib/ArmBaseLib/OUTPUT/ArmBaseLib.lib(AArch64ArchTimerSupport.obj)
 .text.ArmWriteCntvCtl
                0x0000000000000000        0x8 /home/uwe/git/ms/iot_core_tx8mmini/mu_platform_nxp/Build/TX8M_MINI_EVK_1GB/RELEASE_GCC5/AARCH64/ArmPkg/Library/ArmLib/ArmBaseLib/OUTPUT/ArmBaseLib.lib(AArch64ArchTimerSupport.obj)
 .text.ArmReadCntvCt
                0x0000000000000000        0x8 /home/uwe/git/ms/iot_core_tx8mmini/mu_platform_nxp/Build/TX8M_MINI_EVK_1GB/RELEASE_GCC5/AARCH64/ArmPkg/Library/ArmLib/ArmBaseLib/OUTPUT/ArmBaseLib.lib(AArch64ArchTimerSupport.obj)
 .text.ArmReadCntpCval
                0x0000000000000000        0x8 /home/uwe/git/ms/iot_core_tx8mmini/mu_platform_nxp/Build/TX8M_MINI_EVK_1GB/RELEASE_GCC5/AARCH64/ArmPkg/Library/ArmLib/ArmBaseLib/OUTPUT/ArmBaseLib.lib(AArch64ArchTimerSupport.obj)
 .text.ArmWriteCntpCval
                0x0000000000000000        0x8 /home/uwe/git/ms/iot_core_tx8mmini/mu_platform_nxp/Build/TX8M_MINI_EVK_1GB/RELEASE_GCC5/AARCH64/ArmPkg/Library/ArmLib/ArmBaseLib/OUTPUT/ArmBaseLib.lib(AArch64ArchTimerSupport.obj)
 .text.ArmReadCntvCval
                0x0000000000000000        0x8 /home/uwe/git/ms/iot_core_tx8mmini/mu_platform_nxp/Build/TX8M_MINI_EVK_1GB/RELEASE_GCC5/AARCH64/ArmPkg/Library/ArmLib/ArmBaseLib/OUTPUT/ArmBaseLib.lib(AArch64ArchTimerSupport.obj)
 .text.ArmWriteCntvCval
                0x0000000000000000        0x8 /home/uwe/git/ms/iot_core_tx8mmini/mu_platform_nxp/Build/TX8M_MINI_EVK_1GB/RELEASE_GCC5/AARCH64/ArmPkg/Library/ArmLib/ArmBaseLib/OUTPUT/ArmBaseLib.lib(AArch64ArchTimerSupport.obj)
 .text.ArmReadCntvOff
                0x0000000000000000        0x8 /home/uwe/git/ms/iot_core_tx8mmini/mu_platform_nxp/Build/TX8M_MINI_EVK_1GB/RELEASE_GCC5/AARCH64/ArmPkg/Library/ArmLib/ArmBaseLib/OUTPUT/ArmBaseLib.lib(AArch64ArchTimerSupport.obj)
 .text.ArmWriteCntvOff
                0x0000000000000000        0x8 /home/uwe/git/ms/iot_core_tx8mmini/mu_platform_nxp/Build/TX8M_MINI_EVK_1GB/RELEASE_GCC5/AARCH64/ArmPkg/Library/ArmLib/ArmBaseLib/OUTPUT/ArmBaseLib.lib(AArch64ArchTimerSupport.obj)
 .text          0x0000000000000000        0x0 IoLibArm.obj (symbol from plugin)

Memory Configuration

Name             Origin             Length             Attributes
*default*        0x0000000000000000 0xffffffffffffffff

Linker script and memory map

LOAD /home/uwe/git/ms/iot_core_tx8mmini/mu_platform_nxp/Silicon/ARM/MU_TIANO/ArmPkg/Library/GccLto/liblto-aarch64.a
LOAD /tmp/cc7g8NZF.ltrans0.ltrans.o
START GROUP
LOAD /home/uwe/git/ms/iot_core_tx8mmini/mu_platform_nxp/Build/TX8M_MINI_EVK_1GB/RELEASE_GCC5/AARCH64/MdePkg/Library/DxePcdLib/DxePcdLib/OUTPUT/DxePcdLib.lib
LOAD /home/uwe/git/ms/iot_core_tx8mmini/mu_platform_nxp/Build/TX8M_MINI_EVK_1GB/RELEASE_GCC5/AARCH64/MdePkg/Library/BaseLib/BaseLib/OUTPUT/BaseLib.lib
LOAD /home/uwe/git/ms/iot_core_tx8mmini/mu_platform_nxp/Build/TX8M_MINI_EVK_1GB/RELEASE_GCC5/AARCH64/MdePkg/Library/BaseMemoryLibOptDxe/BaseMemoryLibOptDxe/OUTPUT/BaseMemoryLibOptDxe.lib
LOAD /home/uwe/git/ms/iot_core_tx8mmini/mu_platform_nxp/Build/TX8M_MINI_EVK_1GB/RELEASE_GCC5/AARCH64/ArmPkg/Library/ArmLib/ArmBaseLib/OUTPUT/ArmBaseLib.lib
LOAD /home/uwe/git/ms/iot_core_tx8mmini/mu_platform_nxp/Build/TX8M_MINI_EVK_1GB/RELEASE_GCC5/AARCH64/MdePkg/Library/BaseIoLibIntrinsic/BaseIoLibIntrinsic/OUTPUT/BaseIoLibIntrinsic.lib
LOAD /home/uwe/git/ms/iot_core_tx8mmini/mu_platform_nxp/Build/TX8M_MINI_EVK_1GB/RELEASE_GCC5/AARCH64/ArmPkg/Library/ArmCacheMaintenanceLib/ArmCacheMaintenanceLib/OUTPUT/ArmCacheMaintenanceLib.lib
LOAD /home/uwe/git/ms/iot_core_tx8mmini/mu_platform_nxp/Build/TX8M_MINI_EVK_1GB/RELEASE_GCC5/AARCH64/MdePkg/Library/BaseDebugPrintErrorLevelLib/BaseDebugPrintErrorLevelLib/OUTPUT/BaseDebugPrintErrorLevelLib.lib
LOAD /home/uwe/git/ms/iot_core_tx8mmini/mu_platform_nxp/Build/TX8M_MINI_EVK_1GB/RELEASE_GCC5/AARCH64/MdePkg/Library/BasePrintLib/BasePrintLib/OUTPUT/BasePrintLib.lib
LOAD /home/uwe/git/ms/iot_core_tx8mmini/mu_platform_nxp/Build/TX8M_MINI_EVK_1GB/RELEASE_GCC5/AARCH64/iMXPlatformPkg/Library/UartSerialPortLib/UartSerialPortLib/OUTPUT/SerialPortLib.lib
LOAD /home/uwe/git/ms/iot_core_tx8mmini/mu_platform_nxp/Build/TX8M_MINI_EVK_1GB/RELEASE_GCC5/AARCH64/MdePkg/Library/BaseDebugLibSerialPort/BaseDebugLibSerialPort/OUTPUT/BaseDebugLibSerialPort.lib
LOAD /home/uwe/git/ms/iot_core_tx8mmini/mu_platform_nxp/Build/TX8M_MINI_EVK_1GB/RELEASE_GCC5/AARCH64/ArmPkg/Library/ArmGenericTimerPhyCounterLib/ArmGenericTimerPhyCounterLib/OUTPUT/ArmGenericTimerPhyCounterLib.lib
LOAD /home/uwe/git/ms/iot_core_tx8mmini/mu_platform_nxp/Build/TX8M_MINI_EVK_1GB/RELEASE_GCC5/AARCH64/ArmPkg/Library/ArmArchTimerLib/ArmArchTimerLib/OUTPUT/ArmArchTimerLib.lib
LOAD /home/uwe/git/ms/iot_core_tx8mmini/mu_platform_nxp/Build/TX8M_MINI_EVK_1GB/RELEASE_GCC5/AARCH64/MdePkg/Library/UefiBootServicesTableLib/UefiBootServicesTableLib/OUTPUT/UefiBootServicesTableLib.lib
LOAD /home/uwe/git/ms/iot_core_tx8mmini/mu_platform_nxp/Build/TX8M_MINI_EVK_1GB/RELEASE_GCC5/AARCH64/MdePkg/Library/UefiMemoryAllocationLib/UefiMemoryAllocationLib/OUTPUT/UefiMemoryAllocationLib.lib
LOAD /home/uwe/git/ms/iot_core_tx8mmini/mu_platform_nxp/Build/TX8M_MINI_EVK_1GB/RELEASE_GCC5/AARCH64/MdePkg/Library/UefiRuntimeServicesTableLib/UefiRuntimeServicesTableLib/OUTPUT/UefiRuntimeServicesTableLib.lib
LOAD /home/uwe/git/ms/iot_core_tx8mmini/mu_platform_nxp/Build/TX8M_MINI_EVK_1GB/RELEASE_GCC5/AARCH64/MdePkg/Library/UefiDevicePathLib/UefiDevicePathLib/OUTPUT/UefiDevicePathLib.lib
LOAD /home/uwe/git/ms/iot_core_tx8mmini/mu_platform_nxp/Build/TX8M_MINI_EVK_1GB/RELEASE_GCC5/AARCH64/MdePkg/Library/UefiLib/UefiLib/OUTPUT/UefiLib.lib
LOAD /home/uwe/git/ms/iot_core_tx8mmini/mu_platform_nxp/Build/TX8M_MINI_EVK_1GB/RELEASE_GCC5/AARCH64/MdePkg/Library/UefiDriverEntryPoint/UefiDriverEntryPoint/OUTPUT/UefiDriverEntryPoint.lib
LOAD /home/uwe/git/ms/iot_core_tx8mmini/mu_platform_nxp/Build/TX8M_MINI_EVK_1GB/RELEASE_GCC5/AARCH64/ArmPkg/Library/CompilerIntrinsicsLib/CompilerIntrinsicsLib/OUTPUT/CompilerIntrinsicsLib.lib
LOAD /home/uwe/git/ms/iot_core_tx8mmini/mu_platform_nxp/Build/TX8M_MINI_EVK_1GB/RELEASE_GCC5/AARCH64/MdePkg/Library/BaseStackCheckLib/BaseStackCheckLib/OUTPUT/BaseStackCheckLib.lib
LOAD /home/uwe/git/ms/iot_core_tx8mmini/mu_platform_nxp/Build/TX8M_MINI_EVK_1GB/RELEASE_GCC5/AARCH64/MdeModulePkg/Universal/Console/ConSplitterDxe/ConSplitterDxe/OUTPUT/ConSplitterDxe.lib
END GROUP
                0x0000000000000228                . = PECOFF_HEADER_SIZE

.text           0x0000000000001000     0x46ea
 *(.text .text.* .stub .gnu.linkonce.t.*)
 .text.InternalAllocatePool.constprop.21
                0x0000000000001000       0x38 /tmp/cc7g8NZF.ltrans0.ltrans.o
 .text.InitializeListHead.constprop.18
                0x0000000000001038       0x14 /tmp/cc7g8NZF.ltrans0.ltrans.o
 .text.EfiLibInstallDriverBindingComponentName2.constprop.14
                0x000000000000104c       0x2c /tmp/cc7g8NZF.ltrans0.ltrans.o
 .text.DivU64x64Remainder.constprop.10
                0x0000000000001078        0x8 /tmp/cc7g8NZF.ltrans0.ltrans.o
 .text.ReadUnaligned24
                0x0000000000001080       0x38 /tmp/cc7g8NZF.ltrans0.ltrans.o
 .text.AsciiStrnCmp
                0x00000000000010b8       0x40 /tmp/cc7g8NZF.ltrans0.ltrans.o
 .text.LookupUnicodeString2
                0x00000000000010f8      0x130 /tmp/cc7g8NZF.ltrans0.ltrans.o
 .text.ProcessLibraryDestructorList
                0x0000000000001228        0x4 /tmp/cc7g8NZF.ltrans0.ltrans.o
 .text.FreePool
                0x000000000000122c       0x10 /tmp/cc7g8NZF.ltrans0.ltrans.o
 .text.BaseDebugLibSerialPortConstructor
                0x000000000000123c       0x18 /tmp/cc7g8NZF.ltrans0.ltrans.o
 .text.RemoveEntryList
                0x0000000000001254       0x18 /tmp/cc7g8NZF.ltrans0.ltrans.o
 .text.InsertTailList
                0x000000000000126c       0x18 /tmp/cc7g8NZF.ltrans0.ltrans.o
 .text.MultU64x64
                0x0000000000001284        0x8 /tmp/cc7g8NZF.ltrans0.ltrans.o
 .text.ConSplitterTestControllerHandles
                0x000000000000128c      0x104 /tmp/cc7g8NZF.ltrans0.ltrans.o
 .text.ConSplitterStdErrComponentNameGetControllerName
                0x0000000000001390       0x84 /tmp/cc7g8NZF.ltrans0.ltrans.o
 .text.ConSplitterConOutComponentNameGetControllerName
                0x0000000000001414       0x84 /tmp/cc7g8NZF.ltrans0.ltrans.o
 .text.ConSplitterAbsolutePointerComponentNameGetControllerName
                0x0000000000001498       0x84 /tmp/cc7g8NZF.ltrans0.ltrans.o
 .text.ConSplitterSimplePointerComponentNameGetControllerName
                0x000000000000151c       0x84 /tmp/cc7g8NZF.ltrans0.ltrans.o
 .text.ConSplitterConInComponentNameGetControllerName
                0x00000000000015a0       0x84 /tmp/cc7g8NZF.ltrans0.ltrans.o
 .text.ConSplitterComponentNameGetDriverName
                0x0000000000001624       0x74 /tmp/cc7g8NZF.ltrans0.ltrans.o
 .text.ConSplitterUgaDrawBlt
                0x0000000000001698      0x13c /tmp/cc7g8NZF.ltrans0.ltrans.o
 .text.ConSplitterUgaDrawSetMode
                0x00000000000017d4      0x128 /tmp/cc7g8NZF.ltrans0.ltrans.o
 .text.ConSplitterUgaDrawGetMode
                0x00000000000018fc       0x50 /tmp/cc7g8NZF.ltrans0.ltrans.o
 .text.ConSplitterGraphicsOutputBlt
                0x000000000000194c      0x154 /tmp/cc7g8NZF.ltrans0.ltrans.o
 .text.ConSplitterTextOutEnableCursor
                0x0000000000001aa0       0x7c /tmp/cc7g8NZF.ltrans0.ltrans.o
 .text.ConSplitterTextOutSetCursorPosition
                0x0000000000001b1c       0xc8 /tmp/cc7g8NZF.ltrans0.ltrans.o
 .text.ConSplitterTextOutClearScreen
                0x0000000000001be4       0x70 /tmp/cc7g8NZF.ltrans0.ltrans.o
 .text.ConSplitterTextOutSetAttribute
                0x0000000000001c54       0x90 /tmp/cc7g8NZF.ltrans0.ltrans.o
 .text.ConSplitterTextOutSetMode
                0x0000000000001ce4      0x114 /tmp/cc7g8NZF.ltrans0.ltrans.o
 .text.ConSplitterTextOutQueryMode
                0x0000000000001df8       0x78 /tmp/cc7g8NZF.ltrans0.ltrans.o
 .text.ConSplitterTextOutTestString
                0x0000000000001e70       0x78 /tmp/cc7g8NZF.ltrans0.ltrans.o
 .text.ConSplitterTextOutOutputString
                0x0000000000001ee8      0x170 /tmp/cc7g8NZF.ltrans0.ltrans.o
 .text.ConSplitterTextOutReset
                0x0000000000002058       0x9c /tmp/cc7g8NZF.ltrans0.ltrans.o
 .text.ConSplitterAbsolutePointerWaitForInput
                0x00000000000020f4       0x98 /tmp/cc7g8NZF.ltrans0.ltrans.o
 .text.ConSplitterAbsolutePointerGetState
                0x000000000000218c      0x164 /tmp/cc7g8NZF.ltrans0.ltrans.o
 .text.ConSplitterAbsolutePointerReset
                0x00000000000022f0       0x78 /tmp/cc7g8NZF.ltrans0.ltrans.o
 .text.ConSplitterSimplePointerWaitForInput
                0x0000000000002368       0x98 /tmp/cc7g8NZF.ltrans0.ltrans.o
 .text.ConSplitterSimplePointerGetState
                0x0000000000002400      0x15c /tmp/cc7g8NZF.ltrans0.ltrans.o
 .text.ConSplitterSimplePointerReset
                0x000000000000255c       0x78 /tmp/cc7g8NZF.ltrans0.ltrans.o
 .text.ConSplitterTextInUnregisterKeyNotify
                0x00000000000025d4       0xd4 /tmp/cc7g8NZF.ltrans0.ltrans.o
 .text.ConSplitterTextInSetState
                0x00000000000026a8       0x94 /tmp/cc7g8NZF.ltrans0.ltrans.o
 .text.ConSplitterTextInWaitForKey
                0x000000000000273c       0x98 /tmp/cc7g8NZF.ltrans0.ltrans.o
 .text.ConSplitterStop
                0x00000000000027d4       0xa0 /tmp/cc7g8NZF.ltrans0.ltrans.o
 .text.ConSplitterAbsolutePointerDriverBindingStop
                0x0000000000002874       0xbc /tmp/cc7g8NZF.ltrans0.ltrans.o
 .text.ConSplitterSimplePointerDriverBindingStop
                0x0000000000002930       0xbc /tmp/cc7g8NZF.ltrans0.ltrans.o
 .text.ConSplitterConInDriverBindingStop
                0x00000000000029ec      0x178 /tmp/cc7g8NZF.ltrans0.ltrans.o
 .text.ConSplitterStart
                0x0000000000002b64      0x114 /tmp/cc7g8NZF.ltrans0.ltrans.o
 .text.ConSplitterSupported
                0x0000000000002c78       0xb0 /tmp/cc7g8NZF.ltrans0.ltrans.o
 .text.ConSplitterStdErrDriverBindingSupported
                0x0000000000002d28        0xc /tmp/cc7g8NZF.ltrans0.ltrans.o
 .text.ConSplitterConOutDriverBindingSupported
                0x0000000000002d34        0xc /tmp/cc7g8NZF.ltrans0.ltrans.o
 .text.ConSplitterAbsolutePointerDriverBindingSupported
                0x0000000000002d40        0xc /tmp/cc7g8NZF.ltrans0.ltrans.o
 .text.ConSplitterSimplePointerDriverBindingSupported
                0x0000000000002d4c        0xc /tmp/cc7g8NZF.ltrans0.ltrans.o
 .text.ConSplitterConInDriverBindingSupported
                0x0000000000002d58        0xc /tmp/cc7g8NZF.ltrans0.ltrans.o
 .text.ToggleStateSyncReInitialization
                0x0000000000002d64       0x5c /tmp/cc7g8NZF.ltrans0.ltrans.o
 .text.ConSplitterTextInResetEx
                0x0000000000002dc0       0x78 /tmp/cc7g8NZF.ltrans0.ltrans.o
 .text.ConSplitterTextInReset
                0x0000000000002e38       0x78 /tmp/cc7g8NZF.ltrans0.ltrans.o
 .text.ToggleStateSyncKeyNotify
                0x0000000000002eb0       0x90 /tmp/cc7g8NZF.ltrans0.ltrans.o
 .text.SetMem.constprop.0
                0x0000000000002f40       0x10 /tmp/cc7g8NZF.ltrans0.ltrans.o
 .text.TimerConstructor
                0x0000000000002f50       0x18 /tmp/cc7g8NZF.ltrans0.ltrans.o
 .text.CopyMem  0x0000000000002f68       0x1c /tmp/cc7g8NZF.ltrans0.ltrans.o
 .text.ConSplitterGraphicsOutputSetMode
                0x0000000000002f84      0x1cc /tmp/cc7g8NZF.ltrans0.ltrans.o
 .text.ConSplitterGraphicsOutputQueryMode
                0x0000000000003150       0xe4 /tmp/cc7g8NZF.ltrans0.ltrans.o
 .text.ConSplitterTextInExDequeueKey
                0x0000000000003234       0x60 /tmp/cc7g8NZF.ltrans0.ltrans.o
 .text.ConSplitterTextInReadKeyStroke
                0x0000000000003294       0xd0 /tmp/cc7g8NZF.ltrans0.ltrans.o
 .text.ConSplitterGetIntersection
                0x0000000000003364       0xc8 /tmp/cc7g8NZF.ltrans0.ltrans.o
 .text.ConSplitterSyncOutputMode
                0x000000000000342c      0x118 /tmp/cc7g8NZF.ltrans0.ltrans.o
 .text.ConSplitterGrowMapTable
                0x0000000000003544       0xc8 /tmp/cc7g8NZF.ltrans0.ltrans.o
 .text.ZeroMem  0x000000000000360c        0xc /tmp/cc7g8NZF.ltrans0.ltrans.o
 .text.ConSplitterGrowBuffer
                0x0000000000003618       0xb0 /tmp/cc7g8NZF.ltrans0.ltrans.o
 .text.ConSplitterAddOutputMode
                0x00000000000036c8       0xf4 /tmp/cc7g8NZF.ltrans0.ltrans.o
 .text.ConSplitterAbsolutePointerDriverBindingStart
                0x00000000000037bc       0x94 /tmp/cc7g8NZF.ltrans0.ltrans.o
 .text.ConSplitterSimplePointerDriverBindingStart
                0x0000000000003850       0x94 /tmp/cc7g8NZF.ltrans0.ltrans.o
 .text.ConSplitterConInDriverBindingStart
                0x00000000000038e4      0x1f8 /tmp/cc7g8NZF.ltrans0.ltrans.o
 .text.AllocateZeroPool
                0x0000000000003adc       0x34 /tmp/cc7g8NZF.ltrans0.ltrans.o
 .text.ConSplitterTextInRegisterKeyNotify
                0x0000000000003b10      0x1e0 /tmp/cc7g8NZF.ltrans0.ltrans.o
 .text.ConSplitterGetIntersectionBetweenConOutAndStrErr
                0x0000000000003cf0      0x234 /tmp/cc7g8NZF.ltrans0.ltrans.o
 .text.ConSplitterTextOutConstructor
                0x0000000000003f24      0x184 /tmp/cc7g8NZF.ltrans0.ltrans.o
 .text.ConSplitterTextInReadKeyStrokeEx
                0x00000000000040a8      0x170 /tmp/cc7g8NZF.ltrans0.ltrans.o
 .text.ConSplitterTextOutDeleteDevice
                0x0000000000004218      0x18c /tmp/cc7g8NZF.ltrans0.ltrans.o
 .text.ConSplitterStdErrDriverBindingStop
                0x00000000000043a4       0x58 /tmp/cc7g8NZF.ltrans0.ltrans.o
 .text.ConSplitterConOutDriverBindingStop
                0x00000000000043fc       0x58 /tmp/cc7g8NZF.ltrans0.ltrans.o
 .text.ConSplitterTextOutAddDevice
                0x0000000000004454      0x7a0 /tmp/cc7g8NZF.ltrans0.ltrans.o
 .text.ConSplitterStdErrDriverBindingStart
                0x0000000000004bf4       0x78 /tmp/cc7g8NZF.ltrans0.ltrans.o
 .text.ConSplitterConOutDriverBindingStart
                0x0000000000004c6c      0x164 /tmp/cc7g8NZF.ltrans0.ltrans.o
 .text._ModuleEntryPoint
                0x0000000000004dd0      0x388 /tmp/cc7g8NZF.ltrans0.ltrans.o
                0x0000000000004dd0                _ModuleEntryPoint
 *fill*         0x0000000000005158        0x8 
 .text          0x0000000000005160      0x200 /home/uwe/git/ms/iot_core_tx8mmini/mu_platform_nxp/Build/TX8M_MINI_EVK_1GB/RELEASE_GCC5/AARCH64/MdePkg/Library/BaseMemoryLibOptDxe/BaseMemoryLibOptDxe/OUTPUT/BaseMemoryLibOptDxe.lib(SetMem.obj)
                0x0000000000005160                InternalMemSetMem16
                0x000000000000516c                InternalMemSetMem32
                0x0000000000005178                InternalMemSetMem64
                0x0000000000005184                InternalMemZeroMem
                0x000000000000518c                InternalMemSetMem
 .text          0x0000000000005360      0x218 /home/uwe/git/ms/iot_core_tx8mmini/mu_platform_nxp/Build/TX8M_MINI_EVK_1GB/RELEASE_GCC5/AARCH64/MdePkg/Library/BaseMemoryLibOptDxe/BaseMemoryLibOptDxe/OUTPUT/BaseMemoryLibOptDxe.lib(CopyMem.obj)
                0x00000000000054cc                InternalMemCopyMem
 .text.ArmIsArchTimerImplemented
                0x0000000000005578        0x8 /home/uwe/git/ms/iot_core_tx8mmini/mu_platform_nxp/Build/TX8M_MINI_EVK_1GB/RELEASE_GCC5/AARCH64/ArmPkg/Library/ArmLib/ArmBaseLib/OUTPUT/ArmBaseLib.lib(AArch64Support.obj)
                0x0000000000005578                ArmIsArchTimerImplemented
 *(.rodata .rodata.* .gnu.linkonce.r.*)
 .rodata.str1.1
                0x0000000000005580        0xb /tmp/cc7g8NZF.ltrans0.ltrans.o
                                          0xe (size before relaxing)
 *fill*         0x000000000000558b        0x1 
 .rodata.str2.2
                0x000000000000558c      0x15e /tmp/cc7g8NZF.ltrans0.ltrans.o
 *(.got .got.*)
 *:AutoGen.obj(.data.g*Guid)

.iplt           0x00000000000056ec        0x0
 .iplt          0x00000000000056ec        0x0 /home/uwe/git/ms/iot_core_tx8mmini/mu_platform_nxp/Build/TX8M_MINI_EVK_1GB/RELEASE_GCC5/AARCH64/ArmPkg/Library/ArmLib/ArmBaseLib/OUTPUT/ArmBaseLib.lib(AArch64Support.obj)

.data           0x0000000000006000      0x749
 *(.data .data.* .gnu.linkonce.d.*)
 .data._gPcd_BinaryPatch_PcdConOutColumn
                0x0000000000006000        0x4 /tmp/cc7g8NZF.ltrans0.ltrans.o
 .data._gPcd_BinaryPatch_PcdConOutRow
                0x0000000000006004        0x4 /tmp/cc7g8NZF.ltrans0.ltrans.o
 .data.gConSplitterAbsolutePointerComponentName
                0x0000000000006008       0x18 /tmp/cc7g8NZF.ltrans0.ltrans.o
 .data.gConSplitterAbsolutePointerComponentName2
                0x0000000000006020       0x18 /tmp/cc7g8NZF.ltrans0.ltrans.o
 .data.gConSplitterAbsolutePointerDriverBinding
                0x0000000000006038       0x30 /tmp/cc7g8NZF.ltrans0.ltrans.o
 .data.gConSplitterConInComponentName
                0x0000000000006068       0x18 /tmp/cc7g8NZF.ltrans0.ltrans.o
 .data.gConSplitterConInComponentName2
                0x0000000000006080       0x18 /tmp/cc7g8NZF.ltrans0.ltrans.o
 .data.gConSplitterConInDriverBinding
                0x0000000000006098       0x30 /tmp/cc7g8NZF.ltrans0.ltrans.o
 .data.gConSplitterConOutComponentName
                0x00000000000060c8       0x18 /tmp/cc7g8NZF.ltrans0.ltrans.o
 .data.gConSplitterConOutComponentName2
                0x00000000000060e0       0x18 /tmp/cc7g8NZF.ltrans0.ltrans.o
 .data.gConSplitterConOutDriverBinding
                0x00000000000060f8       0x30 /tmp/cc7g8NZF.ltrans0.ltrans.o
 .data.gConSplitterSimplePointerComponentName
                0x0000000000006128       0x18 /tmp/cc7g8NZF.ltrans0.ltrans.o
 .data.gConSplitterSimplePointerComponentName2
                0x0000000000006140       0x18 /tmp/cc7g8NZF.ltrans0.ltrans.o
 .data.gConSplitterSimplePointerDriverBinding
                0x0000000000006158       0x30 /tmp/cc7g8NZF.ltrans0.ltrans.o
 .data.gConSplitterStdErrComponentName
                0x0000000000006188       0x18 /tmp/cc7g8NZF.ltrans0.ltrans.o
 .data.gConSplitterStdErrComponentName2
                0x00000000000061a0       0x18 /tmp/cc7g8NZF.ltrans0.ltrans.o
 .data.gConSplitterStdErrDriverBinding
                0x00000000000061b8       0x30 /tmp/cc7g8NZF.ltrans0.ltrans.o
 .data.gConnectConInEventGuid
                0x00000000000061e8       0x10 /tmp/cc7g8NZF.ltrans0.ltrans.o
 .data.gEfiAbsolutePointerProtocolGuid
                0x00000000000061f8       0x10 /tmp/cc7g8NZF.ltrans0.ltrans.o
 .data.gEfiConsoleInDeviceGuid
                0x0000000000006208       0x10 /tmp/cc7g8NZF.ltrans0.ltrans.o
 .data.gEfiConsoleOutDeviceGuid
                0x0000000000006218       0x10 /tmp/cc7g8NZF.ltrans0.ltrans.o
 .data.gEfiDriverBindingProtocolGuid
                0x0000000000006228       0x10 /tmp/cc7g8NZF.ltrans0.ltrans.o
 .data.gEfiGraphicsOutputProtocolGuid
                0x0000000000006238       0x10 /tmp/cc7g8NZF.ltrans0.ltrans.o
 .data.gEfiSimplePointerProtocolGuid
                0x0000000000006248       0x10 /tmp/cc7g8NZF.ltrans0.ltrans.o
 .data.gEfiSimpleTextInProtocolGuid
                0x0000000000006258       0x10 /tmp/cc7g8NZF.ltrans0.ltrans.o
 .data.gEfiSimpleTextInputExProtocolGuid
                0x0000000000006268       0x10 /tmp/cc7g8NZF.ltrans0.ltrans.o
 .data.gEfiSimpleTextOutProtocolGuid
                0x0000000000006278       0x10 /tmp/cc7g8NZF.ltrans0.ltrans.o
 .data.gEfiStandardErrorDeviceGuid
                0x0000000000006288       0x10 /tmp/cc7g8NZF.ltrans0.ltrans.o
 .data.gEfiUgaDrawProtocolGuid
                0x0000000000006298       0x10 /tmp/cc7g8NZF.ltrans0.ltrans.o
 .data.mConIn   0x00000000000062a8      0x188 /tmp/cc7g8NZF.ltrans0.ltrans.o
 .data.mConOut  0x0000000000006430      0x108 /tmp/cc7g8NZF.ltrans0.ltrans.o
 .data.mConSplitterAbsolutePointerControllerNameTable
                0x0000000000006538       0x20 /tmp/cc7g8NZF.ltrans0.ltrans.o
 .data.mConSplitterConInControllerNameTable
                0x0000000000006558       0x20 /tmp/cc7g8NZF.ltrans0.ltrans.o
 .data.mConSplitterConOutControllerNameTable
                0x0000000000006578       0x20 /tmp/cc7g8NZF.ltrans0.ltrans.o
 .data.mConSplitterDriverNameTable
                0x0000000000006598       0x20 /tmp/cc7g8NZF.ltrans0.ltrans.o
 .data.mConSplitterSimplePointerControllerNameTable
                0x00000000000065b8       0x20 /tmp/cc7g8NZF.ltrans0.ltrans.o
 .data.mConSplitterStdErrControllerNameTable
                0x00000000000065d8       0x20 /tmp/cc7g8NZF.ltrans0.ltrans.o
 .data.mGraphicsOutputProtocolTemplate
                0x00000000000065f8       0x20 /tmp/cc7g8NZF.ltrans0.ltrans.o
 .data.mStdErr  0x0000000000006618      0x108 /tmp/cc7g8NZF.ltrans0.ltrans.o
 .data.mUgaDrawProtocolTemplate
                0x0000000000006720       0x18 /tmp/cc7g8NZF.ltrans0.ltrans.o
 *(.bss .bss.*)
 .bss.gBS       0x0000000000006738        0x8 /tmp/cc7g8NZF.ltrans0.ltrans.o
 .bss.gST       0x0000000000006740        0x8 /tmp/cc7g8NZF.ltrans0.ltrans.o
 .bss.mPerformingDeviceAdd
                0x0000000000006748        0x1 /tmp/cc7g8NZF.ltrans0.ltrans.o

.igot.plt       0x0000000000006750        0x0
 .igot.plt      0x0000000000006750        0x0 /home/uwe/git/ms/iot_core_tx8mmini/mu_platform_nxp/Build/TX8M_MINI_EVK_1GB/RELEASE_GCC5/AARCH64/ArmPkg/Library/ArmLib/ArmBaseLib/OUTPUT/ArmBaseLib.lib(AArch64Support.obj)

.eh_frame
 *(.eh_frame)

.rela           0x0000000000006750        0x0
 *(.rela .rela.*)
 .rela.iplt     0x0000000000006750        0x0 /home/uwe/git/ms/iot_core_tx8mmini/mu_platform_nxp/Build/TX8M_MINI_EVK_1GB/RELEASE_GCC5/AARCH64/ArmPkg/Library/ArmLib/ArmBaseLib/OUTPUT/ArmBaseLib.lib(AArch64Support.obj)

.hii
 *(.hii)

.build-id       0x000000000000674c       0x24
 *(.note.gnu.build-id)
 .note.gnu.build-id
                0x000000000000674c       0x24 /home/uwe/git/ms/iot_core_tx8mmini/mu_platform_nxp/Silicon/ARM/MU_TIANO/ArmPkg/Library/GccLto/liblto-aarch64.a

/DISCARD/
 *(.note.GNU-stack)
 *(.gnu_debuglink)
 *(.interp)
 *(.dynsym)
 *(.dynstr)
 *(.dynamic)
 *(.hash .gnu.hash)
 *(.comment)
 *(COMMON)
                0x0000000000000228                PECOFF_HEADER_SIZE = 0x228
OUTPUT(/home/uwe/git/ms/iot_core_tx8mmini/mu_platform_nxp/Build/TX8M_MINI_EVK_1GB/RELEASE_GCC5/AARCH64/MdeModulePkg/Universal/Console/ConSplitterDxe/ConSplitterDxe/DEBUG/ConSplitterDxe.dll elf64-littleaarch64)

.debug_info     0x0000000000000000     0xab75
 .debug_info    0x0000000000000000     0xab75 /tmp/cc7g8NZF.ltrans0.ltrans.o

.debug_abbrev   0x0000000000000000      0x591
 .debug_abbrev  0x0000000000000000      0x591 /tmp/cc7g8NZF.ltrans0.ltrans.o

.debug_loc      0x0000000000000000     0xc5ba
 .debug_loc     0x0000000000000000     0xc5ba /tmp/cc7g8NZF.ltrans0.ltrans.o

.debug_aranges  0x0000000000000000      0x5b0
 .debug_aranges
                0x0000000000000000      0x5b0 /tmp/cc7g8NZF.ltrans0.ltrans.o

.debug_ranges   0x0000000000000000     0x1560
 .debug_ranges  0x0000000000000000     0x1560 /tmp/cc7g8NZF.ltrans0.ltrans.o

.debug_line     0x0000000000000000     0x1fe5
 .debug_line    0x0000000000000000     0x1fe5 /tmp/cc7g8NZF.ltrans0.ltrans.o

.debug_str      0x0000000000000000     0x3db1
 .debug_str     0x0000000000000000     0x3db1 /tmp/cc7g8NZF.ltrans0.ltrans.o
                                       0x4372 (size before relaxing)

.debug_frame    0x0000000000000000     0x1300
 .debug_frame   0x0000000000000000     0x1300 /tmp/cc7g8NZF.ltrans0.ltrans.o
