Archive member included to satisfy reference by file (symbol)

./build/imx8mm/release/lib/libc.a(memcpy.o)
                              ./build/imx8mm/release/bl31/misc.o (memcpy)
./build/imx8mm/release/lib/libc.a(memmove.o)
                              ./build/imx8mm/release/bl31/xlat_tables_common.o (memmove)
./build/imx8mm/release/lib/libc.a(memset.o)
                              ./build/imx8mm/release/bl31/runtime_svc.o (memset)
./build/imx8mm/release/lib/libc.a(printf.o)
                              ./build/imx8mm/release/bl31/tf_log.o (vprintf)
./build/imx8mm/release/lib/libc.a(putchar.o)
                              ./build/imx8mm/release/bl31/tf_log.o (putchar)
./build/imx8mm/release/lib/libc.a(strchr.o)
                              ./build/imx8mm/release/bl31/misc.o (strchr)

Allocating common symbols
Common symbol       size              file

tzc380              0x10              ./build/imx8mm/release/bl31/tzc380.o
rt_svc_descs_indices
                    0x80              ./build/imx8mm/release/bl31/runtime_svc.o
dfs_lock            0x4               ./build/imx8mm/release/bl31/dram.o
psci_cpu_pd_nodes   0x40              ./build/imx8mm/release/bl31/psci_common.o
rdistif_base_addrs  0x20              ./build/imx8mm/release/bl31/plat_imx8_gic.o
ipc_handle          0x8               ./build/imx8mm/release/bl31/misc.o
psci_caps           0x4               ./build/imx8mm/release/bl31/psci_setup.o
psci_non_cpu_pd_nodes
                    0x40              ./build/imx8mm/release/bl31/psci_common.o
optee_vector_table  0x8               ./build/imx8mm/release/bl31/opteed_main.o
psci_plat_pm_ops    0x8               ./build/imx8mm/release/bl31/psci_common.o
opteed_rw           0x4               ./build/imx8mm/release/bl31/opteed_main.o
percpu_data         0x100             ./build/imx8mm/release/bl31/cpu_data_array.o
opteed_sp_context   0x940             ./build/imx8mm/release/bl31/opteed_main.o
gicv3_driver_data   0x8               ./build/imx8mm/release/bl31/gicv3_main.o
psci_spd_pm         0x8               ./build/imx8mm/release/bl31/psci_common.o

Discarded input sections

 .text          0x0000000000000000        0x0 ./build/imx8mm/release/bl31/build_message.o
 .data          0x0000000000000000        0x0 ./build/imx8mm/release/bl31/build_message.o
 .bss           0x0000000000000000        0x0 ./build/imx8mm/release/bl31/build_message.o
 .text          0x0000000000000000        0x0 ./build/imx8mm/release/bl31/imx8_sip_svc.o
 .data          0x0000000000000000        0x0 ./build/imx8mm/release/bl31/imx8_sip_svc.o
 .bss           0x0000000000000000        0x0 ./build/imx8mm/release/bl31/imx8_sip_svc.o
 .text          0x0000000000000000        0x0 ./build/imx8mm/release/bl31/misc.o
 .data          0x0000000000000000        0x0 ./build/imx8mm/release/bl31/misc.o
 .bss           0x0000000000000000        0x0 ./build/imx8mm/release/bl31/misc.o
 COMMON         0x0000000000000000        0x8 ./build/imx8mm/release/bl31/misc.o
 .text          0x0000000000000000        0x0 ./build/imx8mm/release/bl31/imx8mm_bl31_setup.o
 .data          0x0000000000000000        0x0 ./build/imx8mm/release/bl31/imx8mm_bl31_setup.o
 .bss           0x0000000000000000        0x0 ./build/imx8mm/release/bl31/imx8mm_bl31_setup.o
 .text          0x0000000000000000        0x0 ./build/imx8mm/release/bl31/gpc.o
 .data          0x0000000000000000        0x0 ./build/imx8mm/release/bl31/gpc.o
 .bss           0x0000000000000000        0x0 ./build/imx8mm/release/bl31/gpc.o
 .text.imx_set_cluster_standby
                0x0000000000000000        0x4 ./build/imx8mm/release/bl31/gpc.o
 .text          0x0000000000000000        0x0 ./build/imx8mm/release/bl31/imx8mm_misc.o
 .data          0x0000000000000000        0x0 ./build/imx8mm/release/bl31/imx8mm_misc.o
 .bss           0x0000000000000000        0x0 ./build/imx8mm/release/bl31/imx8mm_misc.o
 .text          0x0000000000000000        0x0 ./build/imx8mm/release/bl31/hab.o
 .data          0x0000000000000000        0x0 ./build/imx8mm/release/bl31/hab.o
 .bss           0x0000000000000000        0x0 ./build/imx8mm/release/bl31/hab.o
 .text          0x0000000000000000        0x0 ./build/imx8mm/release/bl31/imx_csu.o
 .data          0x0000000000000000        0x0 ./build/imx8mm/release/bl31/imx_csu.o
 .bss           0x0000000000000000        0x0 ./build/imx8mm/release/bl31/imx_csu.o
 .text.csu_get_slave_index_mode
                0x0000000000000000       0x30 ./build/imx8mm/release/bl31/imx_csu.o
 .text.csu_set_slave_index_mode
                0x0000000000000000       0x9c ./build/imx8mm/release/bl31/imx_csu.o
 .text.csu_set_slaves_modes
                0x0000000000000000       0x44 ./build/imx8mm/release/bl31/imx_csu.o
 .text.csu_set_default_slaves_modes
                0x0000000000000000       0x2c ./build/imx8mm/release/bl31/imx_csu.o
 .text.csu_set_hp_index_config
                0x0000000000000000       0x80 ./build/imx8mm/release/bl31/imx_csu.o
 .text.csu_set_sa_index_config
[...]
Memory Configuration

Name             Origin             Length             Attributes
RAM              0x0000000000920000 0x0000000000020000 xrw
*default*        0x0000000000000000 0xffffffffffffffff

Linker script and memory map

                0x0000000000920000                . = 0x920000
                0x0000000000000001                ASSERT ((. == ALIGN (0x1000)), BL31_BASE address is not aligned on a page boundary.)

ro              0x0000000000920000     0xa000
                0x0000000000920000                __RO_START__ = .
 *bl31_entrypoint.o(.text*)
 .text.asm.bl31_entrypoint
                0x0000000000920000      0x118 ./build/imx8mm/release/bl31/bl31_entrypoint.o
                0x0000000000920000                bl31_entrypoint
 .text.asm.bl31_warm_entrypoint
                0x0000000000920118       0x60 ./build/imx8mm/release/bl31/bl31_entrypoint.o
                0x0000000000920118                bl31_warm_entrypoint
 *(.text*)
 .text.imx_svc_smc_handler
                0x0000000000920178       0xc0 ./build/imx8mm/release/bl31/imx8_sip_svc.o
                0x0000000000920178                imx_svc_smc_handler
 .text.plat_svc_setup
                0x0000000000920238       0x20 ./build/imx8mm/release/bl31/imx8_sip_svc.o
 .text.imx_buildinfo_handler
                0x0000000000920258       0x64 ./build/imx8mm/release/bl31/misc.o
                0x0000000000920258                imx_buildinfo_handler
 .text.bl31_tzc380_setup
                0x00000000009202bc       0x44 ./build/imx8mm/release/bl31/imx8mm_bl31_setup.o
                0x00000000009202bc                bl31_tzc380_setup
 .text.bl31_early_platform_setup2
                0x0000000000920300      0x1ac ./build/imx8mm/release/bl31/imx8mm_bl31_setup.o
                0x0000000000920300                bl31_early_platform_setup2
 .text.bl31_plat_arch_setup
                0x00000000009204ac      0x118 ./build/imx8mm/release/bl31/imx8mm_bl31_setup.o
                0x00000000009204ac                bl31_plat_arch_setup
 .text.bl31_platform_setup
                0x00000000009205c4       0x34 ./build/imx8mm/release/bl31/imx8mm_bl31_setup.o
                0x00000000009205c4                bl31_platform_setup
 .text.bl31_plat_get_next_image_ep_info
                0x00000000009205f8       0x28 ./build/imx8mm/release/bl31/imx8mm_bl31_setup.o
                0x00000000009205f8                bl31_plat_get_next_image_ep_info
 .text.plat_get_syscnt_freq2
                0x0000000000920620        0xc ./build/imx8mm/release/bl31/imx8mm_bl31_setup.o
                0x0000000000920620                plat_get_syscnt_freq2
 .text.bl31_plat_runtime_setup
                0x000000000092062c        0x4 ./build/imx8mm/release/bl31/imx8mm_bl31_setup.o
                0x000000000092062c                bl31_plat_runtime_setup
 .text.imx_is_m4_enabled
                0x0000000000920630       0x18 ./build/imx8mm/release/bl31/gpc.o
                0x0000000000920630                imx_is_m4_enabled
 .text.imx_m4_lpa_active
                0x0000000000920648       0x1c ./build/imx8mm/release/bl31/gpc.o
                0x0000000000920648                imx_m4_lpa_active
 .text.imx_set_cpu_secure_entry
                0x0000000000920664       0x38 ./build/imx8mm/release/bl31/gpc.o
                0x0000000000920664                imx_set_cpu_secure_entry
 .text.imx_set_cpu_pwr_off
                0x000000000092069c       0x54 ./build/imx8mm/release/bl31/gpc.o
                0x000000000092069c                imx_set_cpu_pwr_off
 .text.imx_set_cpu_pwr_on
                0x00000000009206f0       0xb0 ./build/imx8mm/release/bl31/gpc.o
                0x00000000009206f0                imx_set_cpu_pwr_on
 .text.imx_set_cpu_lpm
                0x00000000009207a0       0xec ./build/imx8mm/release/bl31/gpc.o
                0x00000000009207a0                imx_set_cpu_lpm
 .text.imx_a53_plat_slot_config
                0x000000000092088c       0x78 ./build/imx8mm/release/bl31/gpc.o
                0x000000000092088c                imx_a53_plat_slot_config
 .text.imx_noc_slot_config
                0x0000000000920904       0x84 ./build/imx8mm/release/bl31/gpc.o
                0x0000000000920904                imx_noc_slot_config
 .text.imx_set_cluster_powerdown
                0x0000000000920988       0xd0 ./build/imx8mm/release/bl31/gpc.o
                0x0000000000920988                imx_set_cluster_powerdown
 .text.imx_set_sys_lpm
                0x0000000000920a58       0x7c ./build/imx8mm/release/bl31/gpc.o
                0x0000000000920a58                imx_set_sys_lpm
 .text.imx_set_rbc_count
                0x0000000000920ad4       0x1c ./build/imx8mm/release/bl31/gpc.o
                0x0000000000920ad4                imx_set_rbc_count
 .text.imx_clear_rbc_count
                0x0000000000920af0       0x18 ./build/imx8mm/release/bl31/gpc.o
                0x0000000000920af0                imx_clear_rbc_count
 .text.imx_anamix_pre_suspend
                0x0000000000920b08       0xfc ./build/imx8mm/release/bl31/gpc.o
                0x0000000000920b08                imx_anamix_pre_suspend
 .text.imx_anamix_post_resume
                0x0000000000920c04       0xfc ./build/imx8mm/release/bl31/gpc.o
                0x0000000000920c04                imx_anamix_post_resume
 .text.noc_wrapper_pre_suspend
                0x0000000000920d00       0x6c ./build/imx8mm/release/bl31/gpc.o
                0x0000000000920d00                noc_wrapper_pre_suspend
 .text.noc_wrapper_post_resume
                0x0000000000920d6c       0x9c ./build/imx8mm/release/bl31/gpc.o
                0x0000000000920d6c                noc_wrapper_post_resume
 .text.imx_set_sys_wakeup
                0x0000000000920e08       0xf0 ./build/imx8mm/release/bl31/gpc.o
                0x0000000000920e08                imx_set_sys_wakeup
 .text.vpu_sft_reset_assert
                0x0000000000920ef8       0x3c ./build/imx8mm/release/bl31/gpc.o
                0x0000000000920ef8                vpu_sft_reset_assert
 .text.vpu_sft_reset_deassert
                0x0000000000920f34       0x3c ./build/imx8mm/release/bl31/gpc.o
                0x0000000000920f34                vpu_sft_reset_deassert
 .text.imx_gpc_init
                0x0000000000920f70      0x158 ./build/imx8mm/release/bl31/gpc.o
                0x0000000000920f70                imx_gpc_init
 .text.imx_gpc_handler
                0x00000000009210c8      0x448 ./build/imx8mm/release/bl31/gpc.o
                0x00000000009210c8                imx_gpc_handler
 .text.imx_src_handler
                0x0000000000921510       0x4c ./build/imx8mm/release/bl31/imx8mm_misc.o
                0x0000000000921510                imx_src_handler
 .text.imx_soc_handler
                0x000000000092155c       0x10 ./build/imx8mm/release/bl31/imx8mm_misc.o
                0x000000000092155c                imx_soc_handler
 .text.imx_noc_handler
                0x000000000092156c        0x8 ./build/imx8mm/release/bl31/imx8mm_misc.o
                0x000000000092156c                imx_noc_handler
 .text.imx_hab_handler
                0x0000000000921574       0xd8 ./build/imx8mm/release/bl31/hab.o
                0x0000000000921574                imx_hab_handler
 .text.imx_validate_ns_entrypoint
                0x000000000092164c       0x14 ./build/imx8mm/release/bl31/imx8mm_psci.o
                0x000000000092164c                imx_validate_ns_entrypoint
 .text.imx_validate_power_state
                0x0000000000921660       0x50 ./build/imx8mm/release/bl31/imx8mm_psci.o
                0x0000000000921660                imx_validate_power_state
 .text.imx_cpu_standby
                0x00000000009216b0       0x2c ./build/imx8mm/release/bl31/imx8mm_psci.o
                0x00000000009216b0                imx_cpu_standby
 .text.imx_get_sys_suspend_power_state
                0x00000000009216dc       0x18 ./build/imx8mm/release/bl31/imx8mm_psci.o
                0x00000000009216dc                imx_get_sys_suspend_power_state
 .text.imx_system_reset
                0x00000000009216f4       0x34 ./build/imx8mm/release/bl31/imx8mm_psci.o
                0x00000000009216f4                imx_system_reset
 .text.imx_system_off
                0x0000000000921728       0x14 ./build/imx8mm/release/bl31/imx8mm_psci.o
                0x0000000000921728                imx_system_off
 .text.imx_pwr_domain_on
                0x000000000092173c       0x34 ./build/imx8mm/release/bl31/imx8mm_psci.o
                0x000000000092173c                imx_pwr_domain_on
 .text.imx_pwr_domain_on_finish
                0x0000000000921770       0x14 ./build/imx8mm/release/bl31/imx8mm_psci.o
                0x0000000000921770                imx_pwr_domain_on_finish
 .text.imx_pwr_domain_off
                0x0000000000921784       0x24 ./build/imx8mm/release/bl31/imx8mm_psci.o
                0x0000000000921784                imx_pwr_domain_off
 .text.imx_domain_suspend
                0x00000000009217a8       0xd0 ./build/imx8mm/release/bl31/imx8mm_psci.o
                0x00000000009217a8                imx_domain_suspend
 .text.imx_domain_suspend_finish
                0x0000000000921878       0xc4 ./build/imx8mm/release/bl31/imx8mm_psci.o
                0x0000000000921878                imx_domain_suspend_finish
 .text.imx_pwr_domain_pwr_down_wfi
                0x000000000092193c       0x2c ./build/imx8mm/release/bl31/imx8mm_psci.o
                0x000000000092193c                imx_pwr_domain_pwr_down_wfi
 .text.plat_setup_psci_ops
                0x0000000000921968       0x30 ./build/imx8mm/release/bl31/imx8mm_psci.o
                0x0000000000921968                plat_setup_psci_ops
 .text.plat_get_power_domain_tree_desc
                0x0000000000921998        0xc ./build/imx8mm/release/bl31/imx8_topology.o
                0x0000000000921998                plat_get_power_domain_tree_desc
 .text.plat_core_pos_by_mpidr
                0x00000000009219a4       0x38 ./build/imx8mm/release/bl31/imx8_topology.o
                0x00000000009219a4                plat_core_pos_by_mpidr
 .text.plat_get_target_pwr_state
                0x00000000009219dc       0x2c ./build/imx8mm/release/bl31/plat_psci_common.o
                0x00000000009219dc                plat_get_target_pwr_state
 .text.xlat_arch_current_el
                0x0000000000921a08        0xc ./build/imx8mm/release/bl31/xlat_tables.o
                0x0000000000921a08                xlat_arch_current_el
 .text.xlat_arch_get_xn_desc
                0x0000000000921a14       0x14 ./build/imx8mm/release/bl31/xlat_tables.o
                0x0000000000921a14                xlat_arch_get_xn_desc
 .text.init_xlat_tables
                0x0000000000921a28       0x84 ./build/imx8mm/release/bl31/xlat_tables.o
                0x0000000000921a28                init_xlat_tables
 .text.enable_mmu_el3
                0x0000000000921aac       0x7c ./build/imx8mm/release/bl31/xlat_tables.o
                0x0000000000921aac                enable_mmu_el3
 .text.enable_mmu_direct_el3
                0x0000000000921b28        0x4 ./build/imx8mm/release/bl31/xlat_tables.o
                0x0000000000921b28                enable_mmu_direct_el3
 .text.init_xlation_table_inner
                0x0000000000921b2c      0x1f0 ./build/imx8mm/release/bl31/xlat_tables_common.o
 .text.print_mmap
                0x0000000000921d1c        0x4 ./build/imx8mm/release/bl31/xlat_tables_common.o
                0x0000000000921d1c                print_mmap
 .text.mmap_add_region
                0x0000000000921d20       0xe8 ./build/imx8mm/release/bl31/xlat_tables_common.o
                0x0000000000921d20                mmap_add_region
 .text.init_xlation_table
                0x0000000000921e08       0x94 ./build/imx8mm/release/bl31/xlat_tables_common.o
                0x0000000000921e08                init_xlation_table
 .text.udelay   0x0000000000921e9c       0x68 ./build/imx8mm/release/bl31/delay_timer.o
                0x0000000000921e9c                udelay
 .text.timer_init
                0x0000000000921f04        0xc ./build/imx8mm/release/bl31/delay_timer.o
                0x0000000000921f04                timer_init
 .text.get_timer_value
                0x0000000000921f10        0xc ./build/imx8mm/release/bl31/generic_delay_timer.o
 .text.generic_delay_timer_init_args
                0x0000000000921f1c       0x20 ./build/imx8mm/release/bl31/generic_delay_timer.o
                0x0000000000921f1c                generic_delay_timer_init_args
 .text.generic_delay_timer_init
                0x0000000000921f3c       0x48 ./build/imx8mm/release/bl31/generic_delay_timer.o
                0x0000000000921f3c                generic_delay_timer_init
 .text.gicd_read_igrpmodr
                0x0000000000921f84       0x14 ./build/imx8mm/release/bl31/gicv3_helpers.o
                0x0000000000921f84                gicd_read_igrpmodr
 .text.gicd_write_igrpmodr
                0x0000000000921f98       0x14 ./build/imx8mm/release/bl31/gicv3_helpers.o
                0x0000000000921f98                gicd_write_igrpmodr
 .text.gicd_set_igrpmodr
                0x0000000000921fac       0x30 ./build/imx8mm/release/bl31/gicv3_helpers.o
                0x0000000000921fac                gicd_set_igrpmodr
 .text.gicd_clr_igrpmodr
                0x0000000000921fdc       0x30 ./build/imx8mm/release/bl31/gicv3_helpers.o
                0x0000000000921fdc                gicd_clr_igrpmodr
 .text.gicr_read_ipriorityr
                0x000000000092200c       0x14 ./build/imx8mm/release/bl31/gicv3_helpers.o
                0x000000000092200c                gicr_read_ipriorityr
 .text.gicr_write_ipriorityr
                0x0000000000922020       0x14 ./build/imx8mm/release/bl31/gicv3_helpers.o
                0x0000000000922020                gicr_write_ipriorityr
 .text.gicr_clr_igroupr0
                0x0000000000922034       0x20 ./build/imx8mm/release/bl31/gicv3_helpers.o
                0x0000000000922034                gicr_clr_igroupr0
 .text.gicr_set_igrpmodr0
                0x0000000000922054       0x20 ./build/imx8mm/release/bl31/gicv3_helpers.o
                0x0000000000922054                gicr_set_igrpmodr0
 .text.gicr_clr_igrpmodr0
                0x0000000000922074       0x20 ./build/imx8mm/release/bl31/gicv3_helpers.o
                0x0000000000922074                gicr_clr_igrpmodr0
 .text.gicr_set_isenabler0
                0x0000000000922094       0x18 ./build/imx8mm/release/bl31/gicv3_helpers.o
                0x0000000000922094                gicr_set_isenabler0
 .text.gicr_set_icfgr1
                0x00000000009220ac       0x30 ./build/imx8mm/release/bl31/gicv3_helpers.o
                0x00000000009220ac                gicr_set_icfgr1
 .text.gicv3_rdistif_mark_core_awake
                0x00000000009220dc       0x38 ./build/imx8mm/release/bl31/gicv3_helpers.o
                0x00000000009220dc                gicv3_rdistif_mark_core_awake
 .text.gicv3_rdistif_mark_core_asleep
                0x0000000000922114       0x1c ./build/imx8mm/release/bl31/gicv3_helpers.o
                0x0000000000922114                gicv3_rdistif_mark_core_asleep
 .text.gicv3_rdistif_base_addrs_probe
                0x0000000000922130       0x58 ./build/imx8mm/release/bl31/gicv3_helpers.o
                0x0000000000922130                gicv3_rdistif_base_addrs_probe
 .text.gicv3_spis_config_defaults
                0x0000000000922188       0x9c ./build/imx8mm/release/bl31/gicv3_helpers.o
                0x0000000000922188                gicv3_spis_config_defaults
 .text.gicv3_secure_spis_config_props
                0x0000000000922224       0xe4 ./build/imx8mm/release/bl31/gicv3_helpers.o
                0x0000000000922224                gicv3_secure_spis_config_props
 .text.gicv3_ppi_sgi_config_defaults
                0x0000000000922308       0x58 ./build/imx8mm/release/bl31/gicv3_helpers.o
                0x0000000000922308                gicv3_ppi_sgi_config_defaults
 .text.gicv3_secure_ppi_sgi_config_props
                0x0000000000922360       0xf4 ./build/imx8mm/release/bl31/gicv3_helpers.o
                0x0000000000922360                gicv3_secure_ppi_sgi_config_props
 .text.arm_gicv3_distif_pre_save
                0x0000000000922454       0x2c ./build/imx8mm/release/bl31/arm_gicv3_common.o
                0x0000000000922454                arm_gicv3_distif_pre_save
 .text.arm_gicv3_distif_post_restore
                0x0000000000922480       0x34 ./build/imx8mm/release/bl31/arm_gicv3_common.o
                0x0000000000922480                arm_gicv3_distif_post_restore
 .text.gicv3_distif_pre_save
                0x00000000009224b4        0x4 ./build/imx8mm/release/bl31/gic500.o
                0x00000000009224b4                gicv3_distif_pre_save
 .text.gicv3_distif_post_restore
                0x00000000009224b8        0x4 ./build/imx8mm/release/bl31/gic500.o
                0x00000000009224b8                gicv3_distif_post_restore
 .text.gicr_wait_for_pending_write
                0x00000000009224bc        0xc ./build/imx8mm/release/bl31/gicv3_main.o
 .text.gicv3_driver_init
                0x00000000009224c8       0x58 ./build/imx8mm/release/bl31/gicv3_main.o
                0x00000000009224c8                gicv3_driver_init
 .text.gicv3_distif_init
                0x0000000000922520       0x80 ./build/imx8mm/release/bl31/gicv3_main.o
                0x0000000000922520                gicv3_distif_init
 .text.gicv3_rdistif_on
                0x00000000009225a0        0x4 ./build/imx8mm/release/bl31/gicv3_main.o
                0x00000000009225a0                gicv3_rdistif_on
 .text.gicv3_rdistif_init
                0x00000000009225a4       0x84 ./build/imx8mm/release/bl31/gicv3_main.o
                0x00000000009225a4                gicv3_rdistif_init
 .text.gicv3_cpuif_enable
                0x0000000000922628       0x84 ./build/imx8mm/release/bl31/gicv3_main.o
                0x0000000000922628                gicv3_cpuif_enable
 .text.gicv3_cpuif_disable
                0x00000000009226ac       0x3c ./build/imx8mm/release/bl31/gicv3_main.o
                0x00000000009226ac                gicv3_cpuif_disable
 .text.gicv3_get_pending_interrupt_type
                0x00000000009226e8        0xc ./build/imx8mm/release/bl31/gicv3_main.o
                0x00000000009226e8                gicv3_get_pending_interrupt_type
 .text.gicv3_rdistif_save
                0x00000000009226f4      0x104 ./build/imx8mm/release/bl31/gicv3_main.o
                0x00000000009226f4                gicv3_rdistif_save
 .text.gicv3_rdistif_init_restore
                0x00000000009227f8      0x124 ./build/imx8mm/release/bl31/gicv3_main.o
                0x00000000009227f8                gicv3_rdistif_init_restore
 .text.gicv3_distif_save
                0x000000000092291c      0x200 ./build/imx8mm/release/bl31/gicv3_main.o
                0x000000000092291c                gicv3_distif_save
 .text.gicv3_distif_init_restore
                0x0000000000922b1c      0x224 ./build/imx8mm/release/bl31/gicv3_main.o
                0x0000000000922b1c                gicv3_distif_init_restore
 .text.gicd_read_igroupr
                0x0000000000922d40       0x14 ./build/imx8mm/release/bl31/gic_common.o
                0x0000000000922d40                gicd_read_igroupr
 .text.gicd_read_isenabler
                0x0000000000922d54       0x14 ./build/imx8mm/release/bl31/gic_common.o
                0x0000000000922d54                gicd_read_isenabler
 .text.gicd_read_ispendr
                0x0000000000922d68       0x14 ./build/imx8mm/release/bl31/gic_common.o
                0x0000000000922d68                gicd_read_ispendr
 .text.gicd_read_isactiver
                0x0000000000922d7c       0x14 ./build/imx8mm/release/bl31/gic_common.o
                0x0000000000922d7c                gicd_read_isactiver
 .text.gicd_read_ipriorityr
                0x0000000000922d90       0x10 ./build/imx8mm/release/bl31/gic_common.o
                0x0000000000922d90                gicd_read_ipriorityr
 .text.gicd_read_icfgr
                0x0000000000922da0       0x14 ./build/imx8mm/release/bl31/gic_common.o
                0x0000000000922da0                gicd_read_icfgr
 .text.gicd_read_nsacr
                0x0000000000922db4       0x14 ./build/imx8mm/release/bl31/gic_common.o
                0x0000000000922db4                gicd_read_nsacr
 .text.gicd_write_igroupr
                0x0000000000922dc8       0x14 ./build/imx8mm/release/bl31/gic_common.o
                0x0000000000922dc8                gicd_write_igroupr
 .text.gicd_write_isenabler
                0x0000000000922ddc       0x14 ./build/imx8mm/release/bl31/gic_common.o
                0x0000000000922ddc                gicd_write_isenabler
 .text.gicd_write_ispendr
                0x0000000000922df0       0x14 ./build/imx8mm/release/bl31/gic_common.o
                0x0000000000922df0                gicd_write_ispendr
 .text.gicd_write_isactiver
                0x0000000000922e04       0x14 ./build/imx8mm/release/bl31/gic_common.o
                0x0000000000922e04                gicd_write_isactiver
 .text.gicd_write_ipriorityr
                0x0000000000922e18       0x10 ./build/imx8mm/release/bl31/gic_common.o
                0x0000000000922e18                gicd_write_ipriorityr
 .text.gicd_write_icfgr
                0x0000000000922e28       0x14 ./build/imx8mm/release/bl31/gic_common.o
                0x0000000000922e28                gicd_write_icfgr
 .text.gicd_write_nsacr
                0x0000000000922e3c       0x14 ./build/imx8mm/release/bl31/gic_common.o
                0x0000000000922e3c                gicd_write_nsacr
 .text.gicd_clr_igroupr
                0x0000000000922e50       0x30 ./build/imx8mm/release/bl31/gic_common.o
                0x0000000000922e50                gicd_clr_igroupr
 .text.gicd_set_isenabler
                0x0000000000922e80        0xc ./build/imx8mm/release/bl31/gic_common.o
                0x0000000000922e80                gicd_set_isenabler
 .text.gicd_set_ipriorityr
                0x0000000000922e8c       0x14 ./build/imx8mm/release/bl31/gic_common.o
                0x0000000000922e8c                gicd_set_ipriorityr
 .text.gicd_set_icfgr
                0x0000000000922ea0       0x40 ./build/imx8mm/release/bl31/gic_common.o
                0x0000000000922ea0                gicd_set_icfgr
 .text.plat_ic_get_pending_interrupt_type
                0x0000000000922ee0       0x34 ./build/imx8mm/release/bl31/plat_gicv3.o
                0x0000000000922ee0                plat_ic_get_pending_interrupt_type
 .text.plat_interrupt_type_to_line
                0x0000000000922f14       0x48 ./build/imx8mm/release/bl31/plat_gicv3.o
                0x0000000000922f14                plat_interrupt_type_to_line
 .text.plat_imx_mpidr_to_core_pos
                0x0000000000922f5c        0x4 ./build/imx8mm/release/bl31/plat_imx8_gic.o
 .text.plat_gic_driver_init
                0x0000000000922f60        0xc ./build/imx8mm/release/bl31/plat_imx8_gic.o
                0x0000000000922f60                plat_gic_driver_init
 .text.plat_gic_init
                0x0000000000922f6c       0x20 ./build/imx8mm/release/bl31/plat_imx8_gic.o
                0x0000000000922f6c                plat_gic_init
 .text.plat_gic_cpuif_enable
                0x0000000000922f8c       0x14 ./build/imx8mm/release/bl31/plat_imx8_gic.o
                0x0000000000922f8c                plat_gic_cpuif_enable
 .text.plat_gic_cpuif_disable
                0x0000000000922fa0       0x14 ./build/imx8mm/release/bl31/plat_imx8_gic.o
                0x0000000000922fa0                plat_gic_cpuif_disable
 .text.plat_gic_pcpu_init
                0x0000000000922fb4       0x14 ./build/imx8mm/release/bl31/plat_imx8_gic.o
                0x0000000000922fb4                plat_gic_pcpu_init
 .text.plat_gic_save
                0x0000000000922fc8       0x4c ./build/imx8mm/release/bl31/plat_imx8_gic.o
                0x0000000000922fc8                plat_gic_save
 .text.plat_gic_restore
                0x0000000000923014       0x44 ./build/imx8mm/release/bl31/plat_imx8_gic.o
                0x0000000000923014                plat_gic_restore
 .text.dram_umctl2_init
                0x0000000000923058       0x40 ./build/imx8mm/release/bl31/dram.o
                0x0000000000923058                dram_umctl2_init
 .text.dram_phy_init
                0x0000000000923098       0xa8 ./build/imx8mm/release/bl31/dram.o
                0x0000000000923098                dram_phy_init
 .text.dram_info_init
                0x0000000000923140       0xf4 ./build/imx8mm/release/bl31/dram.o
                0x0000000000923140                dram_info_init
 .text.dram_enter_retention
                0x0000000000923234       0x24 ./build/imx8mm/release/bl31/dram.o
                0x0000000000923234                dram_enter_retention
 .text.dram_exit_retention
                0x0000000000923258       0x24 ./build/imx8mm/release/bl31/dram.o
                0x0000000000923258                dram_exit_retention
 .text.dram_dvfs_handler
                0x000000000092327c      0x160 ./build/imx8mm/release/bl31/dram.o
                0x000000000092327c                dram_dvfs_handler
 .text.ddr_pll_bypass_100mts
                0x00000000009233dc       0x48 ./build/imx8mm/release/bl31/clock.o
                0x00000000009233dc                ddr_pll_bypass_100mts
 .text.ddr_pll_bypass_400mts
                0x0000000000923424       0x48 ./build/imx8mm/release/bl31/clock.o
                0x0000000000923424                ddr_pll_bypass_400mts
 .text.ddr_pll_bypass_dis
                0x000000000092346c       0x2c ./build/imx8mm/release/bl31/clock.o
                0x000000000092346c                ddr_pll_bypass_dis
 .text.dram_clock_switch
                0x0000000000923498       0x1c ./build/imx8mm/release/bl31/clock.o
                0x0000000000923498                dram_clock_switch
 .text.lpddr4_enter_retention
                0x00000000009234b4      0x144 ./build/imx8mm/release/bl31/lpddr4_retention.o
                0x00000000009234b4                lpddr4_enter_retention
 .text.lpddr4_exit_retention
                0x00000000009235f8      0x238 ./build/imx8mm/release/bl31/lpddr4_retention.o
                0x00000000009235f8                lpddr4_exit_retention
 .text.ddr4_enter_retention
                0x0000000000923830      0x1c4 ./build/imx8mm/release/bl31/ddr4_retention.o
                0x0000000000923830                ddr4_enter_retention
 .text.ddr4_exit_retention
                0x00000000009239f4      0x264 ./build/imx8mm/release/bl31/ddr4_retention.o
                0x00000000009239f4                ddr4_exit_retention
 .text.lpddr4_mr_write
                0x0000000000923c58       0x40 ./build/imx8mm/release/bl31/lpddr4_helper.o
                0x0000000000923c58                lpddr4_mr_write
 .text.lpddr4_swffc
                0x0000000000923c98      0x568 ./build/imx8mm/release/bl31/lpddr4_dvfs.o
                0x0000000000923c98                lpddr4_swffc
 .text.ddr4_mr_write
                0x0000000000924200       0xd4 ./build/imx8mm/release/bl31/ddr4_dvfs.o
                0x0000000000924200                ddr4_mr_write
 .text.dram_cfg_all_mr
                0x00000000009242d4       0x5c ./build/imx8mm/release/bl31/ddr4_dvfs.o
                0x00000000009242d4                dram_cfg_all_mr
 .text.sw_pstate
                0x0000000000924330      0x11c ./build/imx8mm/release/bl31/ddr4_dvfs.o
                0x0000000000924330                sw_pstate
 .text.ddr4_dll_change
                0x000000000092444c      0x344 ./build/imx8mm/release/bl31/ddr4_dvfs.o
                0x000000000092444c                ddr4_dll_change
 .text.ddr4_dll_no_change
                0x0000000000924790      0x138 ./build/imx8mm/release/bl31/ddr4_dvfs.o
                0x0000000000924790                ddr4_dll_no_change
 .text.get_mr_values
                0x00000000009248c8       0x6c ./build/imx8mm/release/bl31/ddr4_dvfs.o
                0x00000000009248c8                get_mr_values
 .text.ddr4_swffc
                0x0000000000924934       0x68 ./build/imx8mm/release/bl31/ddr4_dvfs.o
                0x0000000000924934                ddr4_swffc
 .text.tzc380_init
                0x000000000092499c       0x2c ./build/imx8mm/release/bl31/tzc380.o
                0x000000000092499c                tzc380_init
 .text.tzc380_configure_region
                0x00000000009249c8       0x30 ./build/imx8mm/release/bl31/tzc380.o
                0x00000000009249c8                tzc380_configure_region
 .text.get_arm_std_svc_args
                0x00000000009249f8        0xc ./build/imx8mm/release/bl31/bl31_main.o
                0x00000000009249f8                get_arm_std_svc_args
 .text.bl31_prepare_next_image_entry
                0x0000000000924a04       0x60 ./build/imx8mm/release/bl31/bl31_main.o
                0x0000000000924a04                bl31_prepare_next_image_entry
 .text.bl31_main
                0x0000000000924a64       0x64 ./build/imx8mm/release/bl31/bl31_main.o
                0x0000000000924a64                bl31_main
 .text.bl31_register_bl32_init
                0x0000000000924ac8        0xc ./build/imx8mm/release/bl31/bl31_main.o
                0x0000000000924ac8                bl31_register_bl32_init
 .text.set_scr_el3_from_rm
                0x0000000000924ad4       0x84 ./build/imx8mm/release/bl31/interrupt_mgmt.o
 .text.get_scr_el3_from_routing_model
                0x0000000000924b58       0x30 ./build/imx8mm/release/bl31/interrupt_mgmt.o
                0x0000000000924b58                get_scr_el3_from_routing_model
 .text.set_routing_model
                0x0000000000924b88       0x98 ./build/imx8mm/release/bl31/interrupt_mgmt.o
                0x0000000000924b88                set_routing_model
 .text.register_interrupt_type_handler
                0x0000000000924c20       0x6c ./build/imx8mm/release/bl31/interrupt_mgmt.o
                0x0000000000924c20                register_interrupt_type_handler
 .text.get_interrupt_type_handler
                0x0000000000924c8c       0x2c ./build/imx8mm/release/bl31/interrupt_mgmt.o
                0x0000000000924c8c                get_interrupt_type_handler
 .text.cm_get_context
                0x0000000000924cb8        0xc ./build/imx8mm/release/bl31/bl31_context_mgmt.o
                0x0000000000924cb8                cm_get_context
 .text.cm_set_context
                0x0000000000924cc4        0xc ./build/imx8mm/release/bl31/bl31_context_mgmt.o
                0x0000000000924cc4                cm_set_context
 .text.cm_get_context_by_index
                0x0000000000924cd0       0x24 ./build/imx8mm/release/bl31/bl31_context_mgmt.o
                0x0000000000924cd0                cm_get_context_by_index
 .text.cm_set_context_by_index
                0x0000000000924cf4       0x28 ./build/imx8mm/release/bl31/bl31_context_mgmt.o
                0x0000000000924cf4                cm_set_context_by_index
 .text.runtime_svc_init
                0x0000000000924d1c      0x128 ./build/imx8mm/release/bl31/runtime_svc.o
                0x0000000000924d1c                runtime_svc_init
 .text.arm_arch_svc_smc_handler
                0x0000000000924e44       0xbc ./build/imx8mm/release/bl31/arm_arch_svc_setup.o
 .text.std_svc_setup
                0x0000000000924f00       0x24 ./build/imx8mm/release/bl31/std_svc_setup.o
 .text.std_svc_smc_handler
                0x0000000000924f24       0xa4 ./build/imx8mm/release/bl31/std_svc_setup.o
 .text.cm_init  0x0000000000924fc8        0x4 ./build/imx8mm/release/bl31/context_mgmt.o
                0x0000000000924fc8                cm_init
 .text.cm_setup_context
                0x0000000000924fcc       0xfc ./build/imx8mm/release/bl31/context_mgmt.o
                0x0000000000924fcc                cm_setup_context
 .text.cm_init_context_by_index
                0x00000000009250c8       0x2c ./build/imx8mm/release/bl31/context_mgmt.o
                0x00000000009250c8                cm_init_context_by_index
 .text.cm_init_my_context
                0x00000000009250f4       0x2c ./build/imx8mm/release/bl31/context_mgmt.o
                0x00000000009250f4                cm_init_my_context
 .text.cm_el1_sysregs_context_save
                0x0000000000925120       0x7c ./build/imx8mm/release/bl31/context_mgmt.o
                0x0000000000925120                cm_el1_sysregs_context_save
 .text.cm_el1_sysregs_context_restore
                0x000000000092519c       0x7c ./build/imx8mm/release/bl31/context_mgmt.o
                0x000000000092519c                cm_el1_sysregs_context_restore
 .text.cm_set_elr_el3
                0x0000000000925218       0x24 ./build/imx8mm/release/bl31/context_mgmt.o
                0x0000000000925218                cm_set_elr_el3
 .text.cm_write_scr_el3_bit
                0x000000000092523c       0x40 ./build/imx8mm/release/bl31/context_mgmt.o
                0x000000000092523c                cm_write_scr_el3_bit
 .text.cm_set_next_eret_context
                0x000000000092527c       0x20 ./build/imx8mm/release/bl31/context_mgmt.o
                0x000000000092527c                cm_set_next_eret_context
 .text.cm_prepare_el3_exit
                0x000000000092529c       0xc8 ./build/imx8mm/release/bl31/context_mgmt.o
                0x000000000092529c                cm_prepare_el3_exit
 .text.psci_do_cpu_off
                0x0000000000925364      0x100 ./build/imx8mm/release/bl31/psci_off.o
                0x0000000000925364                psci_do_cpu_off
 .text.psci_cpu_on_start
                0x0000000000925464      0x160 ./build/imx8mm/release/bl31/psci_on.o
                0x0000000000925464                psci_cpu_on_start
 .text.psci_cpu_on_finish
                0x00000000009255c4       0xc4 ./build/imx8mm/release/bl31/psci_on.o
                0x00000000009255c4                psci_cpu_on_finish
 .text.psci_cpu_suspend_start
                0x0000000000925688      0x18c ./build/imx8mm/release/bl31/psci_suspend.o
                0x0000000000925688                psci_cpu_suspend_start
 .text.psci_cpu_suspend_finish
                0x0000000000925814       0xa4 ./build/imx8mm/release/bl31/psci_suspend.o
                0x0000000000925814                psci_cpu_suspend_finish
 .text.psci_validate_power_state
                0x00000000009258b8       0x24 ./build/imx8mm/release/bl31/psci_common.o
                0x00000000009258b8                psci_validate_power_state
 .text.psci_query_sys_suspend_pwrstate
                0x00000000009258dc       0x10 ./build/imx8mm/release/bl31/psci_common.o
                0x00000000009258dc                psci_query_sys_suspend_pwrstate
 .text.psci_is_last_on_cpu
                0x00000000009258ec       0x58 ./build/imx8mm/release/bl31/psci_common.o
                0x00000000009258ec                psci_is_last_on_cpu
 .text.psci_init_req_local_pwr_states
                0x0000000000925944       0x30 ./build/imx8mm/release/bl31/psci_common.o
                0x0000000000925944                psci_init_req_local_pwr_states
 .text.psci_get_target_local_pwr_states
                0x0000000000925974       0xb4 ./build/imx8mm/release/bl31/psci_common.o
                0x0000000000925974                psci_get_target_local_pwr_states
 .text.psci_get_parent_pwr_domain_nodes
                0x0000000000925a28       0x44 ./build/imx8mm/release/bl31/psci_common.o
                0x0000000000925a28                psci_get_parent_pwr_domain_nodes
 .text.psci_set_pwr_domains_to_run
                0x0000000000925a6c       0xa0 ./build/imx8mm/release/bl31/psci_common.o
                0x0000000000925a6c                psci_set_pwr_domains_to_run
 .text.psci_do_state_coordination
                0x0000000000925b0c      0x16c ./build/imx8mm/release/bl31/psci_common.o
                0x0000000000925b0c                psci_do_state_coordination
 .text.psci_find_max_off_lvl
                0x0000000000925c78       0x4c ./build/imx8mm/release/bl31/psci_common.o
                0x0000000000925c78                psci_find_max_off_lvl
 .text.psci_find_target_suspend_lvl
                0x0000000000925cc4       0x34 ./build/imx8mm/release/bl31/psci_common.o
                0x0000000000925cc4                psci_find_target_suspend_lvl
 .text.psci_acquire_pwr_domain_locks
                0x0000000000925cf8       0x78 ./build/imx8mm/release/bl31/psci_common.o
                0x0000000000925cf8                psci_acquire_pwr_domain_locks
 .text.psci_release_pwr_domain_locks
                0x0000000000925d70       0x6c ./build/imx8mm/release/bl31/psci_common.o
                0x0000000000925d70                psci_release_pwr_domain_locks
 .text.psci_validate_mpidr
                0x0000000000925ddc       0x20 ./build/imx8mm/release/bl31/psci_common.o
                0x0000000000925ddc                psci_validate_mpidr
 .text.psci_validate_entry_point
                0x0000000000925dfc       0xf8 ./build/imx8mm/release/bl31/psci_common.o
                0x0000000000925dfc                psci_validate_entry_point
 .text.psci_warmboot_entrypoint
                0x0000000000925ef4       0xb0 ./build/imx8mm/release/bl31/psci_common.o
                0x0000000000925ef4                psci_warmboot_entrypoint
 .text.psci_register_spd_pm_hook
                0x0000000000925fa4       0x3c ./build/imx8mm/release/bl31/psci_common.o
                0x0000000000925fa4                psci_register_spd_pm_hook
 .text.psci_spd_migrate_info
                0x0000000000925fe0       0x20 ./build/imx8mm/release/bl31/psci_common.o
                0x0000000000925fe0                psci_spd_migrate_info
 .text.psci_print_power_domain_map
                0x0000000000926000        0x4 ./build/imx8mm/release/bl31/psci_common.o
                0x0000000000926000                psci_print_power_domain_map
 .text.psci_do_pwrdown_sequence
                0x0000000000926004        0x4 ./build/imx8mm/release/bl31/psci_common.o
                0x0000000000926004                psci_do_pwrdown_sequence
 .text.psci_cpu_on
                0x0000000000926008       0x5c ./build/imx8mm/release/bl31/psci_main.o
                0x0000000000926008                psci_cpu_on
 .text.psci_cpu_suspend
                0x0000000000926064       0xec ./build/imx8mm/release/bl31/psci_main.o
                0x0000000000926064                psci_cpu_suspend
 .text.psci_system_suspend
                0x0000000000926150       0x68 ./build/imx8mm/release/bl31/psci_main.o
                0x0000000000926150                psci_system_suspend
 .text.psci_cpu_off
                0x00000000009261b8        0x8 ./build/imx8mm/release/bl31/psci_main.o
                0x00000000009261b8                psci_cpu_off
 .text.psci_affinity_info
                0x00000000009261c0       0x58 ./build/imx8mm/release/bl31/psci_main.o
                0x00000000009261c0                psci_affinity_info
 .text.psci_migrate
                0x0000000000926218       0x7c ./build/imx8mm/release/bl31/psci_main.o
                0x0000000000926218                psci_migrate
 .text.psci_migrate_info_type
                0x0000000000926294       0x18 ./build/imx8mm/release/bl31/psci_main.o
                0x0000000000926294                psci_migrate_info_type
 .text.psci_migrate_info_up_cpu
                0x00000000009262ac       0x28 ./build/imx8mm/release/bl31/psci_main.o
                0x00000000009262ac                psci_migrate_info_up_cpu
 .text.psci_node_hw_state
                0x00000000009262d4       0x54 ./build/imx8mm/release/bl31/psci_main.o
                0x00000000009262d4                psci_node_hw_state
 .text.psci_features
                0x0000000000926328       0x68 ./build/imx8mm/release/bl31/psci_main.o
                0x0000000000926328                psci_features
 .text.psci_smc_handler
                0x0000000000926390      0x154 ./build/imx8mm/release/bl31/psci_main.o
                0x0000000000926390                psci_smc_handler
 .text.psci_arch_setup
                0x00000000009264e4       0x1c ./build/imx8mm/release/bl31/psci_setup.o
                0x00000000009264e4                psci_arch_setup
 .text.psci_setup
                0x0000000000926500      0x348 ./build/imx8mm/release/bl31/psci_setup.o
                0x0000000000926500                psci_setup
 .text.psci_system_off
                0x0000000000926848       0x38 ./build/imx8mm/release/bl31/psci_system_off.o
                0x0000000000926848                psci_system_off
 .text.psci_system_reset
                0x0000000000926880       0x38 ./build/imx8mm/release/bl31/psci_system_off.o
                0x0000000000926880                psci_system_reset
 .text.psci_system_reset2
                0x00000000009268b8       0xa4 ./build/imx8mm/release/bl31/psci_system_off.o
                0x00000000009268b8                psci_system_reset2
 .text.psci_mem_protect
                0x000000000092695c       0x5c ./build/imx8mm/release/bl31/psci_mem_protect.o
                0x000000000092695c                psci_mem_protect
 .text.psci_mem_chk_range
                0x00000000009269b8       0x48 ./build/imx8mm/release/bl31/psci_mem_protect.o
                0x00000000009269b8                psci_mem_chk_range
 .text.bakery_lock_get
                0x0000000000926a00      0x11c ./build/imx8mm/release/bl31/bakery_lock_normal.o
                0x0000000000926a00                bakery_lock_get
 .text.bakery_lock_release
                0x0000000000926b1c       0x58 ./build/imx8mm/release/bl31/bakery_lock_normal.o
                0x0000000000926b1c                bakery_lock_release
 .text.spe_supported
                0x0000000000926b74       0x14 ./build/imx8mm/release/bl31/spe.o
                0x0000000000926b74                spe_supported
 .text.spe_drain_buffers_hook
                0x0000000000926b88       0x30 ./build/imx8mm/release/bl31/spe.o
 .text.spe_enable
                0x0000000000926bb8       0x40 ./build/imx8mm/release/bl31/spe.o
                0x0000000000926bb8                spe_enable
 .text.sve_supported
                0x0000000000926bf8       0x14 ./build/imx8mm/release/bl31/sve.o
                0x0000000000926bf8                sve_supported
 .text.disable_sve_hook
                0x0000000000926c0c       0x3c ./build/imx8mm/release/bl31/sve.o
 .text.enable_sve_hook
                0x0000000000926c48       0x3c ./build/imx8mm/release/bl31/sve.o
 .text.sve_enable
                0x0000000000926c84       0x4c ./build/imx8mm/release/bl31/sve.o
                0x0000000000926c84                sve_enable
 .text.opteed_init_optee_ep_state
                0x0000000000926cd0       0xa4 ./build/imx8mm/release/bl31/opteed_common.o
                0x0000000000926cd0                opteed_init_optee_ep_state
 .text.opteed_synchronous_sp_entry
                0x0000000000926d74       0x30 ./build/imx8mm/release/bl31/opteed_common.o
                0x0000000000926d74                opteed_synchronous_sp_entry
 .text.opteed_synchronous_sp_exit
                0x0000000000926da4       0x28 ./build/imx8mm/release/bl31/opteed_common.o
                0x0000000000926da4                opteed_synchronous_sp_exit
 .text.opteed_sel1_interrupt_handler
                0x0000000000926dcc       0x74 ./build/imx8mm/release/bl31/opteed_main.o
 .text.opteed_smc_handler
                0x0000000000926e40      0x1c4 ./build/imx8mm/release/bl31/opteed_main.o
 .text.opteed_setup
                0x0000000000927004       0x7c ./build/imx8mm/release/bl31/opteed_main.o
 .text.opteed_init
                0x0000000000927080       0x40 ./build/imx8mm/release/bl31/opteed_main.o
 .text.opteed_cpu_on_handler
                0x00000000009270c0        0x4 ./build/imx8mm/release/bl31/opteed_pm.o
 .text.opteed_cpu_migrate_info
                0x00000000009270c4        0x8 ./build/imx8mm/release/bl31/opteed_pm.o
 .text.opteed_system_reset
                0x00000000009270cc       0x44 ./build/imx8mm/release/bl31/opteed_pm.o
 .text.opteed_system_off
                0x0000000000927110       0x44 ./build/imx8mm/release/bl31/opteed_pm.o
 .text.opteed_cpu_suspend_finish_handler
                0x0000000000927154       0x8c ./build/imx8mm/release/bl31/opteed_pm.o
 .text.opteed_cpu_suspend_handler
                0x00000000009271e0       0x8c ./build/imx8mm/release/bl31/opteed_pm.o
 .text.opteed_cpu_off_handler
                0x000000000092726c       0x6c ./build/imx8mm/release/bl31/opteed_pm.o
 .text.opteed_cpu_on_finish_handler
                0x00000000009272d8       0x9c ./build/imx8mm/release/bl31/opteed_pm.o
 .text.print_entry_point_info
                0x0000000000927374        0x4 ./build/imx8mm/release/bl31/bl_common.o
                0x0000000000927374                print_entry_point_info
 .text.tf_log   0x0000000000927378       0x98 ./build/imx8mm/release/bl31/tf_log.o
                0x0000000000927378                tf_log
 .text.plat_log_get_prefix
                0x0000000000927410       0x30 ./build/imx8mm/release/bl31/plat_log_common.o
                0x0000000000927410                plat_log_get_prefix
 .text.plat_ea_handler
                0x0000000000927440       0x40 ./build/imx8mm/release/bl31/plat_common.o
                0x0000000000927440                plat_ea_handler
 .text.asm.plat_is_my_cpu_primary
                0x0000000000927480       0x14 ./build/imx8mm/release/bl31/imx8_helpers.o
                0x0000000000927480                plat_is_my_cpu_primary
 .text.asm.plat_my_core_pos
                0x0000000000927494       0x14 ./build/imx8mm/release/bl31/imx8_helpers.o
                0x0000000000927494                plat_my_core_pos
 .text.asm.plat_get_my_entrypoint
                0x00000000009274a8        0xc ./build/imx8mm/release/bl31/imx8_helpers.o
                0x00000000009274a8                plat_get_my_entrypoint
 .text.asm.imx_mailbox_init
                0x00000000009274b4        0xc ./build/imx8mm/release/bl31/imx8_helpers.o
                0x00000000009274b4                imx_mailbox_init
 .text.asm.plat_secondary_cold_boot_setup
                0x00000000009274c0        0x4 ./build/imx8mm/release/bl31/imx8_helpers.o
                0x00000000009274c0                plat_secondary_cold_boot_setup
 .text.asm.plat_crash_console_init
                0x00000000009274c4        0x4 ./build/imx8mm/release/bl31/imx8_helpers.o
                0x00000000009274c4                plat_crash_console_init
 .text.asm.plat_crash_console_putc
                0x00000000009274c8        0x4 ./build/imx8mm/release/bl31/imx8_helpers.o
                0x00000000009274c8                plat_crash_console_putc
 .text.asm.platform_mem_init
                0x00000000009274cc        0x4 ./build/imx8mm/release/bl31/imx8_helpers.o
                0x00000000009274cc                platform_mem_init
 .text.asm.cortex_a53_disable_dcache
                0x00000000009274d0       0x14 ./build/imx8mm/release/bl31/cortex_a53.o
 .text.asm.cortex_a53_disable_smp
                0x00000000009274e4       0x18 ./build/imx8mm/release/bl31/cortex_a53.o
 .text.asm.errata_a53_855873_wa
                0x00000000009274fc       0x1c ./build/imx8mm/release/bl31/cortex_a53.o
 .text.asm.check_errata_855873
                0x0000000000927518        0x8 ./build/imx8mm/release/bl31/cortex_a53.o
 .text.asm.cortex_a53_reset_func
                0x0000000000927520       0x28 ./build/imx8mm/release/bl31/cortex_a53.o
 .text.asm.cortex_a53_core_pwr_dwn
                0x0000000000927548       0x18 ./build/imx8mm/release/bl31/cortex_a53.o
 .text.asm.cortex_a53_cluster_pwr_dwn
                0x0000000000927560       0x24 ./build/imx8mm/release/bl31/cortex_a53.o
 .text.asm.console_putc
                0x0000000000927584       0x68 ./build/imx8mm/release/bl31/console.o
                0x0000000000927584                console_putc
 .text.asm.console_flush
                0x00000000009275ec       0x60 ./build/imx8mm/release/bl31/console.o
                0x00000000009275ec                console_flush
 .text.asm.report_unhandled_exception
                0x000000000092764c        0x4 ./build/imx8mm/release/bl31/crash_reporting.o
                0x000000000092764c                report_unhandled_exception
                0x000000000092764c                report_unhandled_interrupt
 .text.asm.enter_lower_el_sync_ea
                0x0000000000927650       0x40 ./build/imx8mm/release/bl31/ea_delegate.o
                0x0000000000927650                enter_lower_el_sync_ea
 .text.asm.enter_lower_el_async_ea
                0x0000000000927690       0x18 ./build/imx8mm/release/bl31/ea_delegate.o
                0x0000000000927690                enter_lower_el_async_ea
 .text.asm.delegate_sync_ea
                0x00000000009276a8        0x4 ./build/imx8mm/release/bl31/ea_delegate.o
 .text.asm.delegate_async_ea
                0x00000000009276ac        0x4 ./build/imx8mm/release/bl31/ea_delegate.o
 .text.asm.ea_proceed
                0x00000000009276b0       0x68 ./build/imx8mm/release/bl31/ea_delegate.o
 .text.asm.smc_handler
                0x0000000000927718       0xb8 ./build/imx8mm/release/bl31/runtime_exceptions.o
 .text.asm.plat_get_my_stack
                0x00000000009277d0       0x20 ./build/imx8mm/release/bl31/platform_mp_stack.o
                0x00000000009277d0                plat_get_my_stack
 .text.asm.plat_set_my_stack
                0x00000000009277f0       0x10 ./build/imx8mm/release/bl31/platform_mp_stack.o
                0x00000000009277f0                plat_set_my_stack
 .text.asm.init_cpu_data_ptr
                0x0000000000927800       0x14 ./build/imx8mm/release/bl31/cpu_data.o
                0x0000000000927800                init_cpu_data_ptr
 .text.asm._cpu_data_by_index
                0x0000000000927814       0x14 ./build/imx8mm/release/bl31/cpu_data.o
                0x0000000000927814                _cpu_data_by_index
 .text.asm.reset_handler
                0x0000000000927828       0x20 ./build/imx8mm/release/bl31/cpu_helpers.o
                0x0000000000927828                reset_handler
 .text.asm.prepare_cpu_pwr_dwn
                0x0000000000927848       0x24 ./build/imx8mm/release/bl31/cpu_helpers.o
                0x0000000000927848                prepare_cpu_pwr_dwn
 .text.asm.init_cpu_ops
                0x000000000092786c       0x20 ./build/imx8mm/release/bl31/cpu_helpers.o
                0x000000000092786c                init_cpu_ops
 .text.asm.get_cpu_ops_ptr
                0x000000000092788c       0x3c ./build/imx8mm/release/bl31/cpu_helpers.o
                0x000000000092788c                get_cpu_ops_ptr
 .text.asm.cpu_get_rev_var
                0x00000000009278c8       0x10 ./build/imx8mm/release/bl31/cpu_helpers.o
                0x00000000009278c8                cpu_get_rev_var
 .text.asm.cpu_rev_var_hs
                0x00000000009278d8       0x14 ./build/imx8mm/release/bl31/cpu_helpers.o
                0x00000000009278d8                cpu_rev_var_hs
 .text.asm.check_wa_cve_2017_5715
                0x00000000009278ec       0x20 ./build/imx8mm/release/bl31/cpu_helpers.o
                0x00000000009278ec                check_wa_cve_2017_5715
 .text.asm.spin_lock
                0x000000000092790c       0x20 ./build/imx8mm/release/bl31/spinlock.o
                0x000000000092790c                spin_lock
 .text.asm.spin_unlock
                0x000000000092792c        0x8 ./build/imx8mm/release/bl31/spinlock.o
                0x000000000092792c                spin_unlock
 .text.asm.psci_do_pwrdown_cache_maintenance
                0x0000000000927934       0x3c ./build/imx8mm/release/bl31/psci_helpers.o
                0x0000000000927934                psci_do_pwrdown_cache_maintenance
 .text.asm.psci_do_pwrup_cache_maintenance
                0x0000000000927970       0x34 ./build/imx8mm/release/bl31/psci_helpers.o
                0x0000000000927970                psci_do_pwrup_cache_maintenance
 .text.asm.psci_power_down_wfi
                0x00000000009279a4        0xc ./build/imx8mm/release/bl31/psci_helpers.o
                0x00000000009279a4                psci_power_down_wfi
 .text.asm.el1_sysregs_context_save
                0x00000000009279b0       0xb4 ./build/imx8mm/release/bl31/context.o
                0x00000000009279b0                el1_sysregs_context_save
 .text.asm.el1_sysregs_context_restore
                0x0000000000927a64       0xb4 ./build/imx8mm/release/bl31/context.o
                0x0000000000927a64                el1_sysregs_context_restore
 .text.asm.save_gp_registers
                0x0000000000927b18       0x48 ./build/imx8mm/release/bl31/context.o
                0x0000000000927b18                save_gp_registers
 .text.asm.restore_gp_registers
                0x0000000000927b60       0x48 ./build/imx8mm/release/bl31/context.o
                0x0000000000927b60                restore_gp_registers
 .text.asm.restore_gp_registers_eret
                0x0000000000927ba8        0xc ./build/imx8mm/release/bl31/context.o
                0x0000000000927ba8                restore_gp_registers_eret
 .text.asm.el3_exit
                0x0000000000927bb4       0x24 ./build/imx8mm/release/bl31/context.o
                0x0000000000927bb4                el3_exit
 .text.asm.opteed_enter_sp
                0x0000000000927bd8       0x28 ./build/imx8mm/release/bl31/opteed_helpers.o
                0x0000000000927bd8                opteed_enter_sp
 .text.asm.opteed_exit_sp
                0x0000000000927c00       0x24 ./build/imx8mm/release/bl31/opteed_helpers.o
                0x0000000000927c00                opteed_exit_sp
 .text.asm.asm_print_str
                0x0000000000927c24       0x18 ./build/imx8mm/release/bl31/debug.o
                0x0000000000927c24                asm_print_str
 .text.asm.asm_print_hex
                0x0000000000927c3c       0x30 ./build/imx8mm/release/bl31/debug.o
                0x0000000000927c3c                asm_print_hex
 .text.asm.do_panic
                0x0000000000927c6c       0x2c ./build/imx8mm/release/bl31/debug.o
                0x0000000000927c6c                do_panic
                0x0000000000927c6c                el3_panic
 .text.asm.flush_dcache_range
                0x0000000000927c98       0x38 ./build/imx8mm/release/bl31/cache_helpers.o
                0x0000000000927c98                flush_dcache_range
 .text.asm.clean_dcache_range
                0x0000000000927cd0       0x38 ./build/imx8mm/release/bl31/cache_helpers.o
                0x0000000000927cd0                clean_dcache_range
 .text.asm.inv_dcache_range
                0x0000000000927d08       0x38 ./build/imx8mm/release/bl31/cache_helpers.o
                0x0000000000927d08                inv_dcache_range
 .text.asm.do_dcsw_op
                0x0000000000927d40       0xdc ./build/imx8mm/release/bl31/cache_helpers.o
 .text.asm.dcsw_op_all
                0x0000000000927e1c       0x14 ./build/imx8mm/release/bl31/cache_helpers.o
                0x0000000000927e1c                dcsw_op_all
 .text.asm.dcsw_op_level1
                0x0000000000927e30       0x10 ./build/imx8mm/release/bl31/cache_helpers.o
                0x0000000000927e30                dcsw_op_level1
 .text.asm.dcsw_op_level2
                0x0000000000927e40       0x10 ./build/imx8mm/release/bl31/cache_helpers.o
                0x0000000000927e40                dcsw_op_level2
 .text.asm.zeromem
                0x0000000000927e50        0x8 ./build/imx8mm/release/bl31/misc_helpers.o
                0x0000000000927e50                zeromem
 .text.asm.zeromem_dczva
                0x0000000000927e58       0xe8 ./build/imx8mm/release/bl31/misc_helpers.o
                0x0000000000927e58                zero_normalmem
 .text.asm.plat_crash_console_flush
                0x0000000000927f40        0x4 ./build/imx8mm/release/bl31/platform_helpers.o
                0x0000000000927f40                plat_crash_console_flush
 .text.asm.plat_reset_handler
                0x0000000000927f44        0x4 ./build/imx8mm/release/bl31/platform_helpers.o
                0x0000000000927f44                plat_reset_handler
 .text.asm.plat_disable_acp
                0x0000000000927f48        0x4 ./build/imx8mm/release/bl31/platform_helpers.o
                0x0000000000927f48                plat_disable_acp
 .text.asm.plat_panic_handler
                0x0000000000927f4c        0x8 ./build/imx8mm/release/bl31/platform_helpers.o
                0x0000000000927f4c                plat_panic_handler
 .text.asm.bl31_plat_enable_mmu
                0x0000000000927f54        0x4 ./build/imx8mm/release/bl31/platform_helpers.o
                0x0000000000927f54                bl31_plat_enable_mmu
 .text.asm.plat_handle_double_fault
                0x0000000000927f58        0x4 ./build/imx8mm/release/bl31/platform_helpers.o
                0x0000000000927f58                plat_handle_double_fault
 .text.asm.plat_handle_el3_ea
                0x0000000000927f5c        0x4 ./build/imx8mm/release/bl31/platform_helpers.o
                0x0000000000927f5c                plat_handle_el3_ea
 .text.memcpy   0x0000000000927f60       0x20 ./build/imx8mm/release/lib/libc.a(memcpy.o)
                0x0000000000927f60                memcpy
 .text.memmove  0x0000000000927f80       0x48 ./build/imx8mm/release/lib/libc.a(memmove.o)
                0x0000000000927f80                memmove
 .text.memset   0x0000000000927fc8       0x1c ./build/imx8mm/release/lib/libc.a(memset.o)
                0x0000000000927fc8                memset
 .text.unsigned_num_print
                0x0000000000927fe4       0xb8 ./build/imx8mm/release/lib/libc.a(printf.o)
 .text.vprintf  0x000000000092809c      0x408 ./build/imx8mm/release/lib/libc.a(printf.o)
                0x000000000092809c                vprintf
 .text.printf   0x00000000009284a4       0x54 ./build/imx8mm/release/lib/libc.a(printf.o)
                0x00000000009284a4                printf
 .text.putchar  0x00000000009284f8       0x2c ./build/imx8mm/release/lib/libc.a(putchar.o)
                0x00000000009284f8                putchar
 .text.strchr   0x0000000000928524       0x24 ./build/imx8mm/release/lib/libc.a(strchr.o)
                0x0000000000928524                strchr
 *(.rodata*)
 .rodata.build_message
                0x0000000000928548       0x1e ./build/imx8mm/release/bl31/build_message.o
                0x0000000000928548                build_message
 .rodata.version_string
                0x0000000000928566       0x33 ./build/imx8mm/release/bl31/build_message.o
                0x0000000000928566                version_string
 *fill*         0x0000000000928599        0x3 
 .rodata.imx_svc_smc_handler
                0x000000000092859c        0x9 ./build/imx8mm/release/bl31/imx8_sip_svc.o
 .rodata.plat_svc_setup.str1.1
                0x00000000009285a5        0xf ./build/imx8mm/release/bl31/imx8_sip_svc.o
 .rodata.str1.1
                0x00000000009285b4        0x8 ./build/imx8mm/release/bl31/imx8_sip_svc.o
 .rodata.bl31_early_platform_setup2.str1.1
                0x00000000009285bc        0xb ./build/imx8mm/release/bl31/imx8mm_bl31_setup.o
 .rodata.bl31_tzc380_setup.str1.1
                0x00000000009285c7       0x17 ./build/imx8mm/release/bl31/imx8mm_bl31_setup.o
 *fill*         0x00000000009285de        0x2 
 .rodata.gpc_imr_offset
                0x00000000009285e0       0x10 ./build/imx8mm/release/bl31/gpc.o
 .rodata.pll_ctrl_offset
                0x00000000009285f0       0x28 ./build/imx8mm/release/bl31/gpc.o
 .rodata.imx_hab_handler
                0x0000000000928618        0x7 ./build/imx8mm/release/bl31/hab.o
 *fill*         0x000000000092861f        0x1 
 .rodata.imx_plat_psci_ops
                0x0000000000928620       0xa0 ./build/imx8mm/release/bl31/imx8mm_psci.o
 .rodata.imx_power_domain_tree_desc
                0x00000000009286c0        0x4 ./build/imx8mm/release/bl31/imx8_topology.o
                0x00000000009286c0                imx_power_domain_tree_desc
 .rodata.CSWTCH.10
                0x00000000009286c4        0x4 ./build/imx8mm/release/bl31/plat_gicv3.o
 .rodata.arm_gic_data
                0x00000000009286c8       0x30 ./build/imx8mm/release/bl31/plat_imx8_gic.o
                0x00000000009286c8                arm_gic_data
 .rodata.g01s_interrupt_props
                0x00000000009286f8        0x8 ./build/imx8mm/release/bl31/plat_imx8_gic.o
 .rodata.irqs_used
                0x0000000000928700       0x10 ./build/imx8mm/release/bl31/dram.o
 .rodata.ddr4_enter_retention.str1.1
                0x0000000000928710       0x1a ./build/imx8mm/release/bl31/ddr4_retention.o
 .rodata.ddr4_exit_retention.str1.1
                0x000000000092872a       0x2d ./build/imx8mm/release/bl31/ddr4_retention.o
 .rodata.ddr4_dll_no_change.str1.1
                0x0000000000928757       0x2a ./build/imx8mm/release/bl31/ddr4_dvfs.o
 .rodata.sw_pstate.str1.1
                0x0000000000928781       0x1e ./build/imx8mm/release/bl31/ddr4_dvfs.o
 .rodata.bl31_main.str1.1
                0x000000000092879f        0xb ./build/imx8mm/release/bl31/bl31_main.o
 .rodata.bl31_prepare_next_image_entry.str1.1
                0x00000000009287aa       0x4f ./build/imx8mm/release/bl31/bl31_main.o
 *fill*         0x00000000009287f9        0x7 
 .rodata.psci_args.2649
                0x0000000000928800       0x10 ./build/imx8mm/release/bl31/bl31_main.o
 .rodata.runtime_svc_init.str1.1
                0x0000000000928810       0x50 ./build/imx8mm/release/bl31/runtime_svc.o
 .rodata.str1.1
                0x0000000000928860        0xd ./build/imx8mm/release/bl31/arm_arch_svc_setup.o
 .rodata.str1.1
                0x000000000092886d        0x8 ./build/imx8mm/release/bl31/std_svc_setup.o
 .rodata.psci_warmboot_entrypoint.str1.1
                0x0000000000928875       0x20 ./build/imx8mm/release/bl31/psci_common.o
 *fill*         0x0000000000928895        0x3 
 .rodata.psci_smc_handler
                0x0000000000928898       0x2c ./build/imx8mm/release/bl31/psci_main.o
 .rodata.psci_cpu_suspend.str1.1
                0x00000000009288c4       0x33 ./build/imx8mm/release/bl31/psci_main.o
 *fill*         0x00000000009288f7        0x1 
 .rodata.opteed_smc_handler
                0x00000000009288f8        0x9 ./build/imx8mm/release/bl31/opteed_main.o
 .rodata.str1.1
                0x0000000000928901       0x17 ./build/imx8mm/release/bl31/opteed_main.o
 .rodata.opteed_pm
                0x0000000000928918       0x48 ./build/imx8mm/release/bl31/opteed_pm.o
                0x0000000000928918                opteed_pm
 .rodata.plat_prefix_str
                0x0000000000928960       0x28 ./build/imx8mm/release/bl31/plat_log_common.o
 .rodata.str1.1
                0x0000000000928988       0x32 ./build/imx8mm/release/bl31/plat_log_common.o
 .rodata.plat_ea_handler.str1.1
                0x00000000009289ba       0x5c ./build/imx8mm/release/bl31/plat_common.o
 .rodata.panic_str
                0x0000000000928a16       0x11 ./build/imx8mm/release/bl31/debug.o
 .rodata.str1.1
                0x0000000000928a27        0x3 ./build/imx8mm/release/lib/libc.a(printf.o)
                0x0000000000928a30                . = ALIGN (0x8)
 *fill*         0x0000000000928a2a        0x6 
                0x0000000000928a30                __RT_SVC_DESCS_START__ = .
 *(rt_svc_descs)
 rt_svc_descs   0x0000000000928a30       0x20 ./build/imx8mm/release/bl31/imx8_sip_svc.o
 rt_svc_descs   0x0000000000928a50       0x20 ./build/imx8mm/release/bl31/arm_arch_svc_setup.o
 rt_svc_descs   0x0000000000928a70       0x20 ./build/imx8mm/release/bl31/std_svc_setup.o
 rt_svc_descs   0x0000000000928a90       0x40 ./build/imx8mm/release/bl31/opteed_main.o
                0x0000000000928ad0                __RT_SVC_DESCS_END__ = .
                0x0000000000928ad0                . = ALIGN (0x8)
                0x0000000000928ad0                __CPU_OPS_START__ = .
 *(cpu_ops)
 cpu_ops        0x0000000000928ad0       0x30 ./build/imx8mm/release/bl31/cortex_a53.o
                0x0000000000928b00                __CPU_OPS_END__ = .
                0x0000000000928b00                . = ALIGN (0x8)
                0x0000000000928b00                __pubsub_psci_cpu_on_finish_start = .
 *(__pubsub_psci_cpu_on_finish)
                0x0000000000928b00                __pubsub_psci_cpu_on_finish_end = .
                0x0000000000928b00                __pubsub_psci_suspend_pwrdown_start_start = .
 *(__pubsub_psci_suspend_pwrdown_start)
                0x0000000000928b00                __pubsub_psci_suspend_pwrdown_start_end = .
                0x0000000000928b00                __pubsub_psci_suspend_pwrdown_finish_start = .
 *(__pubsub_psci_suspend_pwrdown_finish)
                0x0000000000928b00                __pubsub_psci_suspend_pwrdown_finish_end = .
                0x0000000000928b00                __pubsub_cm_entering_secure_world_start = .
 *(__pubsub_cm_entering_secure_world)
 __pubsub_cm_entering_secure_world
                0x0000000000928b00        0x8 ./build/imx8mm/release/bl31/spe.o
                0x0000000000928b00                __cb_func_spe_drain_buffers_hookcm_entering_secure_world
                0x0000000000928b08                __pubsub_cm_entering_secure_world_end = .
                0x0000000000928b08                __pubsub_cm_exited_secure_world_start = .
 *(__pubsub_cm_exited_secure_world)
                0x0000000000928b08                __pubsub_cm_exited_secure_world_end = .
                0x0000000000928b08                __pubsub_cm_entering_normal_world_start = .
 *(__pubsub_cm_entering_normal_world)
 __pubsub_cm_entering_normal_world
                0x0000000000928b08        0x8 ./build/imx8mm/release/bl31/sve.o
                0x0000000000928b08                __cb_func_enable_sve_hookcm_entering_normal_world
                0x0000000000928b10                __pubsub_cm_entering_normal_world_end = .
                0x0000000000928b10                __pubsub_cm_exited_normal_world_start = .
 *(__pubsub_cm_exited_normal_world)
 __pubsub_cm_exited_normal_world
                0x0000000000928b10        0x8 ./build/imx8mm/release/bl31/sve.o
                0x0000000000928b10                __cb_func_disable_sve_hookcm_exited_normal_world
                0x0000000000928b18                __pubsub_cm_exited_normal_world_end = .
 *(.vectors)
 *fill*         0x0000000000928b18      0x4e8 
 .vectors       0x0000000000929000      0x800 ./build/imx8mm/release/bl31/runtime_exceptions.o
                0x0000000000929000                sync_exception_sp_el0
                0x0000000000929000                runtime_exceptions
                0x0000000000929080                irq_sp_el0
                0x0000000000929100                fiq_sp_el0
                0x0000000000929180                serror_sp_el0
                0x0000000000929200                sync_exception_sp_elx
                0x0000000000929280                irq_sp_elx
                0x0000000000929300                fiq_sp_elx
                0x0000000000929380                serror_sp_elx
                0x0000000000929400                sync_exception_aarch64
                0x0000000000929480                irq_aarch64
                0x0000000000929500                fiq_aarch64
                0x0000000000929580                serror_aarch64
                0x0000000000929600                sync_exception_aarch32
                0x0000000000929680                irq_aarch32
                0x0000000000929700                fiq_aarch32
                0x0000000000929780                serror_aarch32
                0x0000000000929800                __RO_END_UNALIGNED__ = .
                0x000000000092a000                . = ALIGN (0x1000)
 *fill*         0x0000000000929800      0x800 
                0x000000000092a000                __RO_END__ = .
                0x0000000000000001                ASSERT ((__CPU_OPS_END__ > __CPU_OPS_START__), cpu_ops not defined for this platform.)
                0x000000000092a000                __RW_START__ = .

.iplt           0x000000000092a000        0x0
 .iplt          0x000000000092a000        0x0 ./build/imx8mm/release/bl31/imx8_sip_svc.o

.rela.dyn       0x000000000092a000        0x0
 .rela.iplt     0x000000000092a000        0x0 ./build/imx8mm/release/bl31/imx8_sip_svc.o

.data           0x000000000092a000      0x169
                0x000000000092a000                __DATA_START__ = .
 *(.data*)
 .data.gpc_wake_irqs
                0x000000000092a000       0x10 ./build/imx8mm/release/bl31/gpc.o
 .data.pu_domains
                0x000000000092a010      0x104 ./build/imx8mm/release/bl31/gpc.o
 .data.bypass_mode_supported
                0x000000000092a114        0x1 ./build/imx8mm/release/bl31/dram.o
                0x000000000092a114                bypass_mode_supported
 *fill*         0x000000000092a115        0x3 
 .data.dev_fsp  0x000000000092a118        0x4 ./build/imx8mm/release/bl31/dram.o
 .data.wait_ddrc_hwffc_done
                0x000000000092a11c        0x1 ./build/imx8mm/release/bl31/dram.o
 *fill*         0x000000000092a11d        0x3 
 .data.fsp_init_reg
                0x000000000092a120       0x30 ./build/imx8mm/release/bl31/ddr4_dvfs.o
                0x000000000092a120                fsp_init_reg
 .data.next_image_type
                0x000000000092a150        0x4 ./build/imx8mm/release/bl31/bl31_main.o
 .data.max_log_level
                0x000000000092a154        0x4 ./build/imx8mm/release/bl31/tf_log.o
 .data.mailbox_base
                0x000000000092a158        0x8 ./build/imx8mm/release/bl31/imx8_helpers.o
 .data.console_list
                0x000000000092a160        0x8 ./build/imx8mm/release/bl31/console.o
                0x000000000092a160                console_list
 .data.console_state
                0x000000000092a168        0x1 ./build/imx8mm/release/bl31/console.o
                0x000000000092a169                __DATA_END__ = .

.igot.plt       0x000000000092a170        0x0
 .igot.plt      0x000000000092a170        0x0 ./build/imx8mm/release/bl31/imx8_sip_svc.o

stacks          0x000000000092a180     0x2c00
                0x000000000092a180                __STACKS_START__ = .
 *(tzfw_normal_stacks)
 tzfw_normal_stacks
                0x000000000092a180     0x2c00 ./build/imx8mm/release/bl31/platform_mp_stack.o
                0x000000000092cd80                __STACKS_END__ = .

.bss            0x000000000092cd80     0x4200
                0x000000000092cd80                __BSS_START__ = .
 *(.bss*)
 .bss.bl32_image_ep_info
                0x000000000092cd80       0x58 ./build/imx8mm/release/bl31/imx8mm_bl31_setup.o
 .bss.bl33_image_ep_info
                0x000000000092cdd8       0x58 ./build/imx8mm/release/bl31/imx8mm_bl31_setup.o
 .bss.imx_gicv3_ctx
                0x000000000092ce30     0x2880 ./build/imx8mm/release/bl31/gpc.o
 .bss.pu_domain_status
                0x000000000092f6b0        0x4 ./build/imx8mm/release/bl31/gpc.o
 *fill*         0x000000000092f6b4        0xc 
 .bss.base_xlation_table
                0x000000000092f6c0       0x20 ./build/imx8mm/release/bl31/xlat_tables.o
 .bss.tcr_ps_bits
                0x000000000092f6e0        0x8 ./build/imx8mm/release/bl31/xlat_tables.o
 .bss.ap1_mask  0x000000000092f6e8        0x8 ./build/imx8mm/release/bl31/xlat_tables_common.o
 .bss.execute_never_mask
                0x000000000092f6f0        0x8 ./build/imx8mm/release/bl31/xlat_tables_common.o
 .bss.mmap      0x000000000092f6f8      0x220 ./build/imx8mm/release/bl31/xlat_tables_common.o
 .bss.next_xlat
                0x000000000092f918        0x4 ./build/imx8mm/release/bl31/xlat_tables_common.o
 *fill*         0x000000000092f91c        0x4 
 .bss.xlat_max_pa
                0x000000000092f920        0x8 ./build/imx8mm/release/bl31/xlat_tables_common.o
 .bss.xlat_max_va
                0x000000000092f928        0x8 ./build/imx8mm/release/bl31/xlat_tables_common.o
 .bss.timer_ops
                0x000000000092f930        0x8 ./build/imx8mm/release/bl31/delay_timer.o
 .bss.ops       0x000000000092f938       0x10 ./build/imx8mm/release/bl31/generic_delay_timer.o
 .bss.dram_info
                0x000000000092f948       0x18 ./build/imx8mm/release/bl31/dram.o
 .bss.wfe_done  0x000000000092f960        0x4 ./build/imx8mm/release/bl31/dram.o
 .bss.mr_value  0x000000000092f964       0x1c ./build/imx8mm/release/bl31/ddr4_dvfs.o
 .bss.bl32_init
                0x000000000092f980        0x8 ./build/imx8mm/release/bl31/bl31_main.o
 .bss.intr_type_descs
                0x000000000092f988       0x48 ./build/imx8mm/release/bl31/interrupt_mgmt.o
 .bss.psci_req_local_pwr_states
                0x000000000092f9d0        0x8 ./build/imx8mm/release/bl31/psci_common.o
 *fill*         0x000000000092f9d8        0x8 
 .bss.psci_ns_context
                0x000000000092f9e0      0x8c0 ./build/imx8mm/release/bl31/psci_setup.o
 *(COMMON)
 COMMON         0x00000000009302a0        0x8 ./build/imx8mm/release/bl31/gicv3_main.o
                0x00000000009302a0                gicv3_driver_data
 COMMON         0x00000000009302a8       0x20 ./build/imx8mm/release/bl31/plat_imx8_gic.o
                0x00000000009302a8                rdistif_base_addrs
 COMMON         0x00000000009302c8        0x4 ./build/imx8mm/release/bl31/dram.o
                0x00000000009302c8                dfs_lock
 *fill*         0x00000000009302cc        0x4 
 COMMON         0x00000000009302d0       0x10 ./build/imx8mm/release/bl31/tzc380.o
                0x00000000009302d0                tzc380
 COMMON         0x00000000009302e0       0x80 ./build/imx8mm/release/bl31/runtime_svc.o
                0x00000000009302e0                rt_svc_descs_indices
 *fill*         0x0000000000930360       0x20 
 COMMON         0x0000000000930380      0x100 ./build/imx8mm/release/bl31/cpu_data_array.o
                0x0000000000930380                percpu_data
 COMMON         0x0000000000930480       0x90 ./build/imx8mm/release/bl31/psci_common.o
                0x0000000000930480                psci_cpu_pd_nodes
                0x00000000009304c0                psci_non_cpu_pd_nodes
                0x0000000000930500                psci_plat_pm_ops
                0x0000000000930508                psci_spd_pm
 COMMON         0x0000000000930510        0x4 ./build/imx8mm/release/bl31/psci_setup.o
                0x0000000000930510                psci_caps
 *fill*         0x0000000000930514        0xc 
 COMMON         0x0000000000930520      0x950 ./build/imx8mm/release/bl31/opteed_main.o
                0x0000000000930520                optee_vector_table
                0x0000000000930528                opteed_rw
                0x0000000000930530                opteed_sp_context
                0x0000000000930e80                . = ALIGN (0x40)
 *fill*         0x0000000000930e70       0x10 
                0x0000000000930e80                __BAKERY_LOCK_START__ = .
 *(bakery_lock)
 bakery_lock    0x0000000000930e80        0x8 ./build/imx8mm/release/bl31/psci_common.o
                0x0000000000930e80                psci_locks
                0x0000000000930ec0                . = ALIGN (0x40)
 *fill*         0x0000000000930e88       0x38 
                0x0000000000000040                __PERCPU_BAKERY_LOCK_SIZE__ = ABSOLUTE ((. - __BAKERY_LOCK_START__))
                0x0000000000930f80                . = (. + (__PERCPU_BAKERY_LOCK_SIZE__ * 0x3))
 *fill*         0x0000000000930ec0       0xc0 
                0x0000000000930f80                __BAKERY_LOCK_END__ = .
                0x0000000000930f80                __BSS_END__ = .

xlat_table      0x0000000000931000     0x8000
 *(xlat_table)
 xlat_table     0x0000000000931000     0x8000 ./build/imx8mm/release/bl31/xlat_tables_common.o
                0x0000000000939000                __RW_END__ = .
                0x0000000000939000                __BL31_END__ = .
                0x0000000000004200                __BSS_SIZE__ = SIZEOF (.bss)
                0x0000000000000001                ASSERT ((. <= 0x940000), BL31 image has exceeded its limit.)
LOAD ./build/imx8mm/release/bl31/build_message.o
LOAD ./build/imx8mm/release/bl31/imx8_sip_svc.o
LOAD ./build/imx8mm/release/bl31/misc.o
LOAD ./build/imx8mm/release/bl31/imx8mm_bl31_setup.o
LOAD ./build/imx8mm/release/bl31/gpc.o
LOAD ./build/imx8mm/release/bl31/imx8mm_misc.o
LOAD ./build/imx8mm/release/bl31/hab.o
LOAD ./build/imx8mm/release/bl31/imx_csu.o
LOAD ./build/imx8mm/release/bl31/imx_rdc.o
LOAD ./build/imx8mm/release/bl31/imx8mm_psci.o
LOAD ./build/imx8mm/release/bl31/imx8_topology.o
LOAD ./build/imx8mm/release/bl31/plat_psci_common.o
LOAD ./build/imx8mm/release/bl31/xlat_tables.o
LOAD ./build/imx8mm/release/bl31/xlat_tables_common.o
LOAD ./build/imx8mm/release/bl31/delay_timer.o
LOAD ./build/imx8mm/release/bl31/generic_delay_timer.o
LOAD ./build/imx8mm/release/bl31/gicv3_helpers.o
LOAD ./build/imx8mm/release/bl31/arm_gicv3_common.o
LOAD ./build/imx8mm/release/bl31/gic500.o
LOAD ./build/imx8mm/release/bl31/gicv3_main.o
LOAD ./build/imx8mm/release/bl31/gic_common.o
LOAD ./build/imx8mm/release/bl31/plat_gicv3.o
LOAD ./build/imx8mm/release/bl31/plat_imx8_gic.o
LOAD ./build/imx8mm/release/bl31/dram.o
LOAD ./build/imx8mm/release/bl31/clock.o
LOAD ./build/imx8mm/release/bl31/lpddr4_retention.o
LOAD ./build/imx8mm/release/bl31/ddr4_retention.o
LOAD ./build/imx8mm/release/bl31/lpddr4_helper.o
LOAD ./build/imx8mm/release/bl31/lpddr4_dvfs.o
LOAD ./build/imx8mm/release/bl31/ddr4_dvfs.o
LOAD ./build/imx8mm/release/bl31/tzc380.o
LOAD ./build/imx8mm/release/bl31/bl31_main.o
LOAD ./build/imx8mm/release/bl31/interrupt_mgmt.o
LOAD ./build/imx8mm/release/bl31/bl31_context_mgmt.o
LOAD ./build/imx8mm/release/bl31/runtime_svc.o
LOAD ./build/imx8mm/release/bl31/arm_arch_svc_setup.o
LOAD ./build/imx8mm/release/bl31/std_svc_setup.o
LOAD ./build/imx8mm/release/bl31/cpu_data_array.o
LOAD ./build/imx8mm/release/bl31/context_mgmt.o
LOAD ./build/imx8mm/release/bl31/errata_report.o
LOAD ./build/imx8mm/release/bl31/psci_off.o
LOAD ./build/imx8mm/release/bl31/psci_on.o
LOAD ./build/imx8mm/release/bl31/psci_suspend.o
LOAD ./build/imx8mm/release/bl31/psci_common.o
LOAD ./build/imx8mm/release/bl31/psci_main.o
LOAD ./build/imx8mm/release/bl31/psci_setup.o
LOAD ./build/imx8mm/release/bl31/psci_system_off.o
LOAD ./build/imx8mm/release/bl31/psci_mem_protect.o
LOAD ./build/imx8mm/release/bl31/bakery_lock_normal.o
LOAD ./build/imx8mm/release/bl31/spe.o
LOAD ./build/imx8mm/release/bl31/sve.o
LOAD ./build/imx8mm/release/bl31/opteed_common.o
LOAD ./build/imx8mm/release/bl31/opteed_main.o
LOAD ./build/imx8mm/release/bl31/opteed_pm.o
LOAD ./build/imx8mm/release/bl31/bl_common.o
LOAD ./build/imx8mm/release/bl31/tf_log.o
LOAD ./build/imx8mm/release/bl31/plat_bl_common.o
LOAD ./build/imx8mm/release/bl31/plat_log_common.o
LOAD ./build/imx8mm/release/bl31/plat_common.o
LOAD ./build/imx8mm/release/bl31/imx8_helpers.o
LOAD ./build/imx8mm/release/bl31/mxcuart_console.o
LOAD ./build/imx8mm/release/bl31/cortex_a53.o
LOAD ./build/imx8mm/release/bl31/console.o
LOAD ./build/imx8mm/release/bl31/bl31_entrypoint.o
LOAD ./build/imx8mm/release/bl31/crash_reporting.o
LOAD ./build/imx8mm/release/bl31/ea_delegate.o
LOAD ./build/imx8mm/release/bl31/runtime_exceptions.o
LOAD ./build/imx8mm/release/bl31/setjmp.o
LOAD ./build/imx8mm/release/bl31/dsu_helpers.o
LOAD ./build/imx8mm/release/bl31/platform_mp_stack.o
LOAD ./build/imx8mm/release/bl31/cpu_data.o
LOAD ./build/imx8mm/release/bl31/cpu_helpers.o
LOAD ./build/imx8mm/release/bl31/spinlock.o
LOAD ./build/imx8mm/release/bl31/psci_helpers.o
LOAD ./build/imx8mm/release/bl31/context.o
LOAD ./build/imx8mm/release/bl31/wa_cve_2017_5715_bpiall.o
LOAD ./build/imx8mm/release/bl31/wa_cve_2017_5715_mmu.o
LOAD ./build/imx8mm/release/bl31/opteed_helpers.o
LOAD ./build/imx8mm/release/bl31/debug.o
LOAD ./build/imx8mm/release/bl31/cache_helpers.o
LOAD ./build/imx8mm/release/bl31/misc_helpers.o
LOAD ./build/imx8mm/release/bl31/platform_helpers.o
LOAD ./build/imx8mm/release/lib/libc.a
OUTPUT(build/imx8mm/release/bl31/bl31.elf elf64-littleaarch64)

.comment        0x0000000000000000       0x2d
 .comment       0x0000000000000000       0x2d ./build/imx8mm/release/bl31/build_message.o
                                         0x2e (size before relaxing)
 .comment       0x000000000000002d       0x2e ./build/imx8mm/release/bl31/imx8_sip_svc.o
 .comment       0x000000000000002d       0x2e ./build/imx8mm/release/bl31/misc.o
 .comment       0x000000000000002d       0x2e ./build/imx8mm/release/bl31/imx8mm_bl31_setup.o
 .comment       0x000000000000002d       0x2e ./build/imx8mm/release/bl31/gpc.o
 .comment       0x000000000000002d       0x2e ./build/imx8mm/release/bl31/imx8mm_misc.o
 .comment       0x000000000000002d       0x2e ./build/imx8mm/release/bl31/hab.o
 .comment       0x000000000000002d       0x2e ./build/imx8mm/release/bl31/imx8mm_psci.o
 .comment       0x000000000000002d       0x2e ./build/imx8mm/release/bl31/imx8_topology.o
 .comment       0x000000000000002d       0x2e ./build/imx8mm/release/bl31/plat_psci_common.o
 .comment       0x000000000000002d       0x2e ./build/imx8mm/release/bl31/xlat_tables.o
 .comment       0x000000000000002d       0x2e ./build/imx8mm/release/bl31/xlat_tables_common.o
 .comment       0x000000000000002d       0x2e ./build/imx8mm/release/bl31/delay_timer.o
 .comment       0x000000000000002d       0x2e ./build/imx8mm/release/bl31/generic_delay_timer.o
 .comment       0x000000000000002d       0x2e ./build/imx8mm/release/bl31/gicv3_helpers.o
 .comment       0x000000000000002d       0x2e ./build/imx8mm/release/bl31/arm_gicv3_common.o
 .comment       0x000000000000002d       0x2e ./build/imx8mm/release/bl31/gic500.o
 .comment       0x000000000000002d       0x2e ./build/imx8mm/release/bl31/gicv3_main.o
 .comment       0x000000000000002d       0x2e ./build/imx8mm/release/bl31/gic_common.o
 .comment       0x000000000000002d       0x2e ./build/imx8mm/release/bl31/plat_gicv3.o
 .comment       0x000000000000002d       0x2e ./build/imx8mm/release/bl31/plat_imx8_gic.o
 .comment       0x000000000000002d       0x2e ./build/imx8mm/release/bl31/dram.o
 .comment       0x000000000000002d       0x2e ./build/imx8mm/release/bl31/clock.o
 .comment       0x000000000000002d       0x2e ./build/imx8mm/release/bl31/lpddr4_retention.o
 .comment       0x000000000000002d       0x2e ./build/imx8mm/release/bl31/ddr4_retention.o
 .comment       0x000000000000002d       0x2e ./build/imx8mm/release/bl31/lpddr4_helper.o
 .comment       0x000000000000002d       0x2e ./build/imx8mm/release/bl31/lpddr4_dvfs.o
 .comment       0x000000000000002d       0x2e ./build/imx8mm/release/bl31/ddr4_dvfs.o
 .comment       0x000000000000002d       0x2e ./build/imx8mm/release/bl31/tzc380.o
 .comment       0x000000000000002d       0x2e ./build/imx8mm/release/bl31/bl31_main.o
 .comment       0x000000000000002d       0x2e ./build/imx8mm/release/bl31/interrupt_mgmt.o
 .comment       0x000000000000002d       0x2e ./build/imx8mm/release/bl31/bl31_context_mgmt.o
 .comment       0x000000000000002d       0x2e ./build/imx8mm/release/bl31/runtime_svc.o
 .comment       0x000000000000002d       0x2e ./build/imx8mm/release/bl31/arm_arch_svc_setup.o
 .comment       0x000000000000002d       0x2e ./build/imx8mm/release/bl31/std_svc_setup.o
 .comment       0x000000000000002d       0x2e ./build/imx8mm/release/bl31/cpu_data_array.o
 .comment       0x000000000000002d       0x2e ./build/imx8mm/release/bl31/context_mgmt.o
 .comment       0x000000000000002d       0x2e ./build/imx8mm/release/bl31/psci_off.o
 .comment       0x000000000000002d       0x2e ./build/imx8mm/release/bl31/psci_on.o
 .comment       0x000000000000002d       0x2e ./build/imx8mm/release/bl31/psci_suspend.o
 .comment       0x000000000000002d       0x2e ./build/imx8mm/release/bl31/psci_common.o
 .comment       0x000000000000002d       0x2e ./build/imx8mm/release/bl31/psci_main.o
 .comment       0x000000000000002d       0x2e ./build/imx8mm/release/bl31/psci_setup.o
 .comment       0x000000000000002d       0x2e ./build/imx8mm/release/bl31/psci_system_off.o
 .comment       0x000000000000002d       0x2e ./build/imx8mm/release/bl31/psci_mem_protect.o
 .comment       0x000000000000002d       0x2e ./build/imx8mm/release/bl31/bakery_lock_normal.o
 .comment       0x000000000000002d       0x2e ./build/imx8mm/release/bl31/spe.o
 .comment       0x000000000000002d       0x2e ./build/imx8mm/release/bl31/sve.o
 .comment       0x000000000000002d       0x2e ./build/imx8mm/release/bl31/opteed_common.o
 .comment       0x000000000000002d       0x2e ./build/imx8mm/release/bl31/opteed_main.o
 .comment       0x000000000000002d       0x2e ./build/imx8mm/release/bl31/opteed_pm.o
 .comment       0x000000000000002d       0x2e ./build/imx8mm/release/bl31/bl_common.o
 .comment       0x000000000000002d       0x2e ./build/imx8mm/release/bl31/tf_log.o
 .comment       0x000000000000002d       0x2e ./build/imx8mm/release/bl31/plat_log_common.o
 .comment       0x000000000000002d       0x2e ./build/imx8mm/release/bl31/plat_common.o
 .comment       0x000000000000002d       0x2e ./build/imx8mm/release/lib/libc.a(memcpy.o)
 .comment       0x000000000000002d       0x2e ./build/imx8mm/release/lib/libc.a(memmove.o)
 .comment       0x000000000000002d       0x2e ./build/imx8mm/release/lib/libc.a(memset.o)
 .comment       0x000000000000002d       0x2e ./build/imx8mm/release/lib/libc.a(printf.o)
 .comment       0x000000000000002d       0x2e ./build/imx8mm/release/lib/libc.a(putchar.o)
 .comment       0x000000000000002d       0x2e ./build/imx8mm/release/lib/libc.a(strchr.o)

.note.GNU-stack
                0x0000000000000000        0x0
 .note.GNU-stack
                0x0000000000000000        0x0 ./build/imx8mm/release/bl31/build_message.o
 .note.GNU-stack
                0x0000000000000000        0x0 ./build/imx8mm/release/bl31/imx8_sip_svc.o
 .note.GNU-stack
                0x0000000000000000        0x0 ./build/imx8mm/release/bl31/misc.o
 .note.GNU-stack
                0x0000000000000000        0x0 ./build/imx8mm/release/bl31/imx8mm_bl31_setup.o
 .note.GNU-stack
                0x0000000000000000        0x0 ./build/imx8mm/release/bl31/gpc.o
 .note.GNU-stack
                0x0000000000000000        0x0 ./build/imx8mm/release/bl31/imx8mm_misc.o
 .note.GNU-stack
                0x0000000000000000        0x0 ./build/imx8mm/release/bl31/hab.o
 .note.GNU-stack
                0x0000000000000000        0x0 ./build/imx8mm/release/bl31/imx8mm_psci.o
 .note.GNU-stack
                0x0000000000000000        0x0 ./build/imx8mm/release/bl31/imx8_topology.o
 .note.GNU-stack
                0x0000000000000000        0x0 ./build/imx8mm/release/bl31/plat_psci_common.o
 .note.GNU-stack
                0x0000000000000000        0x0 ./build/imx8mm/release/bl31/xlat_tables.o
 .note.GNU-stack
                0x0000000000000000        0x0 ./build/imx8mm/release/bl31/xlat_tables_common.o
 .note.GNU-stack
                0x0000000000000000        0x0 ./build/imx8mm/release/bl31/delay_timer.o
 .note.GNU-stack
                0x0000000000000000        0x0 ./build/imx8mm/release/bl31/generic_delay_timer.o
 .note.GNU-stack
                0x0000000000000000        0x0 ./build/imx8mm/release/bl31/gicv3_helpers.o
 .note.GNU-stack
                0x0000000000000000        0x0 ./build/imx8mm/release/bl31/arm_gicv3_common.o
 .note.GNU-stack
                0x0000000000000000        0x0 ./build/imx8mm/release/bl31/gic500.o
 .note.GNU-stack
                0x0000000000000000        0x0 ./build/imx8mm/release/bl31/gicv3_main.o
 .note.GNU-stack
                0x0000000000000000        0x0 ./build/imx8mm/release/bl31/gic_common.o
 .note.GNU-stack
                0x0000000000000000        0x0 ./build/imx8mm/release/bl31/plat_gicv3.o
 .note.GNU-stack
                0x0000000000000000        0x0 ./build/imx8mm/release/bl31/plat_imx8_gic.o
 .note.GNU-stack
                0x0000000000000000        0x0 ./build/imx8mm/release/bl31/dram.o
 .note.GNU-stack
                0x0000000000000000        0x0 ./build/imx8mm/release/bl31/clock.o
 .note.GNU-stack
                0x0000000000000000        0x0 ./build/imx8mm/release/bl31/lpddr4_retention.o
 .note.GNU-stack
                0x0000000000000000        0x0 ./build/imx8mm/release/bl31/ddr4_retention.o
 .note.GNU-stack
                0x0000000000000000        0x0 ./build/imx8mm/release/bl31/lpddr4_helper.o
 .note.GNU-stack
                0x0000000000000000        0x0 ./build/imx8mm/release/bl31/lpddr4_dvfs.o
 .note.GNU-stack
                0x0000000000000000        0x0 ./build/imx8mm/release/bl31/ddr4_dvfs.o
 .note.GNU-stack
                0x0000000000000000        0x0 ./build/imx8mm/release/bl31/tzc380.o
 .note.GNU-stack
                0x0000000000000000        0x0 ./build/imx8mm/release/bl31/bl31_main.o
 .note.GNU-stack
                0x0000000000000000        0x0 ./build/imx8mm/release/bl31/interrupt_mgmt.o
 .note.GNU-stack
                0x0000000000000000        0x0 ./build/imx8mm/release/bl31/bl31_context_mgmt.o
 .note.GNU-stack
                0x0000000000000000        0x0 ./build/imx8mm/release/bl31/runtime_svc.o
 .note.GNU-stack
                0x0000000000000000        0x0 ./build/imx8mm/release/bl31/arm_arch_svc_setup.o
 .note.GNU-stack
                0x0000000000000000        0x0 ./build/imx8mm/release/bl31/std_svc_setup.o
 .note.GNU-stack
                0x0000000000000000        0x0 ./build/imx8mm/release/bl31/cpu_data_array.o
 .note.GNU-stack
                0x0000000000000000        0x0 ./build/imx8mm/release/bl31/context_mgmt.o
 .note.GNU-stack
                0x0000000000000000        0x0 ./build/imx8mm/release/bl31/psci_off.o
 .note.GNU-stack
                0x0000000000000000        0x0 ./build/imx8mm/release/bl31/psci_on.o
 .note.GNU-stack
                0x0000000000000000        0x0 ./build/imx8mm/release/bl31/psci_suspend.o
 .note.GNU-stack
                0x0000000000000000        0x0 ./build/imx8mm/release/bl31/psci_common.o
 .note.GNU-stack
                0x0000000000000000        0x0 ./build/imx8mm/release/bl31/psci_main.o
 .note.GNU-stack
                0x0000000000000000        0x0 ./build/imx8mm/release/bl31/psci_setup.o
 .note.GNU-stack
                0x0000000000000000        0x0 ./build/imx8mm/release/bl31/psci_system_off.o
 .note.GNU-stack
                0x0000000000000000        0x0 ./build/imx8mm/release/bl31/psci_mem_protect.o
 .note.GNU-stack
                0x0000000000000000        0x0 ./build/imx8mm/release/bl31/bakery_lock_normal.o
 .note.GNU-stack
                0x0000000000000000        0x0 ./build/imx8mm/release/bl31/spe.o
 .note.GNU-stack
                0x0000000000000000        0x0 ./build/imx8mm/release/bl31/sve.o
 .note.GNU-stack
                0x0000000000000000        0x0 ./build/imx8mm/release/bl31/opteed_common.o
 .note.GNU-stack
                0x0000000000000000        0x0 ./build/imx8mm/release/bl31/opteed_main.o
 .note.GNU-stack
                0x0000000000000000        0x0 ./build/imx8mm/release/bl31/opteed_pm.o
 .note.GNU-stack
                0x0000000000000000        0x0 ./build/imx8mm/release/bl31/bl_common.o
 .note.GNU-stack
                0x0000000000000000        0x0 ./build/imx8mm/release/bl31/tf_log.o
 .note.GNU-stack
                0x0000000000000000        0x0 ./build/imx8mm/release/bl31/plat_log_common.o
 .note.GNU-stack
                0x0000000000000000        0x0 ./build/imx8mm/release/bl31/plat_common.o
 .note.GNU-stack
                0x0000000000000000        0x0 ./build/imx8mm/release/lib/libc.a(memcpy.o)
 .note.GNU-stack
                0x0000000000000000        0x0 ./build/imx8mm/release/lib/libc.a(memmove.o)
 .note.GNU-stack
                0x0000000000000000        0x0 ./build/imx8mm/release/lib/libc.a(memset.o)
 .note.GNU-stack
                0x0000000000000000        0x0 ./build/imx8mm/release/lib/libc.a(printf.o)
 .note.GNU-stack
                0x0000000000000000        0x0 ./build/imx8mm/release/lib/libc.a(putchar.o)
 .note.GNU-stack
                0x0000000000000000        0x0 ./build/imx8mm/release/lib/libc.a(strchr.o)

.debug_frame    0x0000000000000000      0xc60
 .debug_frame   0x0000000000000000       0xe8 ./build/imx8mm/release/bl31/imx8_helpers.o
 .debug_frame   0x00000000000000e8      0x160 ./build/imx8mm/release/bl31/cortex_a53.o
 .debug_frame   0x0000000000000248       0xd0 ./build/imx8mm/release/bl31/console.o
 .debug_frame   0x0000000000000318       0x40 ./build/imx8mm/release/bl31/bl31_entrypoint.o
 .debug_frame   0x0000000000000358       0x40 ./build/imx8mm/release/bl31/crash_reporting.o
 .debug_frame   0x0000000000000398       0xa0 ./build/imx8mm/release/bl31/ea_delegate.o
 .debug_frame   0x0000000000000438      0x1a8 ./build/imx8mm/release/bl31/runtime_exceptions.o
 .debug_frame   0x00000000000005e0       0x40 ./build/imx8mm/release/bl31/platform_mp_stack.o
 .debug_frame   0x0000000000000620       0x40 ./build/imx8mm/release/bl31/cpu_data.o
 .debug_frame   0x0000000000000660       0xe8 ./build/imx8mm/release/bl31/cpu_helpers.o
 .debug_frame   0x0000000000000748       0x40 ./build/imx8mm/release/bl31/spinlock.o
 .debug_frame   0x0000000000000788       0x58 ./build/imx8mm/release/bl31/psci_helpers.o
 .debug_frame   0x00000000000007e0       0xa0 ./build/imx8mm/release/bl31/context.o
 .debug_frame   0x0000000000000880       0x40 ./build/imx8mm/release/bl31/opteed_helpers.o
 .debug_frame   0x00000000000008c0       0x58 ./build/imx8mm/release/bl31/debug.o
 .debug_frame   0x0000000000000918       0xe8 ./build/imx8mm/release/bl31/cache_helpers.o
 .debug_frame   0x0000000000000a00      0x118 ./build/imx8mm/release/bl31/misc_helpers.o
 .debug_frame   0x0000000000000b18      0x148 ./build/imx8mm/release/bl31/platform_helpers.o