Archive member included to satisfy reference by file (symbol)

/home/uwe/git/ms/iot_core_tx8mmini/mu_platform_nxp/Build/TX8M_MINI_EVK_1GB/RELEASE_GCC5/AARCH64/MdePkg/Library/UefiApplicationEntryPoint/UefiApplicationEntryPoint/OUTPUT/UefiApplicationEntryPoint.lib(ApplicationEntryPoint.obj)
                              (_ModuleEntryPoint)
/home/uwe/git/ms/iot_core_tx8mmini/mu_platform_nxp/Build/TX8M_MINI_EVK_1GB/RELEASE_GCC5/AARCH64/ArmPkg/Library/CompilerIntrinsicsLib/CompilerIntrinsicsLib/OUTPUT/CompilerIntrinsicsLib.lib(memcpy.obj)
                              /home/uwe/git/ms/iot_core_tx8mmini/mu_platform_nxp/Silicon/ARM/MU_TIANO/ArmPkg/Library/GccLto/liblto-aarch64.a (memcpy)
/home/uwe/git/ms/iot_core_tx8mmini/mu_platform_nxp/Build/TX8M_MINI_EVK_1GB/RELEASE_GCC5/AARCH64/ArmPkg/Library/CompilerIntrinsicsLib/CompilerIntrinsicsLib/OUTPUT/CompilerIntrinsicsLib.lib(memset.obj)
                              /home/uwe/git/ms/iot_core_tx8mmini/mu_platform_nxp/Silicon/ARM/MU_TIANO/ArmPkg/Library/GccLto/liblto-aarch64.a (memset)
/home/uwe/git/ms/iot_core_tx8mmini/mu_platform_nxp/Build/TX8M_MINI_EVK_1GB/RELEASE_GCC5/AARCH64/MdePkg/Library/BaseStackCheckLib/BaseStackCheckLib/OUTPUT/BaseStackCheckLib.lib(BaseStackCheckGcc.obj)
                              /home/uwe/git/ms/iot_core_tx8mmini/mu_platform_nxp/Silicon/ARM/MU_TIANO/ArmPkg/Library/GccLto/liblto-aarch64.a (__stack_chk_fail)
/home/uwe/git/ms/iot_core_tx8mmini/mu_platform_nxp/Build/TX8M_MINI_EVK_1GB/RELEASE_GCC5/AARCH64/MdeModulePkg/Application/UiApp/UiApp/OUTPUT/UiApp.lib(AutoGen.obj)
                              ApplicationEntryPoint.obj (symbol from plugin) (ProcessLibraryConstructorList)
/home/uwe/git/ms/iot_core_tx8mmini/mu_platform_nxp/Build/TX8M_MINI_EVK_1GB/RELEASE_GCC5/AARCH64/MdeModulePkg/Application/UiApp/UiApp/OUTPUT/UiApp.lib(FrontPage.obj)
                              AutoGen.obj (symbol from plugin) (InitializeUserInterface)
/home/uwe/git/ms/iot_core_tx8mmini/mu_platform_nxp/Build/TX8M_MINI_EVK_1GB/RELEASE_GCC5/AARCH64/MdeModulePkg/Application/UiApp/UiApp/OUTPUT/UiApp.lib(String.obj)
                              FrontPage.obj (symbol from plugin) (InitializeStringSupport)
/home/uwe/git/ms/iot_core_tx8mmini/mu_platform_nxp/Build/TX8M_MINI_EVK_1GB/RELEASE_GCC5/AARCH64/MdeModulePkg/Application/UiApp/UiApp/OUTPUT/UiApp.lib(FrontPageCustomizedUi.obj)
                              FrontPage.obj (symbol from plugin) (UiCustomizeFrontPage)
/home/uwe/git/ms/iot_core_tx8mmini/mu_platform_nxp/Build/TX8M_MINI_EVK_1GB/RELEASE_GCC5/AARCH64/MdeModulePkg/Application/UiApp/UiApp/OUTPUT/UiApp.lib(FrontPageCustomizedUiSupport.obj)
                              FrontPageCustomizedUi.obj (symbol from plugin) (UiSupportLibCallbackHandler)
/home/uwe/git/ms/iot_core_tx8mmini/mu_platform_nxp/Build/TX8M_MINI_EVK_1GB/RELEASE_GCC5/AARCH64/MdeModulePkg/Application/UiApp/UiApp/OUTPUT/UiApp.lib(FrontPageVfr.obj)
                              FrontPage.obj (symbol from plugin) (FrontPageVfrBin)
/home/uwe/git/ms/iot_core_tx8mmini/mu_platform_nxp/Build/TX8M_MINI_EVK_1GB/RELEASE_GCC5/AARCH64/MdePkg/Library/DxePcdLib/DxePcdLib/OUTPUT/DxePcdLib.lib(DxePcdLib.obj)
                              FrontPageCustomizedUi.obj (symbol from plugin) (LibPcdGetBool)
/home/uwe/git/ms/iot_core_tx8mmini/mu_platform_nxp/Build/TX8M_MINI_EVK_1GB/RELEASE_GCC5/AARCH64/MdePkg/Library/BaseMemoryLibOptDxe/BaseMemoryLibOptDxe/OUTPUT/BaseMemoryLibOptDxe.lib(MemLibGuid.obj)
                              FrontPageCustomizedUiSupport.obj (symbol from plugin) (CompareGuid)
/home/uwe/git/ms/iot_core_tx8mmini/mu_platform_nxp/Build/TX8M_MINI_EVK_1GB/RELEASE_GCC5/AARCH64/MdePkg/Library/BaseMemoryLibOptDxe/BaseMemoryLibOptDxe/OUTPUT/BaseMemoryLibOptDxe.lib(CopyMemWrapper.obj)
                              FrontPageCustomizedUiSupport.obj (symbol from plugin) (CopyMem)
/home/uwe/git/ms/iot_core_tx8mmini/mu_platform_nxp/Build/TX8M_MINI_EVK_1GB/RELEASE_GCC5/AARCH64/MdePkg/Library/BaseMemoryLibOptDxe/BaseMemoryLibOptDxe/OUTPUT/BaseMemoryLibOptDxe.lib(CopyMem.obj)
                              MemLibGuid.obj (symbol from plugin) (InternalMemCopyMem)
/home/uwe/git/ms/iot_core_tx8mmini/mu_platform_nxp/Build/TX8M_MINI_EVK_1GB/RELEASE_GCC5/AARCH64/MdePkg/Library/BaseMemoryLibOptDxe/BaseMemoryLibOptDxe/OUTPUT/BaseMemoryLibOptDxe.lib(CompareGuid.obj)
                              MemLibGuid.obj (symbol from plugin) (InternalMemCompareGuid)
/home/uwe/git/ms/iot_core_tx8mmini/mu_platform_nxp/Build/TX8M_MINI_EVK_1GB/RELEASE_GCC5/AARCH64/MdePkg/Library/BaseLib/BaseLib/OUTPUT/BaseLib.lib(RShiftU64.obj)
                              FrontPage.obj (symbol from plugin) (RShiftU64)
/home/uwe/git/ms/iot_core_tx8mmini/mu_platform_nxp/Build/TX8M_MINI_EVK_1GB/RELEASE_GCC5/AARCH64/MdePkg/Library/BaseLib/BaseLib/OUTPUT/BaseLib.lib(CpuDeadLoop.obj)
                              BaseStackCheckGcc.obj (symbol from plugin) (CpuDeadLoop)
[...]
Memory Configuration

Name             Origin             Length             Attributes
*default*        0x0000000000000000 0xffffffffffffffff

Linker script and memory map

LOAD /home/uwe/git/ms/iot_core_tx8mmini/mu_platform_nxp/Silicon/ARM/MU_TIANO/ArmPkg/Library/GccLto/liblto-aarch64.a
LOAD /tmp/ccejZfix.ltrans0.ltrans.o
LOAD /tmp/ccejZfix.ltrans1.ltrans.o
START GROUP
LOAD /home/uwe/git/ms/iot_core_tx8mmini/mu_platform_nxp/Build/TX8M_MINI_EVK_1GB/RELEASE_GCC5/AARCH64/MdePkg/Library/DxePcdLib/DxePcdLib/OUTPUT/DxePcdLib.lib
LOAD /home/uwe/git/ms/iot_core_tx8mmini/mu_platform_nxp/Build/TX8M_MINI_EVK_1GB/RELEASE_GCC5/AARCH64/MdePkg/Library/BaseMemoryLibOptDxe/BaseMemoryLibOptDxe/OUTPUT/BaseMemoryLibOptDxe.lib
LOAD /home/uwe/git/ms/iot_core_tx8mmini/mu_platform_nxp/Build/TX8M_MINI_EVK_1GB/RELEASE_GCC5/AARCH64/MdePkg/Library/BaseLib/BaseLib/OUTPUT/BaseLib.lib
LOAD /home/uwe/git/ms/iot_core_tx8mmini/mu_platform_nxp/Build/TX8M_MINI_EVK_1GB/RELEASE_GCC5/AARCH64/ArmPkg/Library/ArmLib/ArmBaseLib/OUTPUT/ArmBaseLib.lib
LOAD /home/uwe/git/ms/iot_core_tx8mmini/mu_platform_nxp/Build/TX8M_MINI_EVK_1GB/RELEASE_GCC5/AARCH64/MdePkg/Library/BaseIoLibIntrinsic/BaseIoLibIntrinsic/OUTPUT/BaseIoLibIntrinsic.lib
LOAD /home/uwe/git/ms/iot_core_tx8mmini/mu_platform_nxp/Build/TX8M_MINI_EVK_1GB/RELEASE_GCC5/AARCH64/ArmPkg/Library/ArmCacheMaintenanceLib/ArmCacheMaintenanceLib/OUTPUT/ArmCacheMaintenanceLib.lib
LOAD /home/uwe/git/ms/iot_core_tx8mmini/mu_platform_nxp/Build/TX8M_MINI_EVK_1GB/RELEASE_GCC5/AARCH64/MdePkg/Library/BaseDebugPrintErrorLevelLib/BaseDebugPrintErrorLevelLib/OUTPUT/BaseDebugPrintErrorLevelLib.lib
LOAD /home/uwe/git/ms/iot_core_tx8mmini/mu_platform_nxp/Build/TX8M_MINI_EVK_1GB/RELEASE_GCC5/AARCH64/iMXPlatformPkg/Library/UartSerialPortLib/UartSerialPortLib/OUTPUT/SerialPortLib.lib
LOAD /home/uwe/git/ms/iot_core_tx8mmini/mu_platform_nxp/Build/TX8M_MINI_EVK_1GB/RELEASE_GCC5/AARCH64/MdePkg/Library/BasePrintLib/BasePrintLib/OUTPUT/BasePrintLib.lib
LOAD /home/uwe/git/ms/iot_core_tx8mmini/mu_platform_nxp/Build/TX8M_MINI_EVK_1GB/RELEASE_GCC5/AARCH64/MdePkg/Library/BaseDebugLibSerialPort/BaseDebugLibSerialPort/OUTPUT/BaseDebugLibSerialPort.lib
LOAD /home/uwe/git/ms/iot_core_tx8mmini/mu_platform_nxp/Build/TX8M_MINI_EVK_1GB/RELEASE_GCC5/AARCH64/ArmPkg/Library/ArmGenericTimerPhyCounterLib/ArmGenericTimerPhyCounterLib/OUTPUT/ArmGenericTimerPhyCounterLib.lib
LOAD /home/uwe/git/ms/iot_core_tx8mmini/mu_platform_nxp/Build/TX8M_MINI_EVK_1GB/RELEASE_GCC5/AARCH64/ArmPkg/Library/ArmArchTimerLib/ArmArchTimerLib/OUTPUT/ArmArchTimerLib.lib
LOAD /home/uwe/git/ms/iot_core_tx8mmini/mu_platform_nxp/Build/TX8M_MINI_EVK_1GB/RELEASE_GCC5/AARCH64/MdePkg/Library/UefiBootServicesTableLib/UefiBootServicesTableLib/OUTPUT/UefiBootServicesTableLib.lib
LOAD /home/uwe/git/ms/iot_core_tx8mmini/mu_platform_nxp/Build/TX8M_MINI_EVK_1GB/RELEASE_GCC5/AARCH64/MdePkg/Library/UefiMemoryAllocationLib/UefiMemoryAllocationLib/OUTPUT/UefiMemoryAllocationLib.lib
LOAD /home/uwe/git/ms/iot_core_tx8mmini/mu_platform_nxp/Build/TX8M_MINI_EVK_1GB/RELEASE_GCC5/AARCH64/MdePkg/Library/UefiRuntimeServicesTableLib/UefiRuntimeServicesTableLib/OUTPUT/UefiRuntimeServicesTableLib.lib
LOAD /home/uwe/git/ms/iot_core_tx8mmini/mu_platform_nxp/Build/TX8M_MINI_EVK_1GB/RELEASE_GCC5/AARCH64/MdePkg/Library/UefiDevicePathLib/UefiDevicePathLib/OUTPUT/UefiDevicePathLib.lib
LOAD /home/uwe/git/ms/iot_core_tx8mmini/mu_platform_nxp/Build/TX8M_MINI_EVK_1GB/RELEASE_GCC5/AARCH64/MdePkg/Library/UefiLib/UefiLib/OUTPUT/UefiLib.lib
LOAD /home/uwe/git/ms/iot_core_tx8mmini/mu_platform_nxp/Build/TX8M_MINI_EVK_1GB/RELEASE_GCC5/AARCH64/MdeModulePkg/Library/UefiHiiServicesLib/UefiHiiServicesLib/OUTPUT/UefiHiiServicesLib.lib
LOAD /home/uwe/git/ms/iot_core_tx8mmini/mu_platform_nxp/Build/TX8M_MINI_EVK_1GB/RELEASE_GCC5/AARCH64/MdeModulePkg/Library/UefiSortLib/UefiSortLib/OUTPUT/UefiSortLib.lib
LOAD /home/uwe/git/ms/iot_core_tx8mmini/mu_platform_nxp/Build/TX8M_MINI_EVK_1GB/RELEASE_GCC5/AARCH64/MdePkg/Library/DxeServicesLib/DxeServicesLib/OUTPUT/DxeServicesLib.lib
LOAD /home/uwe/git/ms/iot_core_tx8mmini/mu_platform_nxp/Build/TX8M_MINI_EVK_1GB/RELEASE_GCC5/AARCH64/MdePkg/Library/DxeServicesTableLib/DxeServicesTableLib/OUTPUT/DxeServicesTableLib.lib
LOAD /home/uwe/git/ms/iot_core_tx8mmini/mu_platform_nxp/Build/TX8M_MINI_EVK_1GB/RELEASE_GCC5/AARCH64/MdePkg/Library/BasePeCoffGetEntryPointLib/BasePeCoffGetEntryPointLib/OUTPUT/BasePeCoffGetEntryPointLib.lib
LOAD /home/uwe/git/ms/iot_core_tx8mmini/mu_platform_nxp/Build/TX8M_MINI_EVK_1GB/RELEASE_GCC5/AARCH64/MdeModulePkg/Library/DxePerformanceLib/DxePerformanceLib/OUTPUT/DxePerformanceLib.lib
LOAD /home/uwe/git/ms/iot_core_tx8mmini/mu_platform_nxp/Build/TX8M_MINI_EVK_1GB/RELEASE_GCC5/AARCH64/MdePkg/Library/DxeHobLib/DxeHobLib/OUTPUT/DxeHobLib.lib
LOAD /home/uwe/git/ms/iot_core_tx8mmini/mu_platform_nxp/Build/TX8M_MINI_EVK_1GB/RELEASE_GCC5/AARCH64/MdeModulePkg/Library/UefiHiiLib/UefiHiiLib/OUTPUT/UefiHiiLib.lib
LOAD /home/uwe/git/ms/iot_core_tx8mmini/mu_platform_nxp/Build/TX8M_MINI_EVK_1GB/RELEASE_GCC5/AARCH64/MdeModulePkg/Library/DxeReportStatusCodeLib/DxeReportStatusCodeLib/OUTPUT/DxeReportStatusCodeLib.lib
LOAD /home/uwe/git/ms/iot_core_tx8mmini/mu_platform_nxp/Build/TX8M_MINI_EVK_1GB/RELEASE_GCC5/AARCH64/MdeModulePkg/Library/UefiBootManagerLib/UefiBootManagerLib/OUTPUT/UefiBootManagerLib.lib
LOAD /home/uwe/git/ms/iot_core_tx8mmini/mu_platform_nxp/Build/TX8M_MINI_EVK_1GB/RELEASE_GCC5/AARCH64/MdeModulePkg/Library/FileExplorerLib/FileExplorerLib/OUTPUT/FileExplorerLib.lib
LOAD /home/uwe/git/ms/iot_core_tx8mmini/mu_platform_nxp/Build/TX8M_MINI_EVK_1GB/RELEASE_GCC5/AARCH64/MdePkg/Library/UefiApplicationEntryPoint/UefiApplicationEntryPoint/OUTPUT/UefiApplicationEntryPoint.lib
LOAD /home/uwe/git/ms/iot_core_tx8mmini/mu_platform_nxp/Build/TX8M_MINI_EVK_1GB/RELEASE_GCC5/AARCH64/ArmPkg/Library/CompilerIntrinsicsLib/CompilerIntrinsicsLib/OUTPUT/CompilerIntrinsicsLib.lib
LOAD /home/uwe/git/ms/iot_core_tx8mmini/mu_platform_nxp/Build/TX8M_MINI_EVK_1GB/RELEASE_GCC5/AARCH64/MdePkg/Library/BaseStackCheckLib/BaseStackCheckLib/OUTPUT/BaseStackCheckLib.lib
LOAD /home/uwe/git/ms/iot_core_tx8mmini/mu_platform_nxp/Build/TX8M_MINI_EVK_1GB/RELEASE_GCC5/AARCH64/MdeModulePkg/Library/DeviceManagerUiLib/DeviceManagerUiLib/OUTPUT/DeviceManagerUiLib.lib
LOAD /home/uwe/git/ms/iot_core_tx8mmini/mu_platform_nxp/Build/TX8M_MINI_EVK_1GB/RELEASE_GCC5/AARCH64/MdeModulePkg/Library/BootManagerUiLib/BootManagerUiLib/OUTPUT/BootManagerUiLib.lib
LOAD /home/uwe/git/ms/iot_core_tx8mmini/mu_platform_nxp/Build/TX8M_MINI_EVK_1GB/RELEASE_GCC5/AARCH64/MdeModulePkg/Library/BootMaintenanceManagerUiLib/BootMaintenanceManagerUiLib/OUTPUT/BootMaintenanceManagerUiLib.lib
LOAD /home/uwe/git/ms/iot_core_tx8mmini/mu_platform_nxp/Build/TX8M_MINI_EVK_1GB/RELEASE_GCC5/AARCH64/MdeModulePkg/Application/UiApp/UiApp/OUTPUT/UiApp.lib
END GROUP
                0x0000000000000228                . = PECOFF_HEADER_SIZE

.text           0x0000000000001000    0x178d8
 *(.text .text.* .stub .gnu.linkonce.t.*)
 .text.FakeExtractConfig
                0x0000000000001000       0x24 /tmp/ccejZfix.ltrans0.ltrans.o
 .text.BootManagerExtractConfig
                0x0000000000001024       0x24 /tmp/ccejZfix.ltrans0.ltrans.o
 .text.DeviceManagerExtractConfig
                0x0000000000001048       0x24 /tmp/ccejZfix.ltrans0.ltrans.o
 .text.LibExtractConfig
                0x000000000000106c       0x24 /tmp/ccejZfix.ltrans0.ltrans.o
                0x000000000000106c                LibExtractConfig
 .text.BmEliminateExtraSpaces
                0x0000000000001090       0x44 /tmp/ccejZfix.ltrans0.ltrans.o
 .text.EfiEventEmptyFunction
                0x00000000000010d4        0x4 /tmp/ccejZfix.ltrans0.ltrans.o
 .text.HiiRemovePackages
                0x00000000000010d8       0x18 /tmp/ccejZfix.ltrans0.ltrans.o
 .text.EfiEventGroupSignal
                0x00000000000010f0       0x78 /tmp/ccejZfix.ltrans0.ltrans.o
 .text.DebugCodeEnabled
                0x0000000000001168        0x8 /tmp/ccejZfix.ltrans0.ltrans.o
 .text.BaseDebugLibSerialPortConstructor
                0x0000000000001170       0x18 /tmp/ccejZfix.ltrans0.ltrans.o
 .text.AsciiStrCmp
                0x0000000000001188       0x28 /tmp/ccejZfix.ltrans0.ltrans.o
 .text.StrnCmp  0x00000000000011b0       0x40 /tmp/ccejZfix.ltrans0.ltrans.o
 .text.StrCmp   0x00000000000011f0       0x28 /tmp/ccejZfix.ltrans0.ltrans.o
 .text.RShiftU64
                0x0000000000001218        0x8 /tmp/ccejZfix.ltrans0.ltrans.o
 .text.FakeRouteConfig
                0x0000000000001220       0x24 /tmp/ccejZfix.ltrans0.ltrans.o
 .text.BootManagerRouteConfig
                0x0000000000001244        0x4 /tmp/ccejZfix.ltrans0.ltrans.o
 .text.DeviceManagerRouteConfig
                0x0000000000001248        0x4 /tmp/ccejZfix.ltrans0.ltrans.o
 .text.LibRouteConfig
                0x000000000000124c        0x4 /tmp/ccejZfix.ltrans0.ltrans.o
                0x000000000000124c                LibRouteConfig
 .text.BmRepairNotify
                0x0000000000001250       0x28 /tmp/ccejZfix.ltrans0.ltrans.o
 .text.BmDestroyRamDisk
                0x0000000000001278       0xcc /tmp/ccejZfix.ltrans0.ltrans.o
 .text.TimerConstructor
                0x0000000000001344       0x18 /tmp/ccejZfix.ltrans0.ltrans.o
 .text.SPrintLength
                0x000000000000135c       0x40 /tmp/ccejZfix.ltrans0.ltrans.o
 .text.UpdateConsoleContent
                0x000000000000139c      0x224 /tmp/ccejZfix.ltrans0.ltrans.o
                0x000000000000139c                UpdateConsoleContent
 .text.LibDevicePathToStr
                0x00000000000015c0       0x60 /tmp/ccejZfix.ltrans0.ltrans.o
                0x00000000000015c0                UiDevicePathToStr
                0x00000000000015c0                LibDevicePathToStr
 .text.LibToLowerString
                0x0000000000001620       0x2c /tmp/ccejZfix.ltrans0.ltrans.o
                0x0000000000001620                LibToLowerString
 .text.InternalGetReportStatusCode.part.0
                0x000000000000164c       0x50 /tmp/ccejZfix.ltrans0.ltrans.o
                0x000000000000164c                InternalGetReportStatusCode.part.0
 .text.ReportDebugCodeEnabled
                0x000000000000169c        0x8 /tmp/ccejZfix.ltrans0.ltrans.o
                0x000000000000169c                ReportDebugCodeEnabled
 .text.ReportErrorCodeEnabled
                0x00000000000016a4        0x8 /tmp/ccejZfix.ltrans0.ltrans.o
                0x00000000000016a4                ReportErrorCodeEnabled
 .text.ReportProgressCodeEnabled
                0x00000000000016ac        0x8 /tmp/ccejZfix.ltrans0.ltrans.o
                0x00000000000016ac                ReportProgressCodeEnabled
 .text.BmReportLoadFailure
                0x00000000000016b4       0x5c /tmp/ccejZfix.ltrans0.ltrans.o
 .text.UefiLibGetStringWidth.part.1
                0x0000000000001710       0x84 /tmp/ccejZfix.ltrans0.ltrans.o
                0x0000000000001710                UefiLibGetStringWidth.part.1
 .text.DevicePathFromHandle
                0x0000000000001794       0x38 /tmp/ccejZfix.ltrans0.ltrans.o
                0x0000000000001794                DevicePathFromHandle
 .text.IsDevicePathEnd
                0x00000000000017cc       0x24 /tmp/ccejZfix.ltrans0.ltrans.o
                0x00000000000017cc                IsDevicePathEnd
 .text.EfiBootManagerConnectDevicePath
                0x00000000000017f0      0x138 /tmp/ccejZfix.ltrans0.ltrans.o
 .text.NextDevicePathNode
                0x0000000000001928       0x28 /tmp/ccejZfix.ltrans0.ltrans.o
                0x0000000000001928                NextDevicePathNode
 .text.BmMatchPartitionDevicePathNode.part.6
                0x0000000000001950       0xb4 /tmp/ccejZfix.ltrans0.ltrans.o
 .text.IsDevicePathValid
                0x0000000000001a04       0xd8 /tmp/ccejZfix.ltrans0.ltrans.o
 .text.UefiDevicePathLibGetDevicePathSize
                0x0000000000001adc       0x74 /tmp/ccejZfix.ltrans0.ltrans.o
                0x0000000000001adc                UefiDevicePathLibGetDevicePathSize
 .text.EfiBootManagerFindLoadOption
                0x0000000000001b50       0xc0 /tmp/ccejZfix.ltrans0.ltrans.o
 .text.FreePool
                0x0000000000001c10       0x10 /tmp/ccejZfix.ltrans0.ltrans.o
                0x0000000000001c10                FreePool
 .text.BmmSetConsoleMode
                0x0000000000001c20      0x330 /tmp/ccejZfix.ltrans0.ltrans.o
                0x0000000000001c20                BmmSetConsoleMode
 .text.BmSetConsoleMode
                0x0000000000001f50      0x330 /tmp/ccejZfix.ltrans0.ltrans.o
 .text.BmSetConsoleMode.stub
                0x0000000000002280        0xc linker stubs
 .text.LibDestroyMenuEntry
                0x0000000000003280       0x78 /tmp/ccejZfix.ltrans0.ltrans.o
                0x0000000000003280                LibDestroyMenuEntry
 .text.LibFreeMenu
                0x00000000000032f8       0x54 /tmp/ccejZfix.ltrans0.ltrans.o
                0x00000000000032f8                LibFreeMenu
 .text.BmPrintDp
                0x000000000000334c       0x20 /tmp/ccejZfix.ltrans0.ltrans.o
 .text.EfiBootManagerFreeDriverHealthInfo
                0x000000000000336c       0x5c /tmp/ccejZfix.ltrans0.ltrans.o
 .text.EfiBootManagerFreeLoadOption
                0x00000000000033c8       0x54 /tmp/ccejZfix.ltrans0.ltrans.o
                0x00000000000033c8                EfiBootManagerFreeLoadOption
 .text.EfiBootManagerFreeLoadOptions
                0x000000000000341c       0x64 /tmp/ccejZfix.ltrans0.ltrans.o
                0x000000000000341c                EfiBootManagerFreeLoadOptions
 .text.BmConnectUsbShortFormDevicePath
                0x0000000000003480      0x144 /tmp/ccejZfix.ltrans0.ltrans.o
 .text.HiiFreeOpCodeHandle
                0x00000000000035c4       0x2c /tmp/ccejZfix.ltrans0.ltrans.o
                0x00000000000035c4                HiiFreeOpCodeHandle
 .text.UiCustomizeFrontPageBanner
                0x00000000000035f0       0x90 /tmp/ccejZfix.ltrans0.ltrans.o
 .text.UiSetConsoleMode
                0x0000000000003680      0x330 /tmp/ccejZfix.ltrans0.ltrans.o
 .text.AllocateZeroPool
                0x00000000000039b0       0x34 /tmp/ccejZfix.ltrans0.ltrans.o
                0x00000000000039b0                AllocateZeroPool
 .text.LibCreateMenuEntry
                0x00000000000039e4       0x58 /tmp/ccejZfix.ltrans0.ltrans.o
                0x00000000000039e4                LibCreateMenuEntry
 .text.HiiGetSupportedLanguages
                0x0000000000003a3c       0x98 /tmp/ccejZfix.ltrans0.ltrans.o
                0x0000000000003a3c                HiiGetSupportedLanguages
 .text.AllocatePool
                0x0000000000003ad4        0x4 /tmp/ccejZfix.ltrans0.ltrans.o
                0x0000000000003ad4                AllocatePool
 .text.HiiAllocateOpCodeHandle
                0x0000000000003ad8       0x54 /tmp/ccejZfix.ltrans0.ltrans.o
                0x0000000000003ad8                HiiAllocateOpCodeHandle
 .text.GetVariable2
                0x0000000000003b2c       0xe0 /tmp/ccejZfix.ltrans0.ltrans.o
 .text.GetEfiGlobalVariable2
                0x0000000000003c0c       0x14 /tmp/ccejZfix.ltrans0.ltrans.o
                0x0000000000003c0c                GetEfiGlobalVariable2
 .text.BmGetFreeOptionNumber
                0x0000000000003c20       0xe8 /tmp/ccejZfix.ltrans0.ltrans.o
                0x0000000000003c20                BmGetFreeOptionNumber
 .text.BasePrintLibValueToString
                0x0000000000003d08       0x2c /tmp/ccejZfix.ltrans0.ltrans.o
                0x0000000000003d08                BasePrintLibValueToString
 .text.BasePrintLibFillBuffer
                0x0000000000003d34       0x34 /tmp/ccejZfix.ltrans0.ltrans.o
                0x0000000000003d34                BasePrintLibFillBuffer
 .text.UnicodeValueToStringS
                0x0000000000003d68      0x194 /tmp/ccejZfix.ltrans0.ltrans.o
                0x0000000000003d68                UnicodeValueToStringS
 .text.BmGetNvmeDescription
                0x0000000000003efc      0x1b4 /tmp/ccejZfix.ltrans0.ltrans.o
 .text.UnicodeVSPrint
                0x00000000000040b0       0x54 /tmp/ccejZfix.ltrans0.ltrans.o
                0x00000000000040b0                UnicodeVSPrint
 .text.UnicodeSPrint
                0x0000000000004104       0x50 /tmp/ccejZfix.ltrans0.ltrans.o
                0x0000000000004104                UnicodeSPrint
 .text.BmGetNetworkDescription
                0x0000000000004154      0x268 /tmp/ccejZfix.ltrans0.ltrans.o
 .text.AsciiStrnCmp
                0x00000000000043bc       0x40 /tmp/ccejZfix.ltrans0.ltrans.o
                0x00000000000043bc                AsciiStrnCmp
 .text.AsciiStrLen
                0x00000000000043fc       0x1c /tmp/ccejZfix.ltrans0.ltrans.o
                0x00000000000043fc                AsciiStrLen
 .text.AsciiStrSize
                0x0000000000004418       0x18 /tmp/ccejZfix.ltrans0.ltrans.o
 .text.StrStr   0x0000000000004430       0x48 /tmp/ccejZfix.ltrans0.ltrans.o
                0x0000000000004430                StrStr
 .text.InternalHiiCompareSubString
                0x0000000000004478       0x88 /tmp/ccejZfix.ltrans0.ltrans.o
                0x0000000000004478                InternalHiiCompareSubString
 .text.StrLen   0x0000000000004500       0x1c /tmp/ccejZfix.ltrans0.ltrans.o
                0x0000000000004500                StrLen
 .text.BootMaintExtractConfig
                0x000000000000451c      0x148 /tmp/ccejZfix.ltrans0.ltrans.o
                0x000000000000451c                BootMaintExtractConfig
 .text.EfiBootManagerIsValidLoadOptionVariableName.part.6
                0x0000000000004664       0xe0 /tmp/ccejZfix.ltrans0.ltrans.o
 .text.StrSize  0x0000000000004744       0x1c /tmp/ccejZfix.ltrans0.ltrans.o
                0x0000000000004744                StrSize
 .text.AsciiStrnLenS
                0x0000000000004760       0x3c /tmp/ccejZfix.ltrans0.ltrans.o
                0x0000000000004760                AsciiStrnLenS
 .text.AsciiStrToUnicodeStrS
                0x000000000000479c       0xac /tmp/ccejZfix.ltrans0.ltrans.o
 .text.GetOptionalStringByIndex
                0x0000000000004848       0xa8 /tmp/ccejZfix.ltrans0.ltrans.o
 .text.StrnLenS
                0x00000000000048f0       0x3c /tmp/ccejZfix.ltrans0.ltrans.o
                0x00000000000048f0                StrnLenS
 .text.InternalSafeStringNoStrOverlap
                0x000000000000492c       0x3c /tmp/ccejZfix.ltrans0.ltrans.o
                0x000000000000492c                InternalSafeStringNoStrOverlap
 .text.StrCatS  0x0000000000004968       0xc4 /tmp/ccejZfix.ltrans0.ltrans.o
                0x0000000000004968                StrCatS
 .text.BmGetUsbDescription
                0x0000000000004a2c      0x1a4 /tmp/ccejZfix.ltrans0.ltrans.o
 .text.StrnCpyS
                0x0000000000004bd0       0xd8 /tmp/ccejZfix.ltrans0.ltrans.o
                0x0000000000004bd0                StrnCpyS
 .text.StrCpyS  0x0000000000004ca8       0xa0 /tmp/ccejZfix.ltrans0.ltrans.o
                0x0000000000004ca8                StrCpyS
 .text.LibAppendFileName
                0x0000000000004d48      0x178 /tmp/ccejZfix.ltrans0.ltrans.o
 .text.BmGetBootDescription
                0x0000000000004ec0      0x110 /tmp/ccejZfix.ltrans0.ltrans.o
 .text.CopyMem  0x0000000000004fd0       0x1c /tmp/ccejZfix.ltrans0.ltrans.o
                0x0000000000004fd0                CopyMem
 .text.LibStrDuplicate
                0x0000000000004fec       0x48 /tmp/ccejZfix.ltrans0.ltrans.o
                0x0000000000004fec                LibStrDuplicate
 .text.EfiBootManagerDeleteLoadOptionVariable
                0x0000000000005034      0x124 /tmp/ccejZfix.ltrans0.ltrans.o
                0x0000000000005034                EfiBootManagerDeleteLoadOptionVariable
 .text.EfiBootManagerLoadOptionToVariable
                0x0000000000005158      0x1bc /tmp/ccejZfix.ltrans0.ltrans.o
                0x0000000000005158                EfiBootManagerLoadOptionToVariable
 .text.GetBestLanguage
                0x0000000000005314      0x164 /tmp/ccejZfix.ltrans0.ltrans.o
                0x0000000000005314                GetBestLanguage
 .text.SetDevicePathEndNode
                0x0000000000005478       0x10 /tmp/ccejZfix.ltrans0.ltrans.o
 .text.ReallocatePool
                0x0000000000005488       0x6c /tmp/ccejZfix.ltrans0.ltrans.o
                0x0000000000005488                ReallocatePool
 .text.IsMacAddressDevicePath
                0x00000000000054f4      0x2dc /tmp/ccejZfix.ltrans0.ltrans.o
 .text.BmGetSingleControllerHealthStatus
                0x00000000000057d0      0x1d4 /tmp/ccejZfix.ltrans0.ltrans.o
 .text.EfiBootManagerGetDriverHealthInfo
                0x00000000000059a4      0x188 /tmp/ccejZfix.ltrans0.ltrans.o
 .text.InternalHiiGrowOpCodeHandle
                0x0000000000005b2c       0x70 /tmp/ccejZfix.ltrans0.ltrans.o
                0x0000000000005b2c                InternalHiiGrowOpCodeHandle
 .text.InternalHiiCreateOpCodeExtended
                0x0000000000005b9c       0x4c /tmp/ccejZfix.ltrans0.ltrans.o
                0x0000000000005b9c                InternalHiiCreateOpCodeExtended
 .text.InternalHiiCreateOpCode
                0x0000000000005be8        0xc /tmp/ccejZfix.ltrans0.ltrans.o
                0x0000000000005be8                InternalHiiCreateOpCode
 .text.HiiCreateGotoOpCode
                0x0000000000005bf4       0x74 /tmp/ccejZfix.ltrans0.ltrans.o
                0x0000000000005bf4                HiiCreateGotoOpCode
 .text.HiiCreateOneOfOptionOpCode
                0x0000000000005c68       0x7c /tmp/ccejZfix.ltrans0.ltrans.o
                0x0000000000005c68                HiiCreateOneOfOptionOpCode
 .text.HiiCreateEndOpCode
                0x0000000000005ce4       0x20 /tmp/ccejZfix.ltrans0.ltrans.o
                0x0000000000005ce4                HiiCreateEndOpCode
 .text.HiiGetFormSetFromHiiHandle
                0x0000000000005d04      0x1c4 /tmp/ccejZfix.ltrans0.ltrans.o
                0x0000000000005d04                HiiGetFormSetFromHiiHandle
 .text.UefiDevicePathLibCatPrint
                0x0000000000005ec8      0x128 /tmp/ccejZfix.ltrans0.ltrans.o
                0x0000000000005ec8                UefiDevicePathLibCatPrint
 .text.DevPathToTextNodeGeneric
                0x0000000000005ff0       0xf0 /tmp/ccejZfix.ltrans0.ltrans.o
                0x0000000000005ff0                DevPathToTextNodeGeneric
 .text.DevPathToTextEndInstance
                0x00000000000060e0        0xc /tmp/ccejZfix.ltrans0.ltrans.o
                0x00000000000060e0                DevPathToTextEndInstance
 .text.DevPathToTextBBS
                0x00000000000060ec       0xec /tmp/ccejZfix.ltrans0.ltrans.o
                0x00000000000060ec                DevPathToTextBBS
 .text.DevPathRelativeOffsetRange
                0x00000000000061d8       0x10 /tmp/ccejZfix.ltrans0.ltrans.o
                0x00000000000061d8                DevPathRelativeOffsetRange
 .text.DevPathToTextFvFile
                0x00000000000061e8       0x10 /tmp/ccejZfix.ltrans0.ltrans.o
                0x00000000000061e8                DevPathToTextFvFile
 .text.DevPathToTextFv
                0x00000000000061f8       0x10 /tmp/ccejZfix.ltrans0.ltrans.o
                0x00000000000061f8                DevPathToTextFv
 .text.DevPathToTextMediaProtocol
                0x0000000000006208       0x10 /tmp/ccejZfix.ltrans0.ltrans.o
                0x0000000000006208                DevPathToTextMediaProtocol
 .text.DevPathToTextFilePath
                0x0000000000006218       0x10 /tmp/ccejZfix.ltrans0.ltrans.o
                0x0000000000006218                DevPathToTextFilePath
 .text.DevPathToTextCDROM
                0x0000000000006228       0x30 /tmp/ccejZfix.ltrans0.ltrans.o
                0x0000000000006228                DevPathToTextCDROM
 .text.DevPathToTextHardDrive
                0x0000000000006258       0x8c /tmp/ccejZfix.ltrans0.ltrans.o
                0x0000000000006258                DevPathToTextHardDrive
 .text.DevPathToTextUri
                0x00000000000062e4       0x6c /tmp/ccejZfix.ltrans0.ltrans.o
                0x00000000000062e4                DevPathToTextUri
 .text.DevPathToTextBluetoothLE
                0x0000000000006350       0x44 /tmp/ccejZfix.ltrans0.ltrans.o
                0x0000000000006350                DevPathToTextBluetoothLE
 .text.DevPathToTextWiFi
                0x0000000000006394       0x44 /tmp/ccejZfix.ltrans0.ltrans.o
                0x0000000000006394                DevPathToTextWiFi
 .text.DevPathToTextBluetooth
                0x00000000000063d8       0x24 /tmp/ccejZfix.ltrans0.ltrans.o
                0x00000000000063d8                DevPathToTextBluetooth
 .text.DevPathToTextVlan
                0x00000000000063fc       0x10 /tmp/ccejZfix.ltrans0.ltrans.o
                0x00000000000063fc                DevPathToTextVlan
 .text.DevPathToTextiSCSI
                0x000000000000640c      0x110 /tmp/ccejZfix.ltrans0.ltrans.o
                0x000000000000640c                DevPathToTextiSCSI
 .text.DevPathToTextUart
                0x000000000000651c      0x118 /tmp/ccejZfix.ltrans0.ltrans.o
                0x000000000000651c                DevPathToTextUart
 .text.DevPathToTextInfiniBand
                0x0000000000006634       0x1c /tmp/ccejZfix.ltrans0.ltrans.o
                0x0000000000006634                DevPathToTextInfiniBand
 .text.CatIPv6Address
                0x0000000000006650       0x8c /tmp/ccejZfix.ltrans0.ltrans.o
 .text.CatIPv4Address
                0x00000000000066dc       0x1c /tmp/ccejZfix.ltrans0.ltrans.o
 .text.DevPathToTextDns
                0x00000000000066f8       0xc4 /tmp/ccejZfix.ltrans0.ltrans.o
                0x00000000000066f8                DevPathToTextDns
 .text.CatNetworkProtocol
                0x00000000000067bc       0x38 /tmp/ccejZfix.ltrans0.ltrans.o
 .text.DevPathToTextIPv6
                0x00000000000067f4       0xec /tmp/ccejZfix.ltrans0.ltrans.o
                0x00000000000067f4                DevPathToTextIPv6
 .text.DevPathToTextIPv4
                0x00000000000068e0       0xf4 /tmp/ccejZfix.ltrans0.ltrans.o
                0x00000000000068e0                DevPathToTextIPv4
 .text.DevPathToTextMacAddr
                0x00000000000069d4       0x8c /tmp/ccejZfix.ltrans0.ltrans.o
                0x00000000000069d4                DevPathToTextMacAddr
 .text.DevPathToTextI2O
                0x0000000000006a60       0x10 /tmp/ccejZfix.ltrans0.ltrans.o
                0x0000000000006a60                DevPathToTextI2O
 .text.DevPathToTextSata
                0x0000000000006a70       0x18 /tmp/ccejZfix.ltrans0.ltrans.o
                0x0000000000006a70                DevPathToTextSata
 .text.DevPathToTextUsbClass
                0x0000000000006a88      0x1bc /tmp/ccejZfix.ltrans0.ltrans.o
                0x0000000000006a88                DevPathToTextUsbClass
 .text.DevPathToTextLogicalUnit
                0x0000000000006c44       0x10 /tmp/ccejZfix.ltrans0.ltrans.o
                0x0000000000006c44                DevPathToTextLogicalUnit
 .text.DevPathToTextUsb
                0x0000000000006c54       0x14 /tmp/ccejZfix.ltrans0.ltrans.o
                0x0000000000006c54                DevPathToTextUsb
 .text.DevPathToText1394
                0x0000000000006c68       0x10 /tmp/ccejZfix.ltrans0.ltrans.o
                0x0000000000006c68                DevPathToText1394
 .text.DevPathToTextEmmc
                0x0000000000006c78       0x10 /tmp/ccejZfix.ltrans0.ltrans.o
                0x0000000000006c78                DevPathToTextEmmc
 .text.DevPathToTextSd
                0x0000000000006c88       0x10 /tmp/ccejZfix.ltrans0.ltrans.o
                0x0000000000006c88                DevPathToTextSd
 .text.DevPathToTextUfs
                0x0000000000006c98       0x14 /tmp/ccejZfix.ltrans0.ltrans.o
                0x0000000000006c98                DevPathToTextUfs
 .text.DevPathToTextNVMe
                0x0000000000006cac       0x54 /tmp/ccejZfix.ltrans0.ltrans.o
                0x0000000000006cac                DevPathToTextNVMe
 .text.DevPathToTextSasEx
                0x0000000000006d00      0x184 /tmp/ccejZfix.ltrans0.ltrans.o
                0x0000000000006d00                DevPathToTextSasEx
 .text.DevPathToTextFibreEx
                0x0000000000006e84       0xa0 /tmp/ccejZfix.ltrans0.ltrans.o
                0x0000000000006e84                DevPathToTextFibreEx
 .text.DevPathToTextFibre
                0x0000000000006f24       0x10 /tmp/ccejZfix.ltrans0.ltrans.o
                0x0000000000006f24                DevPathToTextFibre
 .text.DevPathToTextScsi
                0x0000000000006f34       0x14 /tmp/ccejZfix.ltrans0.ltrans.o
                0x0000000000006f34                DevPathToTextScsi
 .text.DevPathToTextAtapi
                0x0000000000006f48       0x60 /tmp/ccejZfix.ltrans0.ltrans.o
                0x0000000000006f48                DevPathToTextAtapi
 .text.DevPathToTextAcpiAdr
                0x0000000000006fa8       0x8c /tmp/ccejZfix.ltrans0.ltrans.o
                0x0000000000006fa8                DevPathToTextAcpiAdr
 .text.DevPathToTextAcpiEx
                0x0000000000007034      0x25c /tmp/ccejZfix.ltrans0.ltrans.o
                0x0000000000007034                DevPathToTextAcpiEx
 .text.DevPathToTextAcpi
                0x0000000000007290       0xc0 /tmp/ccejZfix.ltrans0.ltrans.o
                0x0000000000007290                DevPathToTextAcpi
 .text.DevPathToTextBmc
                0x0000000000007350       0x3c /tmp/ccejZfix.ltrans0.ltrans.o
                0x0000000000007350                DevPathToTextBmc
 .text.DevPathToTextController
                0x000000000000738c       0x10 /tmp/ccejZfix.ltrans0.ltrans.o
                0x000000000000738c                DevPathToTextController
 .text.DevPathToTextMemMap
                0x000000000000739c       0x14 /tmp/ccejZfix.ltrans0.ltrans.o
                0x000000000000739c                DevPathToTextMemMap
 .text.DevPathToTextPccard
                0x00000000000073b0       0x10 /tmp/ccejZfix.ltrans0.ltrans.o
                0x00000000000073b0                DevPathToTextPccard
 .text.DevPathToTextPci
                0x00000000000073c0       0x14 /tmp/ccejZfix.ltrans0.ltrans.o
                0x00000000000073c0                DevPathToTextPci
 .text.AllocateCopyPool
                0x00000000000073d4       0x3c /tmp/ccejZfix.ltrans0.ltrans.o
                0x00000000000073d4                AllocateCopyPool
 .text.ExtractFileNameFromDevicePath
                0x0000000000007410       0x84 /tmp/ccejZfix.ltrans0.ltrans.o
                0x0000000000007410                ExtractFileNameFromDevicePath
 .text.BmGetControllerName
                0x0000000000007494      0x138 /tmp/ccejZfix.ltrans0.ltrans.o
 .text.BmDisplayMessages
                0x00000000000075cc       0xc4 /tmp/ccejZfix.ltrans0.ltrans.o
 .text.BmRepairAllControllers
                0x0000000000007690      0x2c0 /tmp/ccejZfix.ltrans0.ltrans.o
 .text.BmGetMiscDescription
                0x0000000000007950      0x1b0 /tmp/ccejZfix.ltrans0.ltrans.o
 .text.BmGetLoadFileDescription
                0x0000000000007b00       0xb8 /tmp/ccejZfix.ltrans0.ltrans.o
 .text.DevPathToTextUsbWWID
                0x0000000000007bb8       0x8c /tmp/ccejZfix.ltrans0.ltrans.o
                0x0000000000007bb8                DevPathToTextUsbWWID
 .text.UefiDevicePathLibDuplicateDevicePath
                0x0000000000007c44       0x34 /tmp/ccejZfix.ltrans0.ltrans.o
                0x0000000000007c44                UefiDevicePathLibDuplicateDevicePath
 .text.LibGetDevicePath
                0x0000000000007c78       0x78 /tmp/ccejZfix.ltrans0.ltrans.o
 .text.EfiBootManagerInitializeLoadOption
                0x0000000000007cf0       0xd8 /tmp/ccejZfix.ltrans0.ltrans.o
                0x0000000000007cf0                EfiBootManagerInitializeLoadOption
 .text.BmGetRamDiskDevicePath
                0x0000000000007dc8       0x90 /tmp/ccejZfix.ltrans0.ltrans.o
 .text.UefiDevicePathLibGetNextDevicePathInstance
                0x0000000000007e58       0xc0 /tmp/ccejZfix.ltrans0.ltrans.o
                0x0000000000007e58                UefiDevicePathLibGetNextDevicePathInstance
 .text.UefiDevicePathLibAppendDevicePathInstance
                0x0000000000007f18       0xdc /tmp/ccejZfix.ltrans0.ltrans.o
                0x0000000000007f18                UefiDevicePathLibAppendDevicePathInstance
 .text.BmDelPartMatchInstance
                0x0000000000007ff4       0xe4 /tmp/ccejZfix.ltrans0.ltrans.o
 .text.EfiBootManagerConnectConsoleVariable.part.1
                0x00000000000080d8      0x254 /tmp/ccejZfix.ltrans0.ltrans.o
 .text.UefiDevicePathLibAppendDevicePath
                0x000000000000832c       0xcc /tmp/ccejZfix.ltrans0.ltrans.o
 .text.FileDevicePath
                0x00000000000083f8       0xa0 /tmp/ccejZfix.ltrans0.ltrans.o
                0x00000000000083f8                FileDevicePath
 .text.LibCreateNewFile
                0x0000000000008498      0x290 /tmp/ccejZfix.ltrans0.ltrans.o
 .text.BmExpandMediaDevicePath
                0x0000000000008728      0x1f0 /tmp/ccejZfix.ltrans0.ltrans.o
 .text.BmExpandLoadFile
                0x0000000000008918      0x224 /tmp/ccejZfix.ltrans0.ltrans.o
 .text.UefiDevicePathLibAppendDevicePathNode
                0x0000000000008b3c       0x9c /tmp/ccejZfix.ltrans0.ltrans.o
                0x0000000000008b3c                UefiDevicePathLibAppendDevicePathNode
 .text.BmAdjustFvFilePath
                0x0000000000008bd8      0x160 /tmp/ccejZfix.ltrans0.ltrans.o
 .text.GetNextLanguage
                0x0000000000008d38       0x7c /tmp/ccejZfix.ltrans0.ltrans.o
 .text.FrontPageCallback
                0x0000000000008db4      0x18c /tmp/ccejZfix.ltrans0.ltrans.o
 .text.CompareGuid
                0x0000000000008f40        0x4 /tmp/ccejZfix.ltrans0.ltrans.o
                0x0000000000008f40                CompareGuid
 .text.BmGetDescriptionFromDiskInfo
                0x0000000000008f44      0x22c /tmp/ccejZfix.ltrans0.ltrans.o
 .text.BmIsBootManagerMenuFilePath
                0x0000000000009170       0x70 /tmp/ccejZfix.ltrans0.ltrans.o
 .text.EfiBootManagerRefreshAllBootOption
                0x00000000000091e0      0x514 /tmp/ccejZfix.ltrans0.ltrans.o
                0x00000000000091e0                EfiBootManagerRefreshAllBootOption
 .text.BmUpdateSystemTableConsole
                0x00000000000096f4      0x15c /tmp/ccejZfix.ltrans0.ltrans.o
 .text.EfiBootManagerConnectAllDefaultConsoles
                0x0000000000009850      0x14c /tmp/ccejZfix.ltrans0.ltrans.o
 .text.EfiBootManagerConnectAll
                0x000000000000999c       0xa0 /tmp/ccejZfix.ltrans0.ltrans.o
 .text.HiiUpdateForm
                0x0000000000009a3c      0x470 /tmp/ccejZfix.ltrans0.ltrans.o
                0x0000000000009a3c                HiiUpdateForm
 .text.CreateDeviceManagerForm
                0x0000000000009eac      0x530 /tmp/ccejZfix.ltrans0.ltrans.o
 .text.DeviceManagerCallback
                0x000000000000a3dc       0xd4 /tmp/ccejZfix.ltrans0.ltrans.o
 .text.LibUpdateFileExplorePage
                0x000000000000a4b0      0x1dc /tmp/ccejZfix.ltrans0.ltrans.o
                0x000000000000a4b0                LibUpdateFileExplorePage
 .text.LibCallback
                0x000000000000a68c      0x4e8 /tmp/ccejZfix.ltrans0.ltrans.o
                0x000000000000a68c                LibCallback
 .text.EfiGetSystemConfigurationTable
                0x000000000000ab74       0x94 /tmp/ccejZfix.ltrans0.ltrans.o
 .text.GetHobList
                0x000000000000ac08       0x3c /tmp/ccejZfix.ltrans0.ltrans.o
 .text.DevPathToTextRamDisk
                0x000000000000ac44      0x1a8 /tmp/ccejZfix.ltrans0.ltrans.o
                0x000000000000ac44                DevPathToTextRamDisk
 .text.DevPathToTextVendor
                0x000000000000adec      0x350 /tmp/ccejZfix.ltrans0.ltrans.o
                0x000000000000adec                DevPathToTextVendor
 .text.CopyGuid
                0x000000000000b13c        0x8 /tmp/ccejZfix.ltrans0.ltrans.o
                0x000000000000b13c                CopyGuid
 .text.BmSetVariableAndReportStatusCodeOnError
                0x000000000000b144       0xf8 /tmp/ccejZfix.ltrans0.ltrans.o
 .text.EfiBootManagerVariableToLoadOptionEx.part.7
                0x000000000000b23c      0x1c0 /tmp/ccejZfix.ltrans0.ltrans.o
                0x000000000000b23c                EfiBootManagerVariableToLoadOptionEx.part.7
 .text.BmHotkeyCallback
                0x000000000000b3fc      0x164 /tmp/ccejZfix.ltrans0.ltrans.o
 .text.HiiAddPackages
                0x000000000000b560      0x194 /tmp/ccejZfix.ltrans0.ltrans.o
 .text.memcpy   0x000000000000b6f4       0x20 /tmp/ccejZfix.ltrans0.ltrans.o
                0x000000000000b6f4                memcpy
 .text._ModuleEntryPoint
                0x000000000000b714     0x1f10 /tmp/ccejZfix.ltrans0.ltrans.o
                0x000000000000b714                _ModuleEntryPoint
 .text.BmCachePartitionDevicePath
                0x000000000000d624       0xcc /tmp/ccejZfix.ltrans0.ltrans.o
 .text.BmGetNextLoadOptionDevicePath
                0x000000000000d6f0      0xb94 /tmp/ccejZfix.ltrans0.ltrans.o
 .text.EfiBootManagerBoot
                0x000000000000e284      0xdb4 /tmp/ccejZfix.ltrans0.ltrans.o
                0x000000000000e284                EfiBootManagerBoot
 .text.BootManagerCallback
                0x000000000000f038      0x574 /tmp/ccejZfix.ltrans0.ltrans.o
 .text.EfiLibDeleteVariable.constprop.9
                0x000000000000f5ac       0x24 /tmp/ccejZfix.ltrans1.ltrans.o
 .text.CleanUselessBeforeSubmit
                0x000000000000f5d0       0xa0 /tmp/ccejZfix.ltrans1.ltrans.o
 .text.InternalHiiBrowserCallback.constprop.34
                0x000000000000f670      0x10c /tmp/ccejZfix.ltrans1.ltrans.o
 .text.BOpt_DestroyMenuEntry
                0x000000000000f77c       0xd4 /tmp/ccejZfix.ltrans1.ltrans.o
 .text.BOpt_GetOptionNumber
                0x000000000000f850       0xd4 /tmp/ccejZfix.ltrans1.ltrans.o
 .text.StrnCatS.constprop.46
                0x000000000000f924       0xf8 /tmp/ccejZfix.ltrans1.ltrans.o
 .text.SetMem16
                0x000000000000fa1c       0x14 /tmp/ccejZfix.ltrans1.ltrans.o
 .text.InternalAllocatePool.constprop.100
                0x000000000000fa30       0x38 /tmp/ccejZfix.ltrans1.ltrans.o
                0x000000000000fa30                InternalAllocatePool.constprop.100
 .text.CreatePopUp.constprop.98
                0x000000000000fa68      0x458 /tmp/ccejZfix.ltrans1.ltrans.o
                0x000000000000fa68                CreatePopUp.constprop.98
 .text.BootFromFile
                0x000000000000fec0      0x160 /tmp/ccejZfix.ltrans1.ltrans.o
 .text.ReportStatusCode.constprop.95
                0x0000000000010020       0x70 /tmp/ccejZfix.ltrans1.ltrans.o
                0x0000000000010020                ReportStatusCode.constprop.95
 .text.HiiSetString.constprop.86
                0x0000000000010090      0x11c /tmp/ccejZfix.ltrans1.ltrans.o
                0x0000000000010090                HiiSetString.constprop.86
 .text.HiiGetString.constprop.81
                0x00000000000101ac      0x140 /tmp/ccejZfix.ltrans1.ltrans.o
                0x00000000000101ac                HiiGetString.constprop.81
 .text.HiiGetHiiHandles.constprop.80
                0x00000000000102ec       0x94 /tmp/ccejZfix.ltrans1.ltrans.o
                0x00000000000102ec                HiiGetHiiHandles.constprop.80
 .text.EfiBootManagerAddLoadOptionVariable.constprop.70
                0x0000000000010380      0x17c /tmp/ccejZfix.ltrans1.ltrans.o
                0x0000000000010380                EfiBootManagerAddLoadOptionVariable.constprop.70
 .text.EfiBootManagerGetLoadOptions.part.9.constprop.68
                0x00000000000104fc      0x128 /tmp/ccejZfix.ltrans1.ltrans.o
                0x00000000000104fc                EfiBootManagerGetLoadOptions.part.9.constprop.68
 .text.GetNextNode.constprop.66
                0x0000000000010624        0x8 /tmp/ccejZfix.ltrans1.ltrans.o
                0x0000000000010624                GetNextNode.constprop.66
 .text.LogPerformanceMeasurementEnabled.constprop.64
                0x000000000001062c        0x8 /tmp/ccejZfix.ltrans1.ltrans.o
                0x000000000001062c                LogPerformanceMeasurementEnabled.constprop.64
 .text.IsZeroGuid.constprop.47
                0x0000000000010634       0x10 /tmp/ccejZfix.ltrans1.ltrans.o
                0x0000000000010634                IsZeroGuid.constprop.47
 .text.MultU64x32.constprop.43
                0x0000000000010644        0xc /tmp/ccejZfix.ltrans1.ltrans.o
                0x0000000000010644                MultU64x32.constprop.43
 .text.LShiftU64.constprop.42
                0x0000000000010650        0x8 /tmp/ccejZfix.ltrans1.ltrans.o
                0x0000000000010650                LShiftU64.constprop.42
 .text.EfiAcquireLock.constprop.40
                0x0000000000010658       0x40 /tmp/ccejZfix.ltrans1.ltrans.o
                0x0000000000010658                EfiAcquireLock.constprop.40
 .text.HiiConstructConfigHdr.constprop.33
                0x0000000000010698      0x218 /tmp/ccejZfix.ltrans1.ltrans.o
                0x0000000000010698                HiiConstructConfigHdr.constprop.33
 .text.HiiIsConfigHdrMatch.constprop.32
                0x00000000000108b0       0x8c /tmp/ccejZfix.ltrans1.ltrans.o
                0x00000000000108b0                HiiIsConfigHdrMatch.constprop.32
 .text.ReportStatusCodeEx.constprop.24
                0x000000000001093c      0x1d8 /tmp/ccejZfix.ltrans1.ltrans.o
                0x000000000001093c                ReportStatusCodeEx.constprop.24
 .text.IsZeroBuffer.constprop.12
                0x0000000000010b14       0x28 /tmp/ccejZfix.ltrans1.ltrans.o
                0x0000000000010b14                IsZeroBuffer.constprop.12
 .text.SetMem.constprop.10
                0x0000000000010b3c        0xc /tmp/ccejZfix.ltrans1.ltrans.o
                0x0000000000010b3c                SetMem.constprop.10
 .text.GetPerformanceMeasurementProtocol
                0x0000000000010b48       0x60 /tmp/ccejZfix.ltrans1.ltrans.o
                0x0000000000010b48                GetPerformanceMeasurementProtocol
 .text.LogPerformanceMeasurement.constprop.65
                0x0000000000010ba8       0x6c /tmp/ccejZfix.ltrans1.ltrans.o
                0x0000000000010ba8                LogPerformanceMeasurement.constprop.65
 .text.Print    0x0000000000010c14       0xf0 /tmp/ccejZfix.ltrans1.ltrans.o
                0x0000000000010c14                Print
 .text.WriteUnaligned32
                0x0000000000010d04       0x2c /tmp/ccejZfix.ltrans1.ltrans.o
                0x0000000000010d04                WriteUnaligned32
 .text.WriteUnaligned16
                0x0000000000010d30       0x1c /tmp/ccejZfix.ltrans1.ltrans.o
                0x0000000000010d30                WriteUnaligned16
 .text.ReadUnaligned16
                0x0000000000010d4c       0x30 /tmp/ccejZfix.ltrans1.ltrans.o
                0x0000000000010d4c                ReadUnaligned16
 .text.ReadUnaligned32
                0x0000000000010d7c       0x28 /tmp/ccejZfix.ltrans1.ltrans.o
                0x0000000000010d7c                ReadUnaligned32
 .text.BasePrintLibSPrintMarker.constprop.84
                0x0000000000010da4      0xf38 /tmp/ccejZfix.ltrans1.ltrans.o
                0x0000000000010da4                BasePrintLibSPrintMarker.constprop.84
 .text.unlikely.BasePrintLibSPrint.constprop.85
                0x0000000000011cdc       0x54 /tmp/ccejZfix.ltrans1.ltrans.o
 .text.ReadUnaligned64
                0x0000000000011d30       0x28 /tmp/ccejZfix.ltrans1.ltrans.o
                0x0000000000011d30                ReadUnaligned64
 .text.RemoveEntryList
                0x0000000000011d58       0x18 /tmp/ccejZfix.ltrans1.ltrans.o
                0x0000000000011d58                RemoveEntryList
 .text.IsNull   0x0000000000011d70        0xc /tmp/ccejZfix.ltrans1.ltrans.o
                0x0000000000011d70                IsNull
 .text.IsListEmpty
                0x0000000000011d7c       0x10 /tmp/ccejZfix.ltrans1.ltrans.o
                0x0000000000011d7c                IsListEmpty
 .text.GetFirstNode
                0x0000000000011d8c        0x8 /tmp/ccejZfix.ltrans1.ltrans.o
                0x0000000000011d8c                GetFirstNode
 .text.InsertTailList
                0x0000000000011d94       0x18 /tmp/ccejZfix.ltrans1.ltrans.o
                0x0000000000011d94                InsertTailList
 .text.InitializeListHead
                0x0000000000011dac        0x8 /tmp/ccejZfix.ltrans1.ltrans.o
                0x0000000000011dac                InitializeListHead
 .text.CompareMem
                0x0000000000011db4       0x18 /tmp/ccejZfix.ltrans1.ltrans.o
                0x0000000000011db4                CompareMem
 .text.ZeroMem  0x0000000000011dcc        0xc /tmp/ccejZfix.ltrans1.ltrans.o
                0x0000000000011dcc                ZeroMem
 .text.HiiCreateActionOpCode.constprop.93
                0x0000000000011dd8       0x68 /tmp/ccejZfix.ltrans1.ltrans.o
                0x0000000000011dd8                HiiCreateActionOpCode.constprop.93
 .text.HiiCreateSubTitleOpCode.constprop.90
                0x0000000000011e40       0x60 /tmp/ccejZfix.ltrans1.ltrans.o
                0x0000000000011e40                HiiCreateSubTitleOpCode.constprop.90
 .text.UpdatePageEnd
                0x0000000000011ea0       0x7c /tmp/ccejZfix.ltrans1.ltrans.o
 .text.HiiCreateGotoExOpCode.constprop.88
                0x0000000000011f1c       0x94 /tmp/ccejZfix.ltrans1.ltrans.o
                0x0000000000011f1c                HiiCreateGotoExOpCode.constprop.88
 .text.UefiDevicePathLibConvertDevicePathToText.constprop.83
                0x0000000000011fb0      0x124 /tmp/ccejZfix.ltrans1.ltrans.o
                0x0000000000011fb0                UefiDevicePathLibConvertDevicePathToText.constprop.83
 .text.HiiCreateOneOfOpCode.constprop.78
                0x00000000000120d4       0xe0 /tmp/ccejZfix.ltrans1.ltrans.o
                0x00000000000120d4                HiiCreateOneOfOpCode.constprop.78
 .text.HiiCreateGuidOpCode.constprop.77
                0x00000000000121b4       0x54 /tmp/ccejZfix.ltrans1.ltrans.o
                0x00000000000121b4                HiiCreateGuidOpCode.constprop.77
 .text.RefreshUpdateData
                0x0000000000012208       0x44 /tmp/ccejZfix.ltrans1.ltrans.o
 .text.CleanUpPage
                0x000000000001224c       0x50 /tmp/ccejZfix.ltrans1.ltrans.o
 .text.UpdatePageStart
                0x000000000001229c       0x60 /tmp/ccejZfix.ltrans1.ltrans.o
 .text.HiiCreateCheckBoxOpCode.constprop.29
                0x00000000000122fc       0x8c /tmp/ccejZfix.ltrans1.ltrans.o
 .text.ReSendForm
                0x0000000000012388      0x1a4 /tmp/ccejZfix.ltrans1.ltrans.o
 .text.CreateDriverOptionFromFile
                0x000000000001252c        0x8 /tmp/ccejZfix.ltrans1.ltrans.o
 .text.CreateBootOptionFromFile
                0x0000000000012534        0x8 /tmp/ccejZfix.ltrans1.ltrans.o
 .text.RequiredDriver
                0x000000000001253c      0x110 /tmp/ccejZfix.ltrans1.ltrans.o
                0x000000000001253c                RequiredDriver
 .text.ExtractDevicePathFromHiiHandle
                0x000000000001264c       0x4c /tmp/ccejZfix.ltrans1.ltrans.o
                0x000000000001264c                ExtractDevicePathFromHiiHandle
                0x000000000001264c                DmExtractDevicePathFromHiiHandle
 .text.GetConsoleOutMode
                0x0000000000012698       0xa4 /tmp/ccejZfix.ltrans1.ltrans.o
                0x0000000000012698                GetConsoleOutMode
 .text.IsIsaSerialNode
                0x000000000001273c       0x48 /tmp/ccejZfix.ltrans1.ltrans.o
                0x000000000001273c                IsIsaSerialNode
 .text.RetrieveUartUid
                0x0000000000012784       0xb8 /tmp/ccejZfix.ltrans1.ltrans.o
                0x0000000000012784                RetrieveUartUid
 .text.BmMatchDevicePaths
                0x000000000001283c       0x7c /tmp/ccejZfix.ltrans1.ltrans.o
                0x000000000001283c                BmMatchDevicePaths
                0x000000000001283c                MatchDevicePaths
 .text.BOpt_FreeMenu
                0x00000000000128b8       0x4c /tmp/ccejZfix.ltrans1.ltrans.o
                0x00000000000128b8                BOpt_FreeMenu
 .text.BOpt_GetMenuEntry
                0x0000000000012904       0x24 /tmp/ccejZfix.ltrans1.ltrans.o
                0x0000000000012904                BOpt_GetMenuEntry
 .text.UpdateConsolePage
                0x0000000000012928      0x1ec /tmp/ccejZfix.ltrans1.ltrans.o
 .text.UpdateComAttributeFromVariable
                0x0000000000012b14      0x1a8 /tmp/ccejZfix.ltrans1.ltrans.o
                0x0000000000012b14                UpdateComAttributeFromVariable
 .text.ChangeTerminalDevicePath
                0x0000000000012cbc      0x180 /tmp/ccejZfix.ltrans1.ltrans.o
 .text.Var_UpdateConsoleOption
                0x0000000000012e3c      0x1ac /tmp/ccejZfix.ltrans1.ltrans.o
 .text.GetDriverOrder
                0x0000000000012fe8       0xa8 /tmp/ccejZfix.ltrans1.ltrans.o
                0x0000000000012fe8                GetDriverOrder
 .text.GetBootOrder
                0x0000000000013090       0xa8 /tmp/ccejZfix.ltrans1.ltrans.o
                0x0000000000013090                GetBootOrder
 .text.UpdateOrderPage
                0x0000000000013138      0x1dc /tmp/ccejZfix.ltrans1.ltrans.o
 .text.UpdatePageBody
                0x0000000000013314       0xb4 /tmp/ccejZfix.ltrans1.ltrans.o
 .text.BOpt_CreateMenuEntry
                0x00000000000133c8       0xac /tmp/ccejZfix.ltrans1.ltrans.o
                0x00000000000133c8                BOpt_CreateMenuEntry
 .text.GetConsoleMenu
                0x0000000000013474      0x338 /tmp/ccejZfix.ltrans1.ltrans.o
                0x0000000000013474                GetConsoleMenu
 .text.BOpt_GetDriverOptions
                0x00000000000137ac      0x1f4 /tmp/ccejZfix.ltrans1.ltrans.o
                0x00000000000137ac                BOpt_GetDriverOptions
 .text.BOpt_GetBootOptions
                0x00000000000139a0      0x2f4 /tmp/ccejZfix.ltrans1.ltrans.o
                0x00000000000139a0                BOpt_GetBootOptions
 .text.BootMaintRouteConfig
                0x0000000000013c94      0xe8c /tmp/ccejZfix.ltrans1.ltrans.o
 .text.ChooseFile.constprop.11
                0x0000000000014b20      0x2e4 /tmp/ccejZfix.ltrans1.ltrans.o
 .text.BootMaintCallback
                0x0000000000014e04     0x13a4 /tmp/ccejZfix.ltrans1.ltrans.o
 *fill*         0x00000000000161a8        0x8 
 .text          0x00000000000161b0      0x218 /home/uwe/git/ms/iot_core_tx8mmini/mu_platform_nxp/Build/TX8M_MINI_EVK_1GB/RELEASE_GCC5/AARCH64/MdePkg/Library/BaseMemoryLibOptDxe/BaseMemoryLibOptDxe/OUTPUT/BaseMemoryLibOptDxe.lib(CopyMem.obj)
                0x000000000001631c                InternalMemCopyMem
 *fill*         0x00000000000163c8       0x18 
 .text          0x00000000000163e0       0x20 /home/uwe/git/ms/iot_core_tx8mmini/mu_platform_nxp/Build/TX8M_MINI_EVK_1GB/RELEASE_GCC5/AARCH64/MdePkg/Library/BaseMemoryLibOptDxe/BaseMemoryLibOptDxe/OUTPUT/BaseMemoryLibOptDxe.lib(CompareGuid.obj)
                0x00000000000163e0                InternalMemCompareGuid
 .text          0x0000000000016400      0x200 /home/uwe/git/ms/iot_core_tx8mmini/mu_platform_nxp/Build/TX8M_MINI_EVK_1GB/RELEASE_GCC5/AARCH64/MdePkg/Library/BaseMemoryLibOptDxe/BaseMemoryLibOptDxe/OUTPUT/BaseMemoryLibOptDxe.lib(SetMem.obj)
                0x0000000000016400                InternalMemSetMem16
                0x000000000001640c                InternalMemSetMem32
                0x0000000000016418                InternalMemSetMem64
                0x0000000000016424                InternalMemZeroMem
                0x000000000001642c                InternalMemSetMem
 .text          0x0000000000016600       0xe0 /home/uwe/git/ms/iot_core_tx8mmini/mu_platform_nxp/Build/TX8M_MINI_EVK_1GB/RELEASE_GCC5/AARCH64/MdePkg/Library/BaseMemoryLibOptDxe/BaseMemoryLibOptDxe/OUTPUT/BaseMemoryLibOptDxe.lib(CompareMem.obj)
                0x0000000000016600                InternalMemCompareMem
 .text.ArmIsArchTimerImplemented
                0x00000000000166e0        0x8 /home/uwe/git/ms/iot_core_tx8mmini/mu_platform_nxp/Build/TX8M_MINI_EVK_1GB/RELEASE_GCC5/AARCH64/ArmPkg/Library/ArmLib/ArmBaseLib/OUTPUT/ArmBaseLib.lib(AArch64Support.obj)
                0x00000000000166e0                ArmIsArchTimerImplemented
 *(.rodata .rodata.* .gnu.linkonce.r.*)
 .rodata.DevPathToTextBBS
                0x00000000000166e8        0x6 /tmp/ccejZfix.ltrans0.ltrans.o
 *fill*         0x00000000000166ee        0x2 
 .rodata.DevPathToTextUart
                0x00000000000166f0        0x4 /tmp/ccejZfix.ltrans0.ltrans.o
 .rodata.BmDisplayMessages.str2.2
                0x00000000000166f4       0x2c /tmp/ccejZfix.ltrans0.ltrans.o
 .rodata.BmExpandMediaDevicePath.str2.2
                0x0000000000016720       0x2e /tmp/ccejZfix.ltrans0.ltrans.o
 .rodata.BmGetControllerName.str1.1
                0x000000000001674e        0xa /tmp/ccejZfix.ltrans0.ltrans.o
                                          0xb (size before relaxing)
 .rodata.BmGetControllerName.str2.2
                0x0000000000016758       0x1a /tmp/ccejZfix.ltrans0.ltrans.o
                                         0x24 (size before relaxing)
 .rodata.BmGetDescriptionFromDiskInfo.str2.2
                0x0000000000016772       0x2c /tmp/ccejZfix.ltrans0.ltrans.o
 .rodata.BmGetFreeOptionNumber.str2.2
                0x000000000001679e       0x12 /tmp/ccejZfix.ltrans0.ltrans.o
 .rodata.BmGetMiscDescription.str2.2
                0x00000000000167b0       0xa4 /tmp/ccejZfix.ltrans0.ltrans.o
                                         0xba (size before relaxing)
 .rodata.BmGetNetworkDescription.str2.2
                0x0000000000016854       0xb4 /tmp/ccejZfix.ltrans0.ltrans.o
 .rodata.BmGetNextLoadOptionDevicePath.str2.2
                0x0000000000016908        0xa /tmp/ccejZfix.ltrans0.ltrans.o
 .rodata.BmGetUsbDescription.str2.2
                0x0000000000016912        0xa /tmp/ccejZfix.ltrans0.ltrans.o
                                          0x4 (size before relaxing)
 .rodata.BmHotkeyCallback.str2.2
                0x0000000000016912        0xa /tmp/ccejZfix.ltrans0.ltrans.o
 .rodata.BmRepairNotify.str2.2
                0x000000000001691c       0x34 /tmp/ccejZfix.ltrans0.ltrans.o
 .rodata.BootMaintExtractConfig.str2.2
                0x0000000000016950       0x40 /tmp/ccejZfix.ltrans0.ltrans.o
 .rodata.BootManagerCallback.str2.2
                0x0000000000016990       0x44 /tmp/ccejZfix.ltrans0.ltrans.o
 .rodata.CSWTCH.42
                0x00000000000169d4        0x6 /tmp/ccejZfix.ltrans0.ltrans.o
 .rodata.CatIPv4Address.str2.2
                0x00000000000169da       0x18 /tmp/ccejZfix.ltrans0.ltrans.o
 .rodata.CatIPv6Address.str2.2
                0x00000000000169f2       0x90 /tmp/ccejZfix.ltrans0.ltrans.o
 .rodata.CatNetworkProtocol.str2.2
                0x0000000000016a82        0x8 /tmp/ccejZfix.ltrans0.ltrans.o
                                         0x12 (size before relaxing)
 .rodata.CreateDeviceManagerForm.str2.2
                0x0000000000016a8a        0xc /tmp/ccejZfix.ltrans0.ltrans.o
 .rodata.DevPathRelativeOffsetRange.str2.2
                0x0000000000016a96       0x28 /tmp/ccejZfix.ltrans0.ltrans.o
 .rodata.DevPathToText1394.str2.2
                0x0000000000016abe       0x1c /tmp/ccejZfix.ltrans0.ltrans.o
 .rodata.DevPathToTextAcpi.str2.2
                0x0000000000016ada       0xc2 /tmp/ccejZfix.ltrans0.ltrans.o
 .rodata.DevPathToTextAcpiAdr.str2.2
                0x0000000000016b9c       0x26 /tmp/ccejZfix.ltrans0.ltrans.o
 .rodata.DevPathToTextAcpiEx.str2.2
                0x0000000000016bc2      0x12c /tmp/ccejZfix.ltrans0.ltrans.o
                                        0x148 (size before relaxing)
 .rodata.DevPathToTextAtapi.str2.2
                0x0000000000016cee       0x72 /tmp/ccejZfix.ltrans0.ltrans.o
 .rodata.DevPathToTextBBS.str2.2
                0x0000000000016d60       0x32 /tmp/ccejZfix.ltrans0.ltrans.o
                                         0x80 (size before relaxing)
 .rodata.DevPathToTextBluetooth.str2.2
                0x0000000000016d92       0x48 /tmp/ccejZfix.ltrans0.ltrans.o
 .rodata.DevPathToTextBluetoothLE.str2.2
                0x0000000000016dda       0x5a /tmp/ccejZfix.ltrans0.ltrans.o
 .rodata.DevPathToTextBmc.str2.2
                0x0000000000016e34       0x20 /tmp/ccejZfix.ltrans0.ltrans.o
 .rodata.DevPathToTextCDROM.str2.2
                0x0000000000016e54       0x48 /tmp/ccejZfix.ltrans0.ltrans.o
 .rodata.DevPathToTextController.str2.2
                0x0000000000016e9c       0x16 /tmp/ccejZfix.ltrans0.ltrans.o
 .rodata.DevPathToTextDns.str2.2
                0x0000000000016eb2        0xa /tmp/ccejZfix.ltrans0.ltrans.o
 .rodata.DevPathToTextEmmc.str2.2
                0x0000000000016ebc       0x16 /tmp/ccejZfix.ltrans0.ltrans.o
 .rodata.DevPathToTextFibre.str2.2
                0x0000000000016ed2       0x26 /tmp/ccejZfix.ltrans0.ltrans.o
 .rodata.DevPathToTextFibreEx.str2.2
                0x0000000000016ef8       0x16 /tmp/ccejZfix.ltrans0.ltrans.o
 .rodata.DevPathToTextFilePath.str2.2
                0x0000000000016f0e       0x16 /tmp/ccejZfix.ltrans0.ltrans.o
                                          0x6 (size before relaxing)
 .rodata.DevPathToTextFv.str2.2
                0x0000000000016f0e        0xe /tmp/ccejZfix.ltrans0.ltrans.o
 .rodata.DevPathToTextFvFile.str2.2
                0x0000000000016f1c       0x16 /tmp/ccejZfix.ltrans0.ltrans.o
 .rodata.DevPathToTextHardDrive.str2.2
                0x0000000000016f32       0x64 /tmp/ccejZfix.ltrans0.ltrans.o
                                         0x7e (size before relaxing)
 .rodata.DevPathToTextI2O.str2.2
                0x0000000000016f96       0x14 /tmp/ccejZfix.ltrans0.ltrans.o
 .rodata.DevPathToTextIPv4.str2.2
                0x0000000000016faa       0x24 /tmp/ccejZfix.ltrans0.ltrans.o
 .rodata.DevPathToTextIPv6.str2.2
                0x0000000000016fce       0x80 /tmp/ccejZfix.ltrans0.ltrans.o
                                         0x8e (size before relaxing)
 .rodata.DevPathToTextInfiniBand.str2.2
                0x000000000001704e       0x4c /tmp/ccejZfix.ltrans0.ltrans.o
 .rodata.DevPathToTextLogicalUnit.str2.2
                0x000000000001709a       0x16 /tmp/ccejZfix.ltrans0.ltrans.o
 .rodata.DevPathToTextMacAddr.str2.2
                0x00000000000170b0        0xa /tmp/ccejZfix.ltrans0.ltrans.o
 .rodata.DevPathToTextMediaProtocol.str2.2
                0x00000000000170ba       0x14 /tmp/ccejZfix.ltrans0.ltrans.o
 .rodata.DevPathToTextMemMap.str2.2
                0x00000000000170ce       0x3e /tmp/ccejZfix.ltrans0.ltrans.o
 .rodata.DevPathToTextNVMe.str2.2
                0x000000000001710c       0x66 /tmp/ccejZfix.ltrans0.ltrans.o
 .rodata.DevPathToTextNodeGeneric.str2.2
                0x0000000000017172       0x22 /tmp/ccejZfix.ltrans0.ltrans.o
                                         0x34 (size before relaxing)
 .rodata.DevPathToTextPccard.str2.2
                0x0000000000017194       0x1a /tmp/ccejZfix.ltrans0.ltrans.o
 .rodata.DevPathToTextPci.str2.2
                0x00000000000171ae       0x1e /tmp/ccejZfix.ltrans0.ltrans.o
 .rodata.DevPathToTextRamDisk.str2.2
                0x00000000000171cc       0xca /tmp/ccejZfix.ltrans0.ltrans.o
                                        0x136 (size before relaxing)
 .rodata.DevPathToTextSasEx.str2.2
                0x0000000000017296       0xb4 /tmp/ccejZfix.ltrans0.ltrans.o
                                         0xc0 (size before relaxing)
 .rodata.DevPathToTextSata.str2.2
                0x000000000001734a       0x2a /tmp/ccejZfix.ltrans0.ltrans.o
 .rodata.DevPathToTextScsi.str2.2
                0x0000000000017374       0x20 /tmp/ccejZfix.ltrans0.ltrans.o
 .rodata.DevPathToTextSd.str2.2
                0x0000000000017394       0x12 /tmp/ccejZfix.ltrans0.ltrans.o
 .rodata.DevPathToTextUart.str2.2
                0x00000000000173a6       0x5c /tmp/ccejZfix.ltrans0.ltrans.o
                                         0x74 (size before relaxing)
 .rodata.DevPathToTextUfs.str2.2
                0x0000000000017402       0x1e /tmp/ccejZfix.ltrans0.ltrans.o
 .rodata.DevPathToTextUri.str2.2
                0x0000000000017420       0x10 /tmp/ccejZfix.ltrans0.ltrans.o
 .rodata.DevPathToTextUsb.str2.2
                0x0000000000017430       0x1e /tmp/ccejZfix.ltrans0.ltrans.o
 .rodata.DevPathToTextUsbClass.str2.2
                0x000000000001744e      0x250 /tmp/ccejZfix.ltrans0.ltrans.o
 .rodata.DevPathToTextUsbWWID.str2.2
                0x000000000001769e       0x3a /tmp/ccejZfix.ltrans0.ltrans.o
 .rodata.DevPathToTextVendor.str2.2
                0x00000000000176d8      0x154 /tmp/ccejZfix.ltrans0.ltrans.o
                                        0x166 (size before relaxing)
 .rodata.DevPathToTextVlan.str2.2
                0x000000000001782c       0x12 /tmp/ccejZfix.ltrans0.ltrans.o
 .rodata.DevPathToTextWiFi.str2.2
                0x000000000001783e       0x14 /tmp/ccejZfix.ltrans0.ltrans.o
 .rodata.DevPathToTextiSCSI.str2.2
                0x0000000000017852       0x76 /tmp/ccejZfix.ltrans0.ltrans.o
                                         0x90 (size before relaxing)
 .rodata.EfiBootManagerBoot.str1.1
                0x00000000000178c8        0xf /tmp/ccejZfix.ltrans0.ltrans.o
 *fill*         0x00000000000178d7        0x1 
 .rodata.EfiBootManagerBoot.str2.2
                0x00000000000178d8       0x44 /tmp/ccejZfix.ltrans0.ltrans.o
 .rodata.EfiBootManagerConnectAllDefaultConsoles.str1.1
                0x000000000001791c       0x23 /tmp/ccejZfix.ltrans0.ltrans.o
 *fill*         0x000000000001793f        0x1 
 .rodata.EfiBootManagerDeleteLoadOptionVariable.str2.2
                0x0000000000017940        0xe /tmp/ccejZfix.ltrans0.ltrans.o
 .rodata.EfiBootManagerRefreshAllBootOption.str2.2
                0x000000000001794e        0xc /tmp/ccejZfix.ltrans0.ltrans.o
 .rodata.IsMacAddressDevicePath.str2.2
                0x000000000001795a        0xa /tmp/ccejZfix.ltrans0.ltrans.o
 .rodata.LibAppendFileName.str2.2
                0x0000000000017964        0x4 /tmp/ccejZfix.ltrans0.ltrans.o
 .rodata.LibCallback.str2.2
                0x0000000000017968        0xa /tmp/ccejZfix.ltrans0.ltrans.o
 .rodata.UpdateConsoleContent.str2.2
                0x0000000000017972       0x28 /tmp/ccejZfix.ltrans0.ltrans.o
 .rodata._ModuleEntryPoint.str2.2
                0x000000000001799a       0xc4 /tmp/ccejZfix.ltrans0.ltrans.o
                                         0xc8 (size before relaxing)
 .rodata._gPcd_FixedAtBuild_PcdBootManagerMenuFile
                0x0000000000017a5e       0x10 /tmp/ccejZfix.ltrans0.ltrans.o
 .rodata._gPcd_FixedAtBuild_PcdUefiVariableDefaultPlatformLangCodes
                0x0000000000017a6e       0x12 /tmp/ccejZfix.ltrans0.ltrans.o
 .rodata.mBmBootDescriptionHandlers
                0x0000000000017a80       0x30 /tmp/ccejZfix.ltrans0.ltrans.o
 .rodata.mConVarName
                0x0000000000017ab0       0x30 /tmp/ccejZfix.ltrans0.ltrans.o
 .rodata.mDeviceTypeStr
                0x0000000000017ae0       0x40 /tmp/ccejZfix.ltrans0.ltrans.o
 .rodata.mEndOfPakageList
                0x0000000000017b20        0x4 /tmp/ccejZfix.ltrans0.ltrans.o
 .rodata.mHexStr
                0x0000000000017b24       0x10 /tmp/ccejZfix.ltrans0.ltrans.o
 .rodata.mHiiDefaultTypeToWidth
                0x0000000000017b34        0x8 /tmp/ccejZfix.ltrans0.ltrans.o
 .rodata.mUefiDevicePathLibEndDevicePath
                0x0000000000017b3c        0x4 /tmp/ccejZfix.ltrans0.ltrans.o
 .rodata.mUefiDevicePathLibToTextTableGeneric
                0x0000000000017b40       0x60 /tmp/ccejZfix.ltrans0.ltrans.o
 .rodata.str2.2
                0x0000000000017ba0      0x18a /tmp/ccejZfix.ltrans0.ltrans.o
 *fill*         0x0000000000017d2a        0x2 
 .rodata.BOpt_DestroyMenuEntry
                0x0000000000017d2c        0x6 /tmp/ccejZfix.ltrans1.ltrans.o
 *fill*         0x0000000000017d32        0x2 
 .rodata.UpdatePageBody
                0x0000000000017d34        0x8 /tmp/ccejZfix.ltrans1.ltrans.o
 .rodata.BOpt_CreateMenuEntry
                0x0000000000017d3c        0x6 /tmp/ccejZfix.ltrans1.ltrans.o
 *fill*         0x0000000000017d42        0x2 
 .rodata.BootMaintCallback
                0x0000000000017d44       0x50 /tmp/ccejZfix.ltrans1.ltrans.o
 .rodata.BOpt_GetBootOptions.str2.2
                0x0000000000017d94       0x24 /tmp/ccejZfix.ltrans1.ltrans.o
 .rodata.BOpt_GetDriverOptions.str2.2
                0x0000000000017d94       0x2e /tmp/ccejZfix.ltrans1.ltrans.o
 .rodata.BOpt_GetOptionNumber.str2.2
                0x0000000000017dc2       0x10 /tmp/ccejZfix.ltrans1.ltrans.o
                                         0x1e (size before relaxing)
 .rodata.BasePrintLibSPrintMarker.constprop.84.str1.1
                0x0000000000017dd2       0x7b /tmp/ccejZfix.ltrans1.ltrans.o
 *fill*         0x0000000000017e4d        0x3 
 .rodata.BaudRateList
                0x0000000000017e50      0x130 /tmp/ccejZfix.ltrans1.ltrans.o
                0x0000000000017e50                BaudRateList
 .rodata.BootFromFile.str2.2
                0x0000000000017f80       0x86 /tmp/ccejZfix.ltrans1.ltrans.o
 .rodata.BootMaintCallback.str2.2
                0x0000000000017f80        0xc /tmp/ccejZfix.ltrans1.ltrans.o
                                         0x3e (size before relaxing)
 .rodata.BootMaintRouteConfig.str2.2
                0x0000000000017f8c       0x4a /tmp/ccejZfix.ltrans1.ltrans.o
 .rodata.ChooseFile.constprop.11.str2.2
                0x0000000000017fd6       0x64 /tmp/ccejZfix.ltrans1.ltrans.o
                                         0x68 (size before relaxing)
 .rodata.CreatePopUp.constprop.98.str2.2
                0x000000000001803a        0x8 /tmp/ccejZfix.ltrans1.ltrans.o
 *fill*         0x0000000000018042        0x6 
 .rodata.DataBitsList
                0x0000000000018048       0x40 /tmp/ccejZfix.ltrans1.ltrans.o
                0x0000000000018048                DataBitsList
 .rodata.EfiBootManagerGetLoadOptions.part.9.constprop.68.str2.2
                0x0000000000018088       0x1e /tmp/ccejZfix.ltrans1.ltrans.o
 .rodata.GetConsoleMenu.str2.2
                0x0000000000018088       0x62 /tmp/ccejZfix.ltrans1.ltrans.o
 .rodata.HiiConstructConfigHdr.constprop.33.str2.2
                0x0000000000018088       0x28 /tmp/ccejZfix.ltrans1.ltrans.o
 .rodata.HiiGetString.constprop.81.str1.1
                0x00000000000180b0        0x1 /tmp/ccejZfix.ltrans1.ltrans.o
 .rodata.HiiGetString.constprop.81.str2.2
                0x00000000000180b0       0x1a /tmp/ccejZfix.ltrans1.ltrans.o
 .rodata.HiiSetString.constprop.86.str1.1
                0x00000000000180b0        0x7 /tmp/ccejZfix.ltrans1.ltrans.o
 *fill*         0x00000000000180b7        0x1 
 .rodata.ParityList
                0x00000000000180b8       0x50 /tmp/ccejZfix.ltrans1.ltrans.o
                0x00000000000180b8                ParityList
 .rodata.StopBitsList
                0x0000000000018108       0x30 /tmp/ccejZfix.ltrans1.ltrans.o
                0x0000000000018108                StopBitsList
 .rodata.StrnCatS.constprop.46.str2.2
                0x0000000000018138        0x8 /tmp/ccejZfix.ltrans1.ltrans.o
 .rodata.TerminalType
                0x0000000000018140        0xa /tmp/ccejZfix.ltrans1.ltrans.o
 .rodata.UefiDevicePathLibConvertDevicePathToText.constprop.83.str2.2
                0x000000000001814a        0x4 /tmp/ccejZfix.ltrans1.ltrans.o
 .rodata._gPcd_FixedAtBuild_PcdDriverHealthConfigureForm
                0x000000000001814e       0x10 /tmp/ccejZfix.ltrans1.ltrans.o
                0x000000000001814e                _gPcd_FixedAtBuild_PcdDriverHealthConfigureForm
 *fill*         0x000000000001815e        0x2 
 .rodata.mBmLoadOptionName
                0x0000000000018160       0x20 /tmp/ccejZfix.ltrans1.ltrans.o
                0x0000000000018160                mBmLoadOptionName
 .rodata.mBmLoadOptionOrderName
                0x0000000000018180       0x20 /tmp/ccejZfix.ltrans1.ltrans.o
                0x0000000000018180                mBmLoadOptionOrderName
 .rodata.mConfigHdrTemplate
                0x00000000000181a0       0x70 /tmp/ccejZfix.ltrans1.ltrans.o
 .rodata.mStatusString
                0x0000000000018210      0x138 /tmp/ccejZfix.ltrans1.ltrans.o
 .rodata.mUefiDevicePathLibToTextTable
                0x0000000000018348      0x320 /tmp/ccejZfix.ltrans1.ltrans.o
 .rodata.str1.1
                0x0000000000018668      0x224 /tmp/ccejZfix.ltrans1.ltrans.o
                                        0x235 (size before relaxing)
 .rodata.str2.2
                0x000000000001888c       0x4c /tmp/ccejZfix.ltrans1.ltrans.o
 *(.got .got.*)
 *:AutoGen.obj(.data.g*Guid)

.iplt           0x00000000000188d8        0x0
 .iplt          0x00000000000188d8        0x0 /home/uwe/git/ms/iot_core_tx8mmini/mu_platform_nxp/Build/TX8M_MINI_EVK_1GB/RELEASE_GCC5/AARCH64/ArmPkg/Library/ArmLib/ArmBaseLib/OUTPUT/ArmBaseLib.lib(AArch64Support.obj)

.data           0x0000000000019000     0x6e70
 *(.data .data.* .gnu.linkonce.d.*)
 .data.BootMaintenanceManagerBin
                0x0000000000019000      0x594 /tmp/ccejZfix.ltrans0.ltrans.o
 .data.BootMaintenanceManagerUiLibStrings
                0x0000000000019594     0x1b4e /tmp/ccejZfix.ltrans0.ltrans.o
 .data.BootManagerUiLibStrings
                0x000000000001b0e2      0x434 /tmp/ccejZfix.ltrans0.ltrans.o
 .data.BootManagerVfrBin
                0x000000000001b516       0xb3 /tmp/ccejZfix.ltrans0.ltrans.o
 .data.DeviceManagerUiLibStrings
                0x000000000001b5c9      0x4b8 /tmp/ccejZfix.ltrans0.ltrans.o
 .data.DeviceManagerVfrBin
                0x000000000001ba81      0x12d /tmp/ccejZfix.ltrans0.ltrans.o
 .data.FeHiiVendorDevicePath
                0x000000000001bbae       0x18 /tmp/ccejZfix.ltrans0.ltrans.o
 .data.FileExplorerLibStrings
                0x000000000001bbc6      0x81a /tmp/ccejZfix.ltrans0.ltrans.o
 .data.FileExplorerVfrBin
                0x000000000001c3e0       0xf9 /tmp/ccejZfix.ltrans0.ltrans.o
 .data.FrontPageVfrBin
                0x000000000001c4d9      0x147 /tmp/ccejZfix.ltrans0.ltrans.o
 .data.UiAppStrings
                0x000000000001c620      0x424 /tmp/ccejZfix.ltrans0.ltrans.o
 .data._gPcd_BinaryPatch_PcdConOutColumn
                0x000000000001ca44        0x4 /tmp/ccejZfix.ltrans0.ltrans.o
 .data._gPcd_BinaryPatch_PcdConOutRow
                0x000000000001ca48        0x4 /tmp/ccejZfix.ltrans0.ltrans.o
 .data._gPcd_BinaryPatch_PcdSetupVideoHorizontalResolution
                0x000000000001ca4c        0x4 /tmp/ccejZfix.ltrans0.ltrans.o
 .data._gPcd_BinaryPatch_PcdSetupVideoVerticalResolution
                0x000000000001ca50        0x4 /tmp/ccejZfix.ltrans0.ltrans.o
 .data._gPcd_BinaryPatch_PcdVideoHorizontalResolution
                0x000000000001ca54        0x4 /tmp/ccejZfix.ltrans0.ltrans.o
 .data._gPcd_BinaryPatch_PcdVideoVerticalResolution
                0x000000000001ca58        0x4 /tmp/ccejZfix.ltrans0.ltrans.o
 *fill*         0x000000000001ca5c        0x4 
 .data.gBootManagerPrivate
                0x000000000001ca60       0x30 /tmp/ccejZfix.ltrans0.ltrans.o
 .data.gDeviceManagerPrivate
                0x000000000001ca90       0x38 /tmp/ccejZfix.ltrans0.ltrans.o
 .data.gEdkiiStatusCodeDataTypeVariableGuid
                0x000000000001cac8       0x10 /tmp/ccejZfix.ltrans0.ltrans.o
 .data.gEdkiiVariableLockProtocolGuid
                0x000000000001cad8       0x10 /tmp/ccejZfix.ltrans0.ltrans.o
 .data.gEfiBlockIoProtocolGuid
                0x000000000001cae8       0x10 /tmp/ccejZfix.ltrans0.ltrans.o
 .data.gEfiBootLogoProtocolGuid
                0x000000000001caf8       0x10 /tmp/ccejZfix.ltrans0.ltrans.o
 .data.gEfiComponentName2ProtocolGuid
                0x000000000001cb08       0x10 /tmp/ccejZfix.ltrans0.ltrans.o
 .data.gEfiComponentNameProtocolGuid
                0x000000000001cb18       0x10 /tmp/ccejZfix.ltrans0.ltrans.o
 .data.gEfiDebugPortProtocolGuid
                0x000000000001cb28       0x10 /tmp/ccejZfix.ltrans0.ltrans.o
 .data.gEfiDevicePathToTextProtocolGuid
                0x000000000001cb38       0x10 /tmp/ccejZfix.ltrans0.ltrans.o
 .data.gEfiDiskInfoAhciInterfaceGuid
                0x000000000001cb48       0x10 /tmp/ccejZfix.ltrans0.ltrans.o
 .data.gEfiDiskInfoIdeInterfaceGuid
                0x000000000001cb58       0x10 /tmp/ccejZfix.ltrans0.ltrans.o
 .data.gEfiDiskInfoProtocolGuid
                0x000000000001cb68       0x10 /tmp/ccejZfix.ltrans0.ltrans.o
 .data.gEfiDiskInfoScsiInterfaceGuid
                0x000000000001cb78       0x10 /tmp/ccejZfix.ltrans0.ltrans.o
 .data.gEfiDiskInfoSdMmcInterfaceGuid
                0x000000000001cb88       0x10 /tmp/ccejZfix.ltrans0.ltrans.o
 .data.gEfiDriverHealthProtocolGuid
                0x000000000001cb98       0x10 /tmp/ccejZfix.ltrans0.ltrans.o
 .data.gEfiDxeServicesTableGuid
                0x000000000001cba8       0x10 /tmp/ccejZfix.ltrans0.ltrans.o
 .data.gEfiEventPostReadyToBootGuid
                0x000000000001cbb8       0x10 /tmp/ccejZfix.ltrans0.ltrans.o
 .data.gEfiEventPreReadyToBootGuid
                0x000000000001cbc8       0x10 /tmp/ccejZfix.ltrans0.ltrans.o
 .data.gEfiEventReadyToBootGuid
                0x000000000001cbd8       0x10 /tmp/ccejZfix.ltrans0.ltrans.o
 .data.gEfiFileInfoGuid
                0x000000000001cbe8       0x10 /tmp/ccejZfix.ltrans0.ltrans.o
 .data.gEfiFirmwareVolume2ProtocolGuid
                0x000000000001cbf8       0x10 /tmp/ccejZfix.ltrans0.ltrans.o
 .data.gEfiGraphicsOutputProtocolGuid
                0x000000000001cc08       0x10 /tmp/ccejZfix.ltrans0.ltrans.o
 .data.gEfiHiiConfigAccessProtocolGuid
                0x000000000001cc18       0x10 /tmp/ccejZfix.ltrans0.ltrans.o
 .data.gEfiHiiDatabaseProtocolGuid
                0x000000000001cc28       0x10 /tmp/ccejZfix.ltrans0.ltrans.o
 .data.gEfiHiiFontProtocolGuid
                0x000000000001cc38       0x10 /tmp/ccejZfix.ltrans0.ltrans.o
 .data.gEfiHiiImageProtocolGuid
                0x000000000001cc48       0x10 /tmp/ccejZfix.ltrans0.ltrans.o
 .data.gEfiHiiPlatformSetupFormsetGuid
                0x000000000001cc58       0x10 /tmp/ccejZfix.ltrans0.ltrans.o
 .data.gEfiHiiStringProtocolGuid
                0x000000000001cc68       0x10 /tmp/ccejZfix.ltrans0.ltrans.o
 .data.gEfiHobListGuid
                0x000000000001cc78       0x10 /tmp/ccejZfix.ltrans0.ltrans.o
 .data.gEfiIfrFrontPageGuid
                0x000000000001cc88       0x10 /tmp/ccejZfix.ltrans0.ltrans.o
 .data.gEfiLoadFileProtocolGuid
                0x000000000001cc98       0x10 /tmp/ccejZfix.ltrans0.ltrans.o
 .data.gEfiLoadedImageProtocolGuid
                0x000000000001cca8       0x10 /tmp/ccejZfix.ltrans0.ltrans.o
 .data.gEfiMemoryTypeInformationGuid
                0x000000000001ccb8       0x10 /tmp/ccejZfix.ltrans0.ltrans.o
 .data.gEfiNvmExpressPassThruProtocolGuid
                0x000000000001ccc8       0x10 /tmp/ccejZfix.ltrans0.ltrans.o
 .data.gEfiPcAnsiGuid
                0x000000000001ccd8       0x10 /tmp/ccejZfix.ltrans0.ltrans.o
 .data.gEfiPciIoProtocolGuid
                0x000000000001cce8       0x10 /tmp/ccejZfix.ltrans0.ltrans.o
 .data.gEfiPersistentVirtualCdGuid
                0x000000000001ccf8       0x10 /tmp/ccejZfix.ltrans0.ltrans.o
 .data.gEfiPersistentVirtualDiskGuid
                0x000000000001cd08       0x10 /tmp/ccejZfix.ltrans0.ltrans.o
 .data.gEfiRamDiskProtocolGuid
                0x000000000001cd18       0x10 /tmp/ccejZfix.ltrans0.ltrans.o
 .data.gEfiSasDevicePathGuid
                0x000000000001cd28       0x10 /tmp/ccejZfix.ltrans0.ltrans.o
 .data.gEfiSerialIoProtocolGuid
                0x000000000001cd38       0x10 /tmp/ccejZfix.ltrans0.ltrans.o
 .data.gEfiSimpleTextInProtocolGuid
                0x000000000001cd48       0x10 /tmp/ccejZfix.ltrans0.ltrans.o
 .data.gEfiSimpleTextInputExProtocolGuid
                0x000000000001cd58       0x10 /tmp/ccejZfix.ltrans0.ltrans.o
 .data.gEfiSimpleTextOutProtocolGuid
                0x000000000001cd68       0x10 /tmp/ccejZfix.ltrans0.ltrans.o
 .data.gEfiSmbiosProtocolGuid
                0x000000000001cd78       0x10 /tmp/ccejZfix.ltrans0.ltrans.o
 .data.gEfiStatusCodeRuntimeProtocolGuid
                0x000000000001cd88       0x10 /tmp/ccejZfix.ltrans0.ltrans.o
 .data.gEfiUartDevicePathGuid
                0x000000000001cd98       0x10 /tmp/ccejZfix.ltrans0.ltrans.o
 .data.gEfiUsbIoProtocolGuid
                0x000000000001cda8       0x10 /tmp/ccejZfix.ltrans0.ltrans.o
 .data.gEfiVT100Guid
                0x000000000001cdb8       0x10 /tmp/ccejZfix.ltrans0.ltrans.o
 .data.gEfiVT100PlusGuid
                0x000000000001cdc8       0x10 /tmp/ccejZfix.ltrans0.ltrans.o
 .data.gEfiVTUTF8Guid
                0x000000000001cdd8       0x10 /tmp/ccejZfix.ltrans0.ltrans.o
 .data.gEfiVirtualCdGuid
                0x000000000001cde8       0x10 /tmp/ccejZfix.ltrans0.ltrans.o
 .data.gEfiVirtualDiskGuid
                0x000000000001cdf8       0x10 /tmp/ccejZfix.ltrans0.ltrans.o
 .data.gFrontPagePrivate
                0x000000000001ce08       0x38 /tmp/ccejZfix.ltrans0.ltrans.o
 .data.gPcdProtocolGuid
                0x000000000001ce40       0x10 /tmp/ccejZfix.ltrans0.ltrans.o
 .data.mBmAutoCreateBootOptionGuid
                0x000000000001ce50       0x10 /tmp/ccejZfix.ltrans0.ltrans.o
 .data.mBmHardDriveBootVariableGuid
                0x000000000001ce60       0x10 /tmp/ccejZfix.ltrans0.ltrans.o
 .data.mBmHotkeyBootOption
                0x000000000001ce70       0x58 /tmp/ccejZfix.ltrans0.ltrans.o
 .data.mBmHotkeyList
                0x000000000001cec8       0x10 /tmp/ccejZfix.ltrans0.ltrans.o
 .data.mBmUefiPrefix
                0x000000000001ced8        0xc /tmp/ccejZfix.ltrans0.ltrans.o
 .data.mBmmHiiVendorDevicePath
                0x000000000001cee4       0x18 /tmp/ccejZfix.ltrans0.ltrans.o
 .data.mBootManagerGuid
                0x000000000001cefc       0x10 /tmp/ccejZfix.ltrans0.ltrans.o
 .data.mBootManagerHiiVendorDevicePath
                0x000000000001cf0c       0x18 /tmp/ccejZfix.ltrans0.ltrans.o
 .data.mDeviceManagerGuid
                0x000000000001cf24       0x10 /tmp/ccejZfix.ltrans0.ltrans.o
 .data.mDeviceManagerHiiVendorDevicePath
                0x000000000001cf34       0x18 /tmp/ccejZfix.ltrans0.ltrans.o
 .data.mFontBin
                0x000000000001cf4c      0xda0 /tmp/ccejZfix.ltrans0.ltrans.o
 .data.mFontPackageGuid
                0x000000000001dcec       0x10 /tmp/ccejZfix.ltrans0.ltrans.o
 .data.mFrontPageGuid
                0x000000000001dcfc       0x10 /tmp/ccejZfix.ltrans0.ltrans.o
 .data.mFrontPageHiiVendorDevicePath
                0x000000000001dd0c       0x18 /tmp/ccejZfix.ltrans0.ltrans.o
 *fill*         0x000000000001dd24        0x4 
 .data.mNewFileQuestionId
                0x000000000001dd28        0x8 /tmp/ccejZfix.ltrans0.ltrans.o
 .data.mNewFolderQuestionId
                0x000000000001dd30        0x8 /tmp/ccejZfix.ltrans0.ltrans.o
 .data.mPlatformBootDescriptionHandlers
                0x000000000001dd38       0x10 /tmp/ccejZfix.ltrans0.ltrans.o
 .data.mUiStringPackGuid
                0x000000000001dd48       0x10 /tmp/ccejZfix.ltrans0.ltrans.o
 .data.BootOptionMenu
                0x000000000001dd58       0x20 /tmp/ccejZfix.ltrans1.ltrans.o
                0x000000000001dd58                BootOptionMenu
 .data.ConsoleErrMenu
                0x000000000001dd78       0x20 /tmp/ccejZfix.ltrans1.ltrans.o
                0x000000000001dd78                ConsoleErrMenu
 .data.ConsoleInpMenu
                0x000000000001dd98       0x20 /tmp/ccejZfix.ltrans1.ltrans.o
                0x000000000001dd98                ConsoleInpMenu
 .data.ConsoleOutMenu
                0x000000000001ddb8       0x20 /tmp/ccejZfix.ltrans1.ltrans.o
                0x000000000001ddb8                ConsoleOutMenu
 .data.DriverMenu
                0x000000000001ddd8       0x20 /tmp/ccejZfix.ltrans1.ltrans.o
                0x000000000001ddd8                DriverMenu
 .data.DriverOptionMenu
                0x000000000001ddf8       0x20 /tmp/ccejZfix.ltrans1.ltrans.o
                0x000000000001ddf8                DriverOptionMenu
 .data.FileExplorerGuid
                0x000000000001de18       0x10 /tmp/ccejZfix.ltrans1.ltrans.o
                0x000000000001de18                FileExplorerGuid
 .data.TerminalMenu
                0x000000000001de28       0x20 /tmp/ccejZfix.ltrans1.ltrans.o
                0x000000000001de28                TerminalMenu
 .data.TerminalTypeGuid
                0x000000000001de48       0x50 /tmp/ccejZfix.ltrans1.ltrans.o
                0x000000000001de48                TerminalTypeGuid
 .data._gPcd_BinaryPatch_PcdSetupConOutColumn
                0x000000000001de98        0x4 /tmp/ccejZfix.ltrans1.ltrans.o
                0x000000000001de98                _gPcd_BinaryPatch_PcdSetupConOutColumn
 .data._gPcd_BinaryPatch_PcdSetupConOutRow
                0x000000000001de9c        0x4 /tmp/ccejZfix.ltrans1.ltrans.o
                0x000000000001de9c                _gPcd_BinaryPatch_PcdSetupConOutRow
 .data.gBootMaintenancePrivate
                0x000000000001dea0     0x1c60 /tmp/ccejZfix.ltrans1.ltrans.o
                0x000000000001dea0                gBootMaintenancePrivate
 .data.gEdkiiFormBrowserEx2ProtocolGuid
                0x000000000001fb00       0x10 /tmp/ccejZfix.ltrans1.ltrans.o
                0x000000000001fb00                gEdkiiFormBrowserEx2ProtocolGuid
 .data.gEdkiiPerformanceMeasurementProtocolGuid
                0x000000000001fb10       0x10 /tmp/ccejZfix.ltrans1.ltrans.o
 .data.gEfiCallerIdGuid
                0x000000000001fb20       0x10 /tmp/ccejZfix.ltrans1.ltrans.o
                0x000000000001fb20                gEfiCallerIdGuid
 .data.gEfiDevicePathProtocolGuid
                0x000000000001fb30       0x10 /tmp/ccejZfix.ltrans1.ltrans.o
                0x000000000001fb30                gEfiDevicePathProtocolGuid
 .data.gEfiFileSystemVolumeLabelInfoIdGuid
                0x000000000001fb40       0x10 /tmp/ccejZfix.ltrans1.ltrans.o
 .data.gEfiFormBrowser2ProtocolGuid
                0x000000000001fb50       0x10 /tmp/ccejZfix.ltrans1.ltrans.o
                0x000000000001fb50                gEfiFormBrowser2ProtocolGuid
 .data.gEfiGlobalVariableGuid
                0x000000000001fb60       0x10 /tmp/ccejZfix.ltrans1.ltrans.o
                0x000000000001fb60                gEfiGlobalVariableGuid
 .data.gEfiHiiConfigRoutingProtocolGuid
                0x000000000001fb70       0x10 /tmp/ccejZfix.ltrans1.ltrans.o
                0x000000000001fb70                gEfiHiiConfigRoutingProtocolGuid
 .data.gEfiIfrBootMaintenanceGuid
                0x000000000001fb80       0x10 /tmp/ccejZfix.ltrans1.ltrans.o
 .data.gEfiIfrTianoGuid
                0x000000000001fb90       0x10 /tmp/ccejZfix.ltrans1.ltrans.o
                0x000000000001fb90                gEfiIfrTianoGuid
 .data.gEfiSimpleFileSystemProtocolGuid
                0x000000000001fba0       0x10 /tmp/ccejZfix.ltrans1.ltrans.o
                0x000000000001fba0                gEfiSimpleFileSystemProtocolGuid
 .data.gEfiStatusCodeSpecificDataGuid
                0x000000000001fbb0       0x10 /tmp/ccejZfix.ltrans1.ltrans.o
 .data.gFileExplorerPrivate
                0x000000000001fbc0       0x58 /tmp/ccejZfix.ltrans1.ltrans.o
                0x000000000001fbc0                gFileExplorerPrivate
 .data.mBmHotkeyLock
                0x000000000001fc18       0x18 /tmp/ccejZfix.ltrans1.ltrans.o
                0x000000000001fc18                mBmHotkeyLock
 .data.mBootMaintGuid
                0x000000000001fc30       0x10 /tmp/ccejZfix.ltrans1.ltrans.o
                0x000000000001fc30                mBootMaintGuid
 .data.mBootMaintStorageName
                0x000000000001fc40       0x10 /tmp/ccejZfix.ltrans1.ltrans.o
                0x000000000001fc40                mBootMaintStorageName
 .data.mFsOptionMenu
                0x000000000001fc50       0x28 /tmp/ccejZfix.ltrans1.ltrans.o
 *(.bss .bss.*)
 .bss.gCurrentLanguageIndex
                0x000000000001fc78        0x1 /tmp/ccejZfix.ltrans0.ltrans.o
 *fill*         0x000000000001fc79        0x7 
 .bss.gDS       0x000000000001fc80        0x8 /tmp/ccejZfix.ltrans0.ltrans.o
 .bss.gFormBrowser2
                0x000000000001fc88        0x8 /tmp/ccejZfix.ltrans0.ltrans.o
 .bss.gHiiDriverList
                0x000000000001fc90        0x8 /tmp/ccejZfix.ltrans0.ltrans.o
 .bss.gHiiFont  0x000000000001fc98        0x8 /tmp/ccejZfix.ltrans0.ltrans.o
 .bss.gHiiImage
                0x000000000001fca0        0x8 /tmp/ccejZfix.ltrans0.ltrans.o
 .bss.gHiiVendorDevicePath
                0x000000000001fca8        0x8 /tmp/ccejZfix.ltrans0.ltrans.o
 .bss.gImageHandle
                0x000000000001fcb0        0x8 /tmp/ccejZfix.ltrans0.ltrans.o
 .bss.gLanguageString
                0x000000000001fcb8        0x8 /tmp/ccejZfix.ltrans0.ltrans.o
 .bss.gLanguageToken
                0x000000000001fcc0        0x8 /tmp/ccejZfix.ltrans0.ltrans.o
 .bss.gStringPackHandle
                0x000000000001fcc8        0x8 /tmp/ccejZfix.ltrans0.ltrans.o
 .bss.mAllMenuInit
                0x000000000001fcd0        0x1 /tmp/ccejZfix.ltrans0.ltrans.o
 *fill*         0x000000000001fcd1        0x3 
 .bss.mBmBootHorizontalResolution
                0x000000000001fcd4        0x4 /tmp/ccejZfix.ltrans0.ltrans.o
 .bss.mBmBootTextModeColumn
                0x000000000001fcd8        0x4 /tmp/ccejZfix.ltrans0.ltrans.o
 .bss.mBmBootTextModeRow
                0x000000000001fcdc        0x4 /tmp/ccejZfix.ltrans0.ltrans.o
 .bss.mBmBootVerticalResolution
                0x000000000001fce0        0x4 /tmp/ccejZfix.ltrans0.ltrans.o
 .bss.mBmModeInitialized
                0x000000000001fce4        0x1 /tmp/ccejZfix.ltrans0.ltrans.o
 *fill*         0x000000000001fce5        0x3 
 .bss.mBmSetupHorizontalResolution
                0x000000000001fce8        0x4 /tmp/ccejZfix.ltrans0.ltrans.o
 .bss.mBmSetupTextModeColumn
                0x000000000001fcec        0x4 /tmp/ccejZfix.ltrans0.ltrans.o
 .bss.mBmSetupTextModeRow
                0x000000000001fcf0        0x4 /tmp/ccejZfix.ltrans0.ltrans.o
 .bss.mBmSetupVerticalResolution
                0x000000000001fcf4        0x4 /tmp/ccejZfix.ltrans0.ltrans.o
 .bss.mBmmBootHorizontalResolution
                0x000000000001fcf8        0x4 /tmp/ccejZfix.ltrans0.ltrans.o
 .bss.mBmmBootTextModeColumn
                0x000000000001fcfc        0x4 /tmp/ccejZfix.ltrans0.ltrans.o
 .bss.mBmmBootTextModeRow
                0x000000000001fd00        0x4 /tmp/ccejZfix.ltrans0.ltrans.o
 .bss.mBmmBootVerticalResolution
                0x000000000001fd04        0x4 /tmp/ccejZfix.ltrans0.ltrans.o
 .bss.mBmmModeInitialized
                0x000000000001fd08        0x1 /tmp/ccejZfix.ltrans0.ltrans.o
 *fill*         0x000000000001fd09        0x3 
 .bss.mBmmSetupHorizontalResolution
                0x000000000001fd0c        0x4 /tmp/ccejZfix.ltrans0.ltrans.o
 .bss.mBmmSetupTextModeColumn
                0x000000000001fd10        0x4 /tmp/ccejZfix.ltrans0.ltrans.o
 .bss.mBmmSetupTextModeRow
                0x000000000001fd14        0x4 /tmp/ccejZfix.ltrans0.ltrans.o
 .bss.mBmmSetupVerticalResolution
                0x000000000001fd18        0x4 /tmp/ccejZfix.ltrans0.ltrans.o
 .bss.mBootHorizontalResolution
                0x000000000001fd1c        0x4 /tmp/ccejZfix.ltrans0.ltrans.o
 .bss.mBootTextModeColumn
                0x000000000001fd20        0x4 /tmp/ccejZfix.ltrans0.ltrans.o
 .bss.mBootTextModeRow
                0x000000000001fd24        0x4 /tmp/ccejZfix.ltrans0.ltrans.o
 .bss.mBootVerticalResolution
                0x000000000001fd28        0x4 /tmp/ccejZfix.ltrans0.ltrans.o
 *fill*         0x000000000001fd2c        0x4 
 .bss.mHobList  0x000000000001fd30        0x8 /tmp/ccejZfix.ltrans0.ltrans.o
 .bss.mKeyInput
                0x000000000001fd38        0x2 /tmp/ccejZfix.ltrans0.ltrans.o
 *fill*         0x000000000001fd3a        0x6 
 .bss.mLanguageString
                0x000000000001fd40        0x8 /tmp/ccejZfix.ltrans0.ltrans.o
 .bss.mLibEndOpCodeHandle
                0x000000000001fd48        0x8 /tmp/ccejZfix.ltrans0.ltrans.o
 .bss.mLibStartOpCodeHandle
                0x000000000001fd50        0x8 /tmp/ccejZfix.ltrans0.ltrans.o
 .bss.mMacDeviceList
                0x000000000001fd58       0x18 /tmp/ccejZfix.ltrans0.ltrans.o
 .bss.mModeInitialized
                0x000000000001fd70        0x1 /tmp/ccejZfix.ltrans0.ltrans.o
 *fill*         0x000000000001fd71        0x1 
 .bss.mNewFileName
                0x000000000001fd72       0x28 /tmp/ccejZfix.ltrans0.ltrans.o
 .bss.mNewFolderName
                0x000000000001fd9a       0x28 /tmp/ccejZfix.ltrans0.ltrans.o
 *fill*         0x000000000001fdc2        0x6 
 .bss.mPcd      0x000000000001fdc8        0x8 /tmp/ccejZfix.ltrans0.ltrans.o
 .bss.mRamDisk  0x000000000001fdd0        0x8 /tmp/ccejZfix.ltrans0.ltrans.o
 .bss.mResetRequired
                0x000000000001fdd8        0x1 /tmp/ccejZfix.ltrans0.ltrans.o
 *fill*         0x000000000001fdd9        0x7 
 .bss.mSelectedMacAddrString
                0x000000000001fde0        0x8 /tmp/ccejZfix.ltrans0.ltrans.o
 .bss.mSetupHorizontalResolution
                0x000000000001fde8        0x4 /tmp/ccejZfix.ltrans0.ltrans.o
 .bss.mSetupTextModeColumn
                0x000000000001fdec        0x4 /tmp/ccejZfix.ltrans0.ltrans.o
 .bss.mSetupTextModeRow
                0x000000000001fdf0        0x4 /tmp/ccejZfix.ltrans0.ltrans.o
 .bss.mSetupVerticalResolution
                0x000000000001fdf4        0x4 /tmp/ccejZfix.ltrans0.ltrans.o
 .bss.gBS       0x000000000001fdf8        0x8 /tmp/ccejZfix.ltrans1.ltrans.o
                0x000000000001fdf8                gBS
 .bss.gHiiConfigRouting
                0x000000000001fe00        0x8 /tmp/ccejZfix.ltrans1.ltrans.o
                0x000000000001fe00                gHiiConfigRouting
 .bss.gHiiDatabase
                0x000000000001fe08        0x8 /tmp/ccejZfix.ltrans1.ltrans.o
                0x000000000001fe08                gHiiDatabase
 .bss.gHiiDriverList
                0x000000000001fe10        0x8 /tmp/ccejZfix.ltrans1.ltrans.o
 .bss.gHiiString
                0x000000000001fe18        0x8 /tmp/ccejZfix.ltrans1.ltrans.o
                0x000000000001fe18                gHiiString
 .bss.gRT       0x000000000001fe20        0x8 /tmp/ccejZfix.ltrans1.ltrans.o
                0x000000000001fe20                gRT
 .bss.gST       0x000000000001fe28        0x8 /tmp/ccejZfix.ltrans1.ltrans.o
                0x000000000001fe28                gST
 .bss.mEndOpCodeHandle
                0x000000000001fe30        0x8 /tmp/ccejZfix.ltrans1.ltrans.o
                0x000000000001fe30                mEndOpCodeHandle
 .bss.mFirstEnterBMMForm
                0x000000000001fe38        0x1 /tmp/ccejZfix.ltrans1.ltrans.o
 *fill*         0x000000000001fe39        0x7 
 .bss.mPerformanceMeasurement
                0x000000000001fe40        0x8 /tmp/ccejZfix.ltrans1.ltrans.o
                0x000000000001fe40                mPerformanceMeasurement
 .bss.mQuestionIdUpdate
                0x000000000001fe48        0x2 /tmp/ccejZfix.ltrans1.ltrans.o
                0x000000000001fe48                mQuestionIdUpdate
 *fill*         0x000000000001fe4a        0x6 
 .bss.mReportStatusCodeLibStatusCodeProtocol
                0x000000000001fe50        0x8 /tmp/ccejZfix.ltrans1.ltrans.o
                0x000000000001fe50                mReportStatusCodeLibStatusCodeProtocol
 .bss.mStartLabel
                0x000000000001fe58        0x8 /tmp/ccejZfix.ltrans1.ltrans.o
                0x000000000001fe58                mStartLabel
 .bss.mStartOpCodeHandle
                0x000000000001fe60        0x8 /tmp/ccejZfix.ltrans1.ltrans.o
                0x000000000001fe60                mStartOpCodeHandle
 .bss.mUefiFormBrowser2
                0x000000000001fe68        0x8 /tmp/ccejZfix.ltrans1.ltrans.o

.igot.plt       0x000000000001fe70        0x0
 .igot.plt      0x000000000001fe70        0x0 /home/uwe/git/ms/iot_core_tx8mmini/mu_platform_nxp/Build/TX8M_MINI_EVK_1GB/RELEASE_GCC5/AARCH64/ArmPkg/Library/ArmLib/ArmBaseLib/OUTPUT/ArmBaseLib.lib(AArch64Support.obj)

.eh_frame
 *(.eh_frame)

.rela           0x000000000001fe70        0x0
 *(.rela .rela.*)
 .rela.iplt     0x000000000001fe70        0x0 /home/uwe/git/ms/iot_core_tx8mmini/mu_platform_nxp/Build/TX8M_MINI_EVK_1GB/RELEASE_GCC5/AARCH64/ArmPkg/Library/ArmLib/ArmBaseLib/OUTPUT/ArmBaseLib.lib(AArch64Support.obj)

.hii
 *(.hii)

.build-id       0x000000000001fe70       0x24
 *(.note.gnu.build-id)
 .note.gnu.build-id
                0x000000000001fe70       0x24 /home/uwe/git/ms/iot_core_tx8mmini/mu_platform_nxp/Silicon/ARM/MU_TIANO/ArmPkg/Library/GccLto/liblto-aarch64.a

/DISCARD/
 *(.note.GNU-stack)
 *(.gnu_debuglink)
 *(.interp)
 *(.dynsym)
 *(.dynstr)
 *(.dynamic)
 *(.hash .gnu.hash)
 *(.comment)
 *(COMMON)
                0x0000000000000228                PECOFF_HEADER_SIZE = 0x228
OUTPUT(/home/uwe/git/ms/iot_core_tx8mmini/mu_platform_nxp/Build/TX8M_MINI_EVK_1GB/RELEASE_GCC5/AARCH64/MdeModulePkg/Application/UiApp/UiApp/DEBUG/UiApp.dll elf64-littleaarch64)

.debug_info     0x0000000000000000    0x32333
 .debug_info    0x0000000000000000    0x23031 /tmp/ccejZfix.ltrans0.ltrans.o
 .debug_info    0x0000000000023031     0xf302 /tmp/ccejZfix.ltrans1.ltrans.o

.debug_abbrev   0x0000000000000000      0xffc
 .debug_abbrev  0x0000000000000000      0x904 /tmp/ccejZfix.ltrans0.ltrans.o
 .debug_abbrev  0x0000000000000904      0x6f8 /tmp/ccejZfix.ltrans1.ltrans.o

.debug_loc      0x0000000000000000    0x2b8ef
 .debug_loc     0x0000000000000000    0x1da84 /tmp/ccejZfix.ltrans0.ltrans.o
 .debug_loc     0x000000000001da84     0xde6b /tmp/ccejZfix.ltrans1.ltrans.o

.debug_aranges  0x0000000000000000     0x1200
 .debug_aranges
                0x0000000000000000      0xcc0 /tmp/ccejZfix.ltrans0.ltrans.o
 .debug_aranges
                0x0000000000000cc0      0x540 /tmp/ccejZfix.ltrans1.ltrans.o

.debug_ranges   0x0000000000000000     0x4bc0
 .debug_ranges  0x0000000000000000     0x3690 /tmp/ccejZfix.ltrans0.ltrans.o
 .debug_ranges  0x0000000000003690     0x1530 /tmp/ccejZfix.ltrans1.ltrans.o

.debug_line     0x0000000000000000     0x8100
 .debug_line    0x0000000000000000     0x548e /tmp/ccejZfix.ltrans0.ltrans.o
 .debug_line    0x000000000000548e     0x2c72 /tmp/ccejZfix.ltrans1.ltrans.o

.debug_str      0x0000000000000000     0xceda
 .debug_str     0x0000000000000000     0xb348 /tmp/ccejZfix.ltrans0.ltrans.o
                                       0xc68c (size before relaxing)
 .debug_str     0x000000000000b348     0x1b92 /tmp/ccejZfix.ltrans1.ltrans.o
                                       0x51ce (size before relaxing)