Archive member included to satisfy reference by file (symbol)

/home/uwe/git/ms/iot_core_tx8mmini/mu_platform_nxp/Build/TX8M_MINI_EVK_1GB/RELEASE_GCC5/AARCH64/MdePkg/Library/UefiApplicationEntryPoint/UefiApplicationEntryPoint/OUTPUT/UefiApplicationEntryPoint.lib(ApplicationEntryPoint.obj)
                              (_ModuleEntryPoint)
/home/uwe/git/ms/iot_core_tx8mmini/mu_platform_nxp/Build/TX8M_MINI_EVK_1GB/RELEASE_GCC5/AARCH64/ArmPkg/Library/CompilerIntrinsicsLib/CompilerIntrinsicsLib/OUTPUT/CompilerIntrinsicsLib.lib(memcpy.obj)
                              /home/uwe/git/ms/iot_core_tx8mmini/mu_platform_nxp/Silicon/ARM/MU_TIANO/ArmPkg/Library/GccLto/liblto-aarch64.a (memcpy)
/home/uwe/git/ms/iot_core_tx8mmini/mu_platform_nxp/Build/TX8M_MINI_EVK_1GB/RELEASE_GCC5/AARCH64/ArmPkg/Library/CompilerIntrinsicsLib/CompilerIntrinsicsLib/OUTPUT/CompilerIntrinsicsLib.lib(memset.obj)
                              /home/uwe/git/ms/iot_core_tx8mmini/mu_platform_nxp/Silicon/ARM/MU_TIANO/ArmPkg/Library/GccLto/liblto-aarch64.a (memset)
/home/uwe/git/ms/iot_core_tx8mmini/mu_platform_nxp/Build/TX8M_MINI_EVK_1GB/RELEASE_GCC5/AARCH64/MdePkg/Library/BaseStackCheckLib/BaseStackCheckLib/OUTPUT/BaseStackCheckLib.lib(BaseStackCheckGcc.obj)
                              /home/uwe/git/ms/iot_core_tx8mmini/mu_platform_nxp/Silicon/ARM/MU_TIANO/ArmPkg/Library/GccLto/liblto-aarch64.a (__stack_chk_fail)
/home/uwe/git/ms/iot_core_tx8mmini/mu_platform_nxp/Build/TX8M_MINI_EVK_1GB/RELEASE_GCC5/AARCH64/ShellPkg/Application/Shell/Shell/OUTPUT/Shell.lib(AutoGen.obj)
                              ApplicationEntryPoint.obj (symbol from plugin) (ProcessLibraryConstructorList)
/home/uwe/git/ms/iot_core_tx8mmini/mu_platform_nxp/Build/TX8M_MINI_EVK_1GB/RELEASE_GCC5/AARCH64/ShellPkg/Application/Shell/Shell/OUTPUT/Shell.lib(Shell.obj)
                              AutoGen.obj (symbol from plugin) (UefiMain)
/home/uwe/git/ms/iot_core_tx8mmini/mu_platform_nxp/Build/TX8M_MINI_EVK_1GB/RELEASE_GCC5/AARCH64/ShellPkg/Application/Shell/Shell/OUTPUT/Shell.lib(ShellParametersProtocol.obj)
                              Shell.obj (symbol from plugin) (GetNextParameter)
/home/uwe/git/ms/iot_core_tx8mmini/mu_platform_nxp/Build/TX8M_MINI_EVK_1GB/RELEASE_GCC5/AARCH64/ShellPkg/Application/Shell/Shell/OUTPUT/Shell.lib(ShellProtocol.obj)
                              Shell.obj (symbol from plugin) (EfiShellGetEnv)
/home/uwe/git/ms/iot_core_tx8mmini/mu_platform_nxp/Build/TX8M_MINI_EVK_1GB/RELEASE_GCC5/AARCH64/ShellPkg/Application/Shell/Shell/OUTPUT/Shell.lib(FileHandleWrappers.obj)
                              ShellParametersProtocol.obj (symbol from plugin) (CreateFileInterfaceEnv)
/home/uwe/git/ms/iot_core_tx8mmini/mu_platform_nxp/Build/TX8M_MINI_EVK_1GB/RELEASE_GCC5/AARCH64/ShellPkg/Application/Shell/Shell/OUTPUT/Shell.lib(ShellEnvVar.obj)
                              ShellProtocol.obj (symbol from plugin) (gShellEnvVarList)
/home/uwe/git/ms/iot_core_tx8mmini/mu_platform_nxp/Build/TX8M_MINI_EVK_1GB/RELEASE_GCC5/AARCH64/ShellPkg/Application/Shell/Shell/OUTPUT/Shell.lib(ShellManParser.obj)
                              ShellProtocol.obj (symbol from plugin) (ProcessManFile)
/home/uwe/git/ms/iot_core_tx8mmini/mu_platform_nxp/Build/TX8M_MINI_EVK_1GB/RELEASE_GCC5/AARCH64/ShellPkg/Application/Shell/Shell/OUTPUT/Shell.lib(ConsoleLogger.obj)
                              Shell.obj (symbol from plugin) (ConsoleLoggerUninstall)
/home/uwe/git/ms/iot_core_tx8mmini/mu_platform_nxp/Build/TX8M_MINI_EVK_1GB/RELEASE_GCC5/AARCH64/ShellPkg/Application/Shell/Shell/OUTPUT/Shell.lib(ConsoleWrappers.obj)
                              Shell.obj (symbol from plugin) (CreateSimpleTextInOnFile)
/home/uwe/git/ms/iot_core_tx8mmini/mu_platform_nxp/Build/TX8M_MINI_EVK_1GB/RELEASE_GCC5/AARCH64/MdePkg/Library/BaseMemoryLibOptDxe/BaseMemoryLibOptDxe/OUTPUT/BaseMemoryLibOptDxe.lib(MemLibGuid.obj)
                              ShellProtocol.obj (symbol from plugin) (CopyGuid)
/home/uwe/git/ms/iot_core_tx8mmini/mu_platform_nxp/Build/TX8M_MINI_EVK_1GB/RELEASE_GCC5/AARCH64/MdePkg/Library/BaseMemoryLibOptDxe/BaseMemoryLibOptDxe/OUTPUT/BaseMemoryLibOptDxe.lib(ZeroMemWrapper.obj)
                              ShellProtocol.obj (symbol from plugin) (ZeroMem)
/home/uwe/git/ms/iot_core_tx8mmini/mu_platform_nxp/Build/TX8M_MINI_EVK_1GB/RELEASE_GCC5/AARCH64/MdePkg/Library/BaseMemoryLibOptDxe/BaseMemoryLibOptDxe/OUTPUT/BaseMemoryLibOptDxe.lib(SetMem16Wrapper.obj)
                              ShellParametersProtocol.obj (symbol from plugin) (SetMem16)
/home/uwe/git/ms/iot_core_tx8mmini/mu_platform_nxp/Build/TX8M_MINI_EVK_1GB/RELEASE_GCC5/AARCH64/MdePkg/Library/BaseMemoryLibOptDxe/BaseMemoryLibOptDxe/OUTPUT/BaseMemoryLibOptDxe.lib(SetMemWrapper.obj)
                              FileHandleWrappers.obj (symbol from plugin) (SetMem)
[...]
Memory Configuration

Name             Origin             Length             Attributes
*default*        0x0000000000000000 0xffffffffffffffff

Linker script and memory map

LOAD /home/uwe/git/ms/iot_core_tx8mmini/mu_platform_nxp/Silicon/ARM/MU_TIANO/ArmPkg/Library/GccLto/liblto-aarch64.a
LOAD /tmp/ccwaw90K.ltrans0.ltrans.o
LOAD /tmp/ccwaw90K.ltrans1.ltrans.o
LOAD /tmp/ccwaw90K.ltrans2.ltrans.o
LOAD /tmp/ccwaw90K.ltrans3.ltrans.o
LOAD /tmp/ccwaw90K.ltrans4.ltrans.o
LOAD /tmp/ccwaw90K.ltrans5.ltrans.o
LOAD /tmp/ccwaw90K.ltrans6.ltrans.o
LOAD /tmp/ccwaw90K.ltrans7.ltrans.o
LOAD /tmp/ccwaw90K.ltrans8.ltrans.o
START GROUP
LOAD /home/uwe/git/ms/iot_core_tx8mmini/mu_platform_nxp/Build/TX8M_MINI_EVK_1GB/RELEASE_GCC5/AARCH64/MdePkg/Library/DxePcdLib/DxePcdLib/OUTPUT/DxePcdLib.lib
LOAD /home/uwe/git/ms/iot_core_tx8mmini/mu_platform_nxp/Build/TX8M_MINI_EVK_1GB/RELEASE_GCC5/AARCH64/MdePkg/Library/BaseMemoryLibOptDxe/BaseMemoryLibOptDxe/OUTPUT/BaseMemoryLibOptDxe.lib
LOAD /home/uwe/git/ms/iot_core_tx8mmini/mu_platform_nxp/Build/TX8M_MINI_EVK_1GB/RELEASE_GCC5/AARCH64/MdePkg/Library/BaseLib/BaseLib/OUTPUT/BaseLib.lib
LOAD /home/uwe/git/ms/iot_core_tx8mmini/mu_platform_nxp/Build/TX8M_MINI_EVK_1GB/RELEASE_GCC5/AARCH64/ArmPkg/Library/ArmLib/ArmBaseLib/OUTPUT/ArmBaseLib.lib
LOAD /home/uwe/git/ms/iot_core_tx8mmini/mu_platform_nxp/Build/TX8M_MINI_EVK_1GB/RELEASE_GCC5/AARCH64/ArmPkg/Library/ArmCacheMaintenanceLib/ArmCacheMaintenanceLib/OUTPUT/ArmCacheMaintenanceLib.lib
LOAD /home/uwe/git/ms/iot_core_tx8mmini/mu_platform_nxp/Build/TX8M_MINI_EVK_1GB/RELEASE_GCC5/AARCH64/MdePkg/Library/BaseIoLibIntrinsic/BaseIoLibIntrinsic/OUTPUT/BaseIoLibIntrinsic.lib
LOAD /home/uwe/git/ms/iot_core_tx8mmini/mu_platform_nxp/Build/TX8M_MINI_EVK_1GB/RELEASE_GCC5/AARCH64/MdePkg/Library/BaseDebugPrintErrorLevelLib/BaseDebugPrintErrorLevelLib/OUTPUT/BaseDebugPrintErrorLevelLib.lib
LOAD /home/uwe/git/ms/iot_core_tx8mmini/mu_platform_nxp/Build/TX8M_MINI_EVK_1GB/RELEASE_GCC5/AARCH64/iMXPlatformPkg/Library/UartSerialPortLib/UartSerialPortLib/OUTPUT/SerialPortLib.lib
LOAD /home/uwe/git/ms/iot_core_tx8mmini/mu_platform_nxp/Build/TX8M_MINI_EVK_1GB/RELEASE_GCC5/AARCH64/MdePkg/Library/BasePrintLib/BasePrintLib/OUTPUT/BasePrintLib.lib
LOAD /home/uwe/git/ms/iot_core_tx8mmini/mu_platform_nxp/Build/TX8M_MINI_EVK_1GB/RELEASE_GCC5/AARCH64/MdePkg/Library/BaseDebugLibSerialPort/BaseDebugLibSerialPort/OUTPUT/BaseDebugLibSerialPort.lib
LOAD /home/uwe/git/ms/iot_core_tx8mmini/mu_platform_nxp/Build/TX8M_MINI_EVK_1GB/RELEASE_GCC5/AARCH64/ArmPkg/Library/ArmGenericTimerPhyCounterLib/ArmGenericTimerPhyCounterLib/OUTPUT/ArmGenericTimerPhyCounterLib.lib
LOAD /home/uwe/git/ms/iot_core_tx8mmini/mu_platform_nxp/Build/TX8M_MINI_EVK_1GB/RELEASE_GCC5/AARCH64/ArmPkg/Library/ArmArchTimerLib/ArmArchTimerLib/OUTPUT/ArmArchTimerLib.lib
LOAD /home/uwe/git/ms/iot_core_tx8mmini/mu_platform_nxp/Build/TX8M_MINI_EVK_1GB/RELEASE_GCC5/AARCH64/MdePkg/Library/UefiBootServicesTableLib/UefiBootServicesTableLib/OUTPUT/UefiBootServicesTableLib.lib
LOAD /home/uwe/git/ms/iot_core_tx8mmini/mu_platform_nxp/Build/TX8M_MINI_EVK_1GB/RELEASE_GCC5/AARCH64/MdePkg/Library/UefiMemoryAllocationLib/UefiMemoryAllocationLib/OUTPUT/UefiMemoryAllocationLib.lib
LOAD /home/uwe/git/ms/iot_core_tx8mmini/mu_platform_nxp/Build/TX8M_MINI_EVK_1GB/RELEASE_GCC5/AARCH64/MdePkg/Library/UefiDevicePathLib/UefiDevicePathLib/OUTPUT/UefiDevicePathLib.lib
LOAD /home/uwe/git/ms/iot_core_tx8mmini/mu_platform_nxp/Build/TX8M_MINI_EVK_1GB/RELEASE_GCC5/AARCH64/MdePkg/Library/UefiRuntimeServicesTableLib/UefiRuntimeServicesTableLib/OUTPUT/UefiRuntimeServicesTableLib.lib
LOAD /home/uwe/git/ms/iot_core_tx8mmini/mu_platform_nxp/Build/TX8M_MINI_EVK_1GB/RELEASE_GCC5/AARCH64/MdeModulePkg/Library/UefiHiiServicesLib/UefiHiiServicesLib/OUTPUT/UefiHiiServicesLib.lib
LOAD /home/uwe/git/ms/iot_core_tx8mmini/mu_platform_nxp/Build/TX8M_MINI_EVK_1GB/RELEASE_GCC5/AARCH64/MdePkg/Library/UefiLib/UefiLib/OUTPUT/UefiLib.lib
LOAD /home/uwe/git/ms/iot_core_tx8mmini/mu_platform_nxp/Build/TX8M_MINI_EVK_1GB/RELEASE_GCC5/AARCH64/MdeModulePkg/Library/UefiSortLib/UefiSortLib/OUTPUT/UefiSortLib.lib
LOAD /home/uwe/git/ms/iot_core_tx8mmini/mu_platform_nxp/Build/TX8M_MINI_EVK_1GB/RELEASE_GCC5/AARCH64/MdeModulePkg/Library/UefiHiiLib/UefiHiiLib/OUTPUT/UefiHiiLib.lib
LOAD /home/uwe/git/ms/iot_core_tx8mmini/mu_platform_nxp/Build/TX8M_MINI_EVK_1GB/RELEASE_GCC5/AARCH64/MdePkg/Library/UefiFileHandleLib/UefiFileHandleLib/OUTPUT/UefiFileHandleLib.lib
LOAD /home/uwe/git/ms/iot_core_tx8mmini/mu_platform_nxp/Build/TX8M_MINI_EVK_1GB/RELEASE_GCC5/AARCH64/MdePkg/Library/BasePeCoffGetEntryPointLib/BasePeCoffGetEntryPointLib/OUTPUT/BasePeCoffGetEntryPointLib.lib
LOAD /home/uwe/git/ms/iot_core_tx8mmini/mu_platform_nxp/Build/TX8M_MINI_EVK_1GB/RELEASE_GCC5/AARCH64/MdeModulePkg/Library/DxeReportStatusCodeLib/DxeReportStatusCodeLib/OUTPUT/DxeReportStatusCodeLib.lib
LOAD /home/uwe/git/ms/iot_core_tx8mmini/mu_platform_nxp/Build/TX8M_MINI_EVK_1GB/RELEASE_GCC5/AARCH64/MdePkg/Library/DxeServicesLib/DxeServicesLib/OUTPUT/DxeServicesLib.lib
LOAD /home/uwe/git/ms/iot_core_tx8mmini/mu_platform_nxp/Build/TX8M_MINI_EVK_1GB/RELEASE_GCC5/AARCH64/MdePkg/Library/DxeServicesTableLib/DxeServicesTableLib/OUTPUT/DxeServicesTableLib.lib
LOAD /home/uwe/git/ms/iot_core_tx8mmini/mu_platform_nxp/Build/TX8M_MINI_EVK_1GB/RELEASE_GCC5/AARCH64/MdeModulePkg/Library/DxePerformanceLib/DxePerformanceLib/OUTPUT/DxePerformanceLib.lib
LOAD /home/uwe/git/ms/iot_core_tx8mmini/mu_platform_nxp/Build/TX8M_MINI_EVK_1GB/RELEASE_GCC5/AARCH64/MdePkg/Library/DxeHobLib/DxeHobLib/OUTPUT/DxeHobLib.lib
LOAD /home/uwe/git/ms/iot_core_tx8mmini/mu_platform_nxp/Build/TX8M_MINI_EVK_1GB/RELEASE_GCC5/AARCH64/ShellPkg/Library/UefiShellLib/UefiShellLib/OUTPUT/UefiShellLib.lib
LOAD /home/uwe/git/ms/iot_core_tx8mmini/mu_platform_nxp/Build/TX8M_MINI_EVK_1GB/RELEASE_GCC5/AARCH64/ShellPkg/Library/UefiHandleParsingLib/UefiHandleParsingLib/OUTPUT/UefiHandleParsingLib.lib
LOAD /home/uwe/git/ms/iot_core_tx8mmini/mu_platform_nxp/Build/TX8M_MINI_EVK_1GB/RELEASE_GCC5/AARCH64/MdeModulePkg/Library/UefiBootManagerLib/UefiBootManagerLib/OUTPUT/UefiBootManagerLib.lib
LOAD /home/uwe/git/ms/iot_core_tx8mmini/mu_platform_nxp/Build/TX8M_MINI_EVK_1GB/RELEASE_GCC5/AARCH64/ShellPkg/Library/UefiShellCommandLib/UefiShellCommandLib/OUTPUT/UefiShellCommandLib.lib
LOAD /home/uwe/git/ms/iot_core_tx8mmini/mu_platform_nxp/Build/TX8M_MINI_EVK_1GB/RELEASE_GCC5/AARCH64/ShellPkg/Library/UefiShellBcfgCommandLib/UefiShellBcfgCommandLib/OUTPUT/UefiShellBcfgCommandLib.lib
LOAD /home/uwe/git/ms/iot_core_tx8mmini/mu_platform_nxp/Build/TX8M_MINI_EVK_1GB/RELEASE_GCC5/AARCH64/MdePkg/Library/UefiApplicationEntryPoint/UefiApplicationEntryPoint/OUTPUT/UefiApplicationEntryPoint.lib
LOAD /home/uwe/git/ms/iot_core_tx8mmini/mu_platform_nxp/Build/TX8M_MINI_EVK_1GB/RELEASE_GCC5/AARCH64/ArmPkg/Library/CompilerIntrinsicsLib/CompilerIntrinsicsLib/OUTPUT/CompilerIntrinsicsLib.lib
LOAD /home/uwe/git/ms/iot_core_tx8mmini/mu_platform_nxp/Build/TX8M_MINI_EVK_1GB/RELEASE_GCC5/AARCH64/MdePkg/Library/BaseStackCheckLib/BaseStackCheckLib/OUTPUT/BaseStackCheckLib.lib
LOAD /home/uwe/git/ms/iot_core_tx8mmini/mu_platform_nxp/Build/TX8M_MINI_EVK_1GB/RELEASE_GCC5/AARCH64/ShellPkg/Library/UefiShellLevel2CommandsLib/UefiShellLevel2CommandsLib/OUTPUT/UefiShellLevel2CommandsLib.lib
LOAD /home/uwe/git/ms/iot_core_tx8mmini/mu_platform_nxp/Build/TX8M_MINI_EVK_1GB/RELEASE_GCC5/AARCH64/ShellPkg/Library/UefiShellLevel1CommandsLib/UefiShellLevel1CommandsLib/OUTPUT/UefiShellLevel1CommandsLib.lib
LOAD /home/uwe/git/ms/iot_core_tx8mmini/mu_platform_nxp/Build/TX8M_MINI_EVK_1GB/RELEASE_GCC5/AARCH64/ShellPkg/Library/UefiShellLevel3CommandsLib/UefiShellLevel3CommandsLib/OUTPUT/UefiShellLevel3CommandsLib.lib
LOAD /home/uwe/git/ms/iot_core_tx8mmini/mu_platform_nxp/Build/TX8M_MINI_EVK_1GB/RELEASE_GCC5/AARCH64/ShellPkg/Library/UefiShellDriver1CommandsLib/UefiShellDriver1CommandsLib/OUTPUT/UefiShellDriver1CommandsLib.lib
LOAD /home/uwe/git/ms/iot_core_tx8mmini/mu_platform_nxp/Build/TX8M_MINI_EVK_1GB/RELEASE_GCC5/AARCH64/ShellPkg/Library/UefiShellDebug1CommandsLib/UefiShellDebug1CommandsLib/OUTPUT/UefiShellDebug1CommandsLib.lib
LOAD /home/uwe/git/ms/iot_core_tx8mmini/mu_platform_nxp/Build/TX8M_MINI_EVK_1GB/RELEASE_GCC5/AARCH64/ShellPkg/Library/UefiShellInstall1CommandsLib/UefiShellInstall1CommandsLib/OUTPUT/UefiShellInstall1CommandsLib.lib
LOAD /home/uwe/git/ms/iot_core_tx8mmini/mu_platform_nxp/Build/TX8M_MINI_EVK_1GB/RELEASE_GCC5/AARCH64/ShellPkg/Application/Shell/Shell/OUTPUT/Shell.lib
END GROUP
                0x0000000000000228                . = PECOFF_HEADER_SIZE

.text           0x0000000000001000    0x681ee
 *(.text .text.* .stub .gnu.linkonce.t.*)
 .text.InternalSafeStringNoStrOverlap
                0x0000000000001000       0x3c /tmp/ccwaw90K.ltrans0.ltrans.o
 .text.GetPreviousNode
                0x000000000000103c        0x8 /tmp/ccwaw90K.ltrans0.ltrans.o
                0x000000000000103c                GetPreviousNode
 .text.GetNextNode
                0x0000000000001044        0x8 /tmp/ccwaw90K.ltrans0.ltrans.o
                0x0000000000001044                GetNextNode
 .text.FileBasedSimpleTextOutTestString
                0x000000000000104c        0x8 /tmp/ccwaw90K.ltrans0.ltrans.o
 .text.FileBasedSimpleTextOutQueryMode
                0x0000000000001054        0xc /tmp/ccwaw90K.ltrans0.ltrans.o
 .text.FileBasedSimpleTextOutSetAttribute
                0x0000000000001060        0x8 /tmp/ccwaw90K.ltrans0.ltrans.o
 .text.FileBasedSimpleTextOutSetCursorPosition
                0x0000000000001068        0x8 /tmp/ccwaw90K.ltrans0.ltrans.o
 .text.FileBasedSimpleTextInReset
                0x0000000000001070        0x8 /tmp/ccwaw90K.ltrans0.ltrans.o
 .text.FileBasedSimpleTextOutEnableCursor
                0x0000000000001078        0x8 /tmp/ccwaw90K.ltrans0.ltrans.o
 .text.FileInterfaceNopGeneric
                0x0000000000001080        0x8 /tmp/ccwaw90K.ltrans0.ltrans.o
 .text.FileBasedSimpleTextOutClearScreen
                0x0000000000001088        0x8 /tmp/ccwaw90K.ltrans0.ltrans.o
 .text.FileInterfaceNopSetPosition
                0x0000000000001090        0x8 /tmp/ccwaw90K.ltrans0.ltrans.o
 .text.FileBasedSimpleTextOutSetMode
                0x0000000000001098        0x8 /tmp/ccwaw90K.ltrans0.ltrans.o
 .text.FileBasedSimpleTextOutReset
                0x00000000000010a0        0x8 /tmp/ccwaw90K.ltrans0.ltrans.o
 .text.ConInWaitForKey
                0x00000000000010a8       0x10 /tmp/ccwaw90K.ltrans0.ltrans.o
 .text.FileBasedSimpleTextInReadKeyStroke
                0x00000000000010b8       0x80 /tmp/ccwaw90K.ltrans0.ltrans.o
 .text.ConsoleLoggerEnableCursor
                0x0000000000001138       0x38 /tmp/ccwaw90K.ltrans0.ltrans.o
 .text.ConsoleLoggerSetCursorPosition
                0x0000000000001170       0x5c /tmp/ccwaw90K.ltrans0.ltrans.o
 .text.ConsoleLoggerClearScreen
                0x00000000000011cc       0xc4 /tmp/ccwaw90K.ltrans0.ltrans.o
 .text.ConsoleLoggerSetAttribute
                0x0000000000001290       0x34 /tmp/ccwaw90K.ltrans0.ltrans.o
 .text.ConsoleLoggerQueryMode
                0x00000000000012c4        0xc /tmp/ccwaw90K.ltrans0.ltrans.o
 .text.ConsoleLoggerTestString
                0x00000000000012d0        0xc /tmp/ccwaw90K.ltrans0.ltrans.o
 .text.UpdateDisplayFromHistory
                0x00000000000012dc      0x20c /tmp/ccwaw90K.ltrans0.ltrans.o
 .text.FileInterfaceFileOpen
                0x00000000000014e8        0xc /tmp/ccwaw90K.ltrans0.ltrans.o
                0x00000000000014e8                FileInterfaceFileOpen
 .text.FileInterfaceFileFlush
                0x00000000000014f4        0xc /tmp/ccwaw90K.ltrans0.ltrans.o
                0x00000000000014f4                FileInterfaceFileFlush
 .text.FileInterfaceFileSetInfo
                0x0000000000001500        0xc /tmp/ccwaw90K.ltrans0.ltrans.o
                0x0000000000001500                FileInterfaceFileSetInfo
 .text.FileInterfaceFileGetInfo
                0x000000000000150c        0xc /tmp/ccwaw90K.ltrans0.ltrans.o
                0x000000000000150c                FileInterfaceFileGetInfo
 .text.FileInterfaceFileGetPosition
                0x0000000000001518        0xc /tmp/ccwaw90K.ltrans0.ltrans.o
                0x0000000000001518                FileInterfaceFileGetPosition
 .text.FileInterfaceFileSetPosition
                0x0000000000001524        0xc /tmp/ccwaw90K.ltrans0.ltrans.o
                0x0000000000001524                FileInterfaceFileSetPosition
 .text.FileInterfaceOpenNotFound
                0x0000000000001530        0xc /tmp/ccwaw90K.ltrans0.ltrans.o
 .text.FileInterfaceMemGetPosition
                0x000000000000153c       0x10 /tmp/ccwaw90K.ltrans0.ltrans.o
 .text.FileInterfaceMemSetPosition
                0x000000000000154c       0x24 /tmp/ccwaw90K.ltrans0.ltrans.o
 .text.FileInterfaceNopSetInfo
                0x0000000000001570        0x8 /tmp/ccwaw90K.ltrans0.ltrans.o
 .text.FileInterfaceNopGetPosition
                0x0000000000001578        0x8 /tmp/ccwaw90K.ltrans0.ltrans.o
 .text.FileInterfaceNopGetInfo
                0x0000000000001580        0x8 /tmp/ccwaw90K.ltrans0.ltrans.o
 .text.FileInterfaceEnvRead
                0x0000000000001588       0x88 /tmp/ccwaw90K.ltrans0.ltrans.o
 .text.FileInterfaceNulWrite
                0x0000000000001610        0x8 /tmp/ccwaw90K.ltrans0.ltrans.o
                0x0000000000001610                FileInterfaceNulWrite
 .text.FileInterfaceNulRead
                0x0000000000001618        0xc /tmp/ccwaw90K.ltrans0.ltrans.o
 .text.FileInterfaceStdInWrite
                0x0000000000001624        0x8 /tmp/ccwaw90K.ltrans0.ltrans.o
 .text.FileInterfaceStdErrRead
                0x000000000000162c        0x8 /tmp/ccwaw90K.ltrans0.ltrans.o
 .text.FileInterfaceStdOutRead
                0x0000000000001634        0x8 /tmp/ccwaw90K.ltrans0.ltrans.o
 .text.FileInterfaceStdErrWrite
                0x000000000000163c       0x18 /tmp/ccwaw90K.ltrans0.ltrans.o
 .text.FileInterfaceStdOutWrite
                0x0000000000001654       0x40 /tmp/ccwaw90K.ltrans0.ltrans.o
 .text.NotificationFunction
                0x0000000000001694       0x9c /tmp/ccwaw90K.ltrans0.ltrans.o
 .text.ToLower  0x0000000000001730       0x30 /tmp/ccwaw90K.ltrans0.ltrans.o
 .text.EfiShellIsRootShell
                0x0000000000001760        0xc /tmp/ccwaw90K.ltrans0.ltrans.o
 .text.EfiShellGetPageBreak
                0x000000000000176c        0xc /tmp/ccwaw90K.ltrans0.ltrans.o
 .text.EfiShellEnablePageBreak
                0x0000000000001778       0x10 /tmp/ccwaw90K.ltrans0.ltrans.o
 .text.EfiShellDisablePageBreak
                0x0000000000001788        0xc /tmp/ccwaw90K.ltrans0.ltrans.o
 .text.unlikely.WriteFileTag
                0x0000000000001794       0x38 /tmp/ccwaw90K.ltrans0.ltrans.o
 .text.CalculateEfiHdrCrc
                0x00000000000017cc       0x44 /tmp/ccwaw90K.ltrans0.ltrans.o
 .text.unlikely.IsUnicodeFile
                0x0000000000001810       0xd4 /tmp/ccwaw90K.ltrans0.ltrans.o
 .text.CloseSimpleTextOutOnFile
                0x00000000000018e4       0x64 /tmp/ccwaw90K.ltrans0.ltrans.o
 .text.CloseSimpleTextInOnFile
                0x0000000000001948       0x80 /tmp/ccwaw90K.ltrans0.ltrans.o
 .text.FileInterfaceFileClose
                0x00000000000019c8       0x38 /tmp/ccwaw90K.ltrans0.ltrans.o
                0x00000000000019c8                FileInterfaceFileClose
 .text.FileInterfaceFileDelete
                0x0000000000001a00       0x38 /tmp/ccwaw90K.ltrans0.ltrans.o
                0x0000000000001a00                FileInterfaceFileDelete
 .text.FileInterfaceMemClose
                0x0000000000001a38       0x38 /tmp/ccwaw90K.ltrans0.ltrans.o
 .text.InternalFreeShellFileInfoNode
                0x0000000000001a70       0x5c /tmp/ccwaw90K.ltrans0.ltrans.o
 .text.unlikely.CreateSimpleTextOutOnFile
                0x0000000000001acc      0x184 /tmp/ccwaw90K.ltrans0.ltrans.o
 .text.IsVolatileEnv
                0x0000000000001c50       0xf8 /tmp/ccwaw90K.ltrans0.ltrans.o
 .text.FileBasedSimpleTextOutOutputString
                0x0000000000001d48       0x4c /tmp/ccwaw90K.ltrans0.ltrans.o
 .text.FindFirstCharacter
                0x0000000000001d94       0xac /tmp/ccwaw90K.ltrans0.ltrans.o
 .text.CreateSimpleTextInOnFile
                0x0000000000001e40       0xfc /tmp/ccwaw90K.ltrans0.ltrans.o
 .text.FixFileName
                0x0000000000001f3c       0x78 /tmp/ccwaw90K.ltrans0.ltrans.o
 .text.FixVarName
                0x0000000000001fb4       0x48 /tmp/ccwaw90K.ltrans0.ltrans.o
 .text.InternalSetAlias
                0x0000000000001ffc       0xe0 /tmp/ccwaw90K.ltrans0.ltrans.o
 .text.InternalDuplicateShellFileInfo
                0x00000000000020dc       0xe4 /tmp/ccwaw90K.ltrans0.ltrans.o
 .text.FileInterfaceFileWrite
                0x00000000000021c0       0x9c /tmp/ccwaw90K.ltrans0.ltrans.o
                0x00000000000021c0                FileInterfaceFileWrite
 .text.EfiShellGetDevicePathFromMap
                0x000000000000225c       0x90 /tmp/ccwaw90K.ltrans0.ltrans.o
 .text.IsCommand
                0x00000000000022ec       0x30 /tmp/ccwaw90K.ltrans0.ltrans.o
 .text.IsScriptOnlyCommand
                0x000000000000231c       0xb0 /tmp/ccwaw90K.ltrans0.ltrans.o
 .text.EfiShellClose
                0x00000000000023cc       0x24 /tmp/ccwaw90K.ltrans0.ltrans.o
 .text.EfiShellRegisterGuidName
                0x00000000000023f0      0x1f0 /tmp/ccwaw90K.ltrans0.ltrans.o
 .text.EfiShellBatchIsActive
                0x00000000000025e0       0x1c /tmp/ccwaw90K.ltrans0.ltrans.o
 .text.EfiShellGetDeviceName
                0x00000000000025fc      0x34c /tmp/ccwaw90K.ltrans0.ltrans.o
 .text.ContainsSplit
                0x0000000000002948       0xfc /tmp/ccwaw90K.ltrans0.ltrans.o
 .text.GetOperationType
                0x0000000000002a44      0x100 /tmp/ccwaw90K.ltrans0.ltrans.o
 .text.AsciiStrnLenS
                0x0000000000002b44       0x3c /tmp/ccwaw90K.ltrans0.ltrans.o
                0x0000000000002b44                AsciiStrnLenS
 .text.AsciiStrToUnicodeStrS
                0x0000000000002b80       0xac /tmp/ccwaw90K.ltrans0.ltrans.o
 .text.StrHexToBytes
                0x0000000000002c2c       0xd8 /tmp/ccwaw90K.ltrans0.ltrans.o
                0x0000000000002c2c                StrHexToBytes
 .text.StrnLenS
                0x0000000000002d04       0x3c /tmp/ccwaw90K.ltrans0.ltrans.o
                0x0000000000002d04                StrnLenS
 .text.StrHexToUintnS
                0x0000000000002d40      0x12c /tmp/ccwaw90K.ltrans0.ltrans.o
                0x0000000000002d40                StrHexToUintnS
 .text.StrDecimalToUintnS
                0x0000000000002e6c       0xf0 /tmp/ccwaw90K.ltrans0.ltrans.o
                0x0000000000002e6c                StrDecimalToUintnS
 .text.StrnCatS
                0x0000000000002f5c       0xf0 /tmp/ccwaw90K.ltrans0.ltrans.o
                0x0000000000002f5c                StrnCatS
 .text.StrCatS  0x000000000000304c       0xc4 /tmp/ccwaw90K.ltrans0.ltrans.o
                0x000000000000304c                StrCatS
 .text.StrnCpyS
                0x0000000000003110       0xd8 /tmp/ccwaw90K.ltrans0.ltrans.o
                0x0000000000003110                StrnCpyS
 .text.StrCpyS  0x00000000000031e8       0xa0 /tmp/ccwaw90K.ltrans0.ltrans.o
                0x00000000000031e8                StrCpyS
 .text.RemoveEntryList
                0x0000000000003288       0x18 /tmp/ccwaw90K.ltrans0.ltrans.o
                0x0000000000003288                RemoveEntryList
 .text.SwapListEntries
                0x00000000000032a0       0x8c /tmp/ccwaw90K.ltrans0.ltrans.o
                0x00000000000032a0                SwapListEntries
 .text.IsNodeAtEnd
                0x000000000000332c       0x20 /tmp/ccwaw90K.ltrans0.ltrans.o
                0x000000000000332c                IsNodeAtEnd
 .text.IsNull   0x000000000000334c        0xc /tmp/ccwaw90K.ltrans0.ltrans.o
                0x000000000000334c                IsNull
 .text.IsListEmpty
                0x0000000000003358       0x10 /tmp/ccwaw90K.ltrans0.ltrans.o
                0x0000000000003358                IsListEmpty
 .text.GetFirstNode
                0x0000000000003368        0x8 /tmp/ccwaw90K.ltrans0.ltrans.o
                0x0000000000003368                GetFirstNode
 .text.FreeEnvironmentVariableList.part.0
                0x0000000000003370       0x64 /tmp/ccwaw90K.ltrans0.ltrans.o
 .text.ShellRemvoeEnvVarFromList
                0x00000000000033d4       0xbc /tmp/ccwaw90K.ltrans0.ltrans.o
 .text.CleanUpShellProtocol
                0x0000000000003490       0xd0 /tmp/ccwaw90K.ltrans0.ltrans.o
 .text.EfiShellGetHelpText
                0x0000000000003560      0x198 /tmp/ccwaw90K.ltrans0.ltrans.o
 .text.EfiShellRemoveDupInFileList
                0x00000000000036f8       0xe8 /tmp/ccwaw90K.ltrans0.ltrans.o
 .text.EfiShellFreeFileList
                0x00000000000037e0       0x84 /tmp/ccwaw90K.ltrans0.ltrans.o
 .text.EfiShellGetFilePathFromDevicePath
                0x0000000000003864      0x1c0 /tmp/ccwaw90K.ltrans0.ltrans.o
 .text.EfiShellSetMap
                0x0000000000003a24      0x180 /tmp/ccwaw90K.ltrans0.ltrans.o
 .text.InsertTailList
                0x0000000000003ba4       0x18 /tmp/ccwaw90K.ltrans0.ltrans.o
                0x0000000000003ba4                InsertTailList
 .text.ShellAddEnvVarToList
                0x0000000000003bbc      0x118 /tmp/ccwaw90K.ltrans0.ltrans.o
 .text.FileInterfaceEnvClose
                0x0000000000003cd4      0x1a8 /tmp/ccwaw90K.ltrans0.ltrans.o
 .text.FileInterfaceEnvDelete
                0x0000000000003e7c       0x48 /tmp/ccwaw90K.ltrans0.ltrans.o
 .text.AddBufferToFreeList
                0x0000000000003ec4       0x4c /tmp/ccwaw90K.ltrans0.ltrans.o
 .text.EfiShellGetGuidName
                0x0000000000003f10       0x70 /tmp/ccwaw90K.ltrans0.ltrans.o
 .text.EfiShellGetMapFromDevicePath
                0x0000000000003f80      0x104 /tmp/ccwaw90K.ltrans0.ltrans.o
 .text.EfiShellOpenRootByHandle
                0x0000000000004084       0xcc /tmp/ccwaw90K.ltrans0.ltrans.o
 .text.EfiShellOpenRoot
                0x0000000000004150       0x68 /tmp/ccwaw90K.ltrans0.ltrans.o
 .text.InsertHeadList
                0x00000000000041b8       0x14 /tmp/ccwaw90K.ltrans0.ltrans.o
                0x00000000000041b8                InsertHeadList
 .text.InitializeListHead
                0x00000000000041cc        0x8 /tmp/ccwaw90K.ltrans0.ltrans.o
                0x00000000000041cc                InitializeListHead
 .text.EfiShellFindFilesInDir
                0x00000000000041d4      0x368 /tmp/ccwaw90K.ltrans0.ltrans.o
 .text.ProcessLibraryConstructorList
                0x000000000000453c      0xec8 /tmp/ccwaw90K.ltrans0.ltrans.o
 .text.CopyMem  0x0000000000005404       0x1c /tmp/ccwaw90K.ltrans0.ltrans.o
                0x0000000000005404                CopyMem
 .text.ConsoleLoggerResetBuffers
                0x0000000000005420       0xdc /tmp/ccwaw90K.ltrans0.ltrans.o
 .text.ConsoleLoggerSetMode
                0x00000000000054fc       0x64 /tmp/ccwaw90K.ltrans0.ltrans.o
 .text.ConsoleLoggerReset
                0x0000000000005560       0x54 /tmp/ccwaw90K.ltrans0.ltrans.o
 .text.FileInterfaceFileRead
                0x00000000000055b4      0x148 /tmp/ccwaw90K.ltrans0.ltrans.o
                0x00000000000055b4                FileInterfaceFileRead
 .text.FileInterfaceMemRead
                0x00000000000056fc       0x64 /tmp/ccwaw90K.ltrans0.ltrans.o
 .text.FileInterfaceMemWrite
                0x0000000000005760      0x154 /tmp/ccwaw90K.ltrans0.ltrans.o
 .text.CreateFileInterfaceEnv
                0x00000000000058b4      0x100 /tmp/ccwaw90K.ltrans0.ltrans.o
 .text.FileInterfaceEnvVolWrite
                0x00000000000059b4      0x188 /tmp/ccwaw90K.ltrans0.ltrans.o
 .text.FileInterfaceEnvNonVolWrite
                0x0000000000005b3c      0x188 /tmp/ccwaw90K.ltrans0.ltrans.o
 .text.GetNextParameter
                0x0000000000005cc4      0x1c4 /tmp/ccwaw90K.ltrans0.ltrans.o
 .text.TrimSpaces
                0x0000000000005e88       0x84 /tmp/ccwaw90K.ltrans0.ltrans.o
 .text.SetMem   0x0000000000005f0c       0x10 /tmp/ccwaw90K.ltrans0.ltrans.o
                0x0000000000005f0c                SetMem
 .text.SetMem16
                0x0000000000005f1c       0x14 /tmp/ccwaw90K.ltrans0.ltrans.o
                0x0000000000005f1c                SetMem16
 .text.AppendStringToHistory
                0x0000000000005f30      0x1e8 /tmp/ccwaw90K.ltrans0.ltrans.o
 .text.ConsoleLoggerOutputStringSplit
                0x0000000000006118       0x48 /tmp/ccwaw90K.ltrans0.ltrans.o
 .text.ConsoleLoggerOutputString
                0x0000000000006160      0x2e0 /tmp/ccwaw90K.ltrans0.ltrans.o
 .text.ZeroMem  0x0000000000006440        0xc /tmp/ccwaw90K.ltrans0.ltrans.o
                0x0000000000006440                ZeroMem
 .text.FileInterfaceStdInRead
                0x000000000000644c      0xcd8 /tmp/ccwaw90K.ltrans0.ltrans.o
 .text.CompareGuid
                0x0000000000007124        0x4 /tmp/ccwaw90K.ltrans0.ltrans.o
                0x0000000000007124                CompareGuid
 .text.GetEnvironmentVariableList
                0x0000000000007128      0x270 /tmp/ccwaw90K.ltrans0.ltrans.o
 .text.SetEnvironmentVariableList
                0x0000000000007398      0x138 /tmp/ccwaw90K.ltrans0.ltrans.o
 .text.SetEnvironmentVariables.part.1
                0x00000000000074d0      0x18c /tmp/ccwaw90K.ltrans0.ltrans.o
 .text.EfiShellGetEnvEx
                0x000000000000765c      0x224 /tmp/ccwaw90K.ltrans0.ltrans.o
 .text.EfiShellGetEnv
                0x0000000000007880        0x8 /tmp/ccwaw90K.ltrans0.ltrans.o
 .text.EfiShellGetCurDir
                0x0000000000007888       0x98 /tmp/ccwaw90K.ltrans0.ltrans.o
 .text.EfiShellGetDevicePathFromFilePath
                0x0000000000007920      0x1e4 /tmp/ccwaw90K.ltrans0.ltrans.o
 .text.ProcessCommandLineToFinal
                0x0000000000007b04      0x718 /tmp/ccwaw90K.ltrans0.ltrans.o
 .text.FileInterfaceMemGetInfo
                0x000000000000821c       0x94 /tmp/ccwaw90K.ltrans0.ltrans.o
 .text.EfiShellGetAlias
                0x00000000000082b0      0x254 /tmp/ccwaw90K.ltrans0.ltrans.o
 .text.EfiShellSetAlias
                0x0000000000008504       0x9c /tmp/ccwaw90K.ltrans0.ltrans.o
 .text.CopyGuid
                0x00000000000085a0        0x8 /tmp/ccwaw90K.ltrans0.ltrans.o
                0x00000000000085a0                CopyGuid
 .text.StrToGuid
                0x00000000000085a8      0x11c /tmp/ccwaw90K.ltrans0.ltrans.o
                0x00000000000085a8                StrToGuid
 .text.EfiShellGetGuidFromName
                0x00000000000086c4       0x58 /tmp/ccwaw90K.ltrans0.ltrans.o
 .text.ManFileFindSections
                0x000000000000871c      0x1d4 /tmp/ccwaw90K.ltrans0.ltrans.o
                0x000000000000871c                ManFileFindSections
 .text.CreateFileInterfaceMem
                0x00000000000088f0       0xe0 /tmp/ccwaw90K.ltrans0.ltrans.o
                0x00000000000088f0                CreateFileInterfaceMem
 .text.InternalEfiShellSetEnv
                0x00000000000089d0      0x114 /tmp/ccwaw90K.ltrans0.ltrans.o
                0x00000000000089d0                InternalEfiShellSetEnv
 .text.EfiShellSetCurDir
                0x0000000000008ae4      0x2b4 /tmp/ccwaw90K.ltrans0.ltrans.o
 .text.EfiShellSetEnv
                0x0000000000008d98       0xfc /tmp/ccwaw90K.ltrans0.ltrans.o
 .text.SetLastError
                0x0000000000008e94       0x60 /tmp/ccwaw90K.ltrans0.ltrans.o
 .text.InternalOpenFileDevicePath
                0x0000000000008ef4      0x1fc /tmp/ccwaw90K.ltrans0.ltrans.o
                0x0000000000008ef4                InternalOpenFileDevicePath
 .text.EfiShellOpenFileByName
                0x00000000000090f0      0x178 /tmp/ccwaw90K.ltrans0.ltrans.o
                0x00000000000090f0                EfiShellOpenFileByName
 .text.ShellSearchHandle.part.10
                0x0000000000009268      0x398 /tmp/ccwaw90K.ltrans0.ltrans.o
 .text.EfiShellFindFiles
                0x0000000000009600      0x154 /tmp/ccwaw90K.ltrans0.ltrans.o
 .text.EfiShellOpenFileList
                0x0000000000009754      0x184 /tmp/ccwaw90K.ltrans0.ltrans.o
 .text.EfiShellCreateFile
                0x00000000000098d8       0xb8 /tmp/ccwaw90K.ltrans0.ltrans.o
 .text.EfiShellDeleteFileByName
                0x0000000000009990       0x40 /tmp/ccwaw90K.ltrans0.ltrans.o
 .text.RestoreArgcArgv
                0x00000000000099d0       0x74 /tmp/ccwaw90K.ltrans0.ltrans.o
                0x00000000000099d0                RestoreArgcArgv
 .text.ParseCommandLineToArgs
                0x0000000000009a44      0x1a0 /tmp/ccwaw90K.ltrans0.ltrans.o
                0x0000000000009a44                ParseCommandLineToArgs
 .text.InternalShellExecuteDevicePath
                0x0000000000009be4      0x2f4 /tmp/ccwaw90K.ltrans0.ltrans.o
 .text.RunShellCommand
                0x0000000000009ed8     0x19ac /tmp/ccwaw90K.ltrans0.ltrans.o
                0x0000000000009ed8                RunShellCommand
 .text.EfiShellExecute
                0x000000000000b884      0x254 /tmp/ccwaw90K.ltrans0.ltrans.o
 .text.RestoreBufferList
                0x000000000000bad8       0x38 /tmp/ccwaw90K.ltrans0.ltrans.o
                0x000000000000bad8                RestoreBufferList
 .text.memcpy   0x000000000000bb10       0x20 /tmp/ccwaw90K.ltrans0.ltrans.o
                0x000000000000bb10                memcpy
 .text._ModuleEntryPoint
                0x000000000000bb30     0x1d28 /tmp/ccwaw90K.ltrans0.ltrans.o
                0x000000000000bb30                _ModuleEntryPoint
 .text.ShellCommandGetManFileNameDriver1
                0x000000000000d858        0xc /tmp/ccwaw90K.ltrans1.ltrans.o
                0x000000000000d858                ShellCommandGetManFileNameDriver1
 .text.ShellCommandGetManFileNameLevel3
                0x000000000000d864        0xc /tmp/ccwaw90K.ltrans1.ltrans.o
                0x000000000000d864                ShellCommandGetManFileNameLevel3
 .text.ShellCommandGetManFileNameLevel1
                0x000000000000d870        0xc /tmp/ccwaw90K.ltrans1.ltrans.o
                0x000000000000d870                ShellCommandGetManFileNameLevel1
 .text.ShellLevel3CommandsLibSetAlias
                0x000000000000d87c       0xc4 /tmp/ccwaw90K.ltrans1.ltrans.o
 .text.GetDriverImageName
                0x000000000000d940       0x78 /tmp/ccwaw90K.ltrans1.ltrans.o
 .text.ShellCommandRunDrivers
                0x000000000000d9b8      0x800 /tmp/ccwaw90K.ltrans1.ltrans.o
                0x000000000000d9b8                ShellCommandRunDrivers
 .text.unlikely.ReturnUintn
                0x000000000000e1b8       0x2c /tmp/ccwaw90K.ltrans1.ltrans.o
 .text.ShellCommandRunVer
                0x000000000000e1e4      0x2b0 /tmp/ccwaw90K.ltrans1.ltrans.o
                0x000000000000e1e4                ShellCommandRunVer
 .text.ShellCommandRunGetMtc
                0x000000000000e494      0x158 /tmp/ccwaw90K.ltrans1.ltrans.o
                0x000000000000e494                ShellCommandRunGetMtc
 .text.ShellCommandRunStall
                0x000000000000e5ec      0x19c /tmp/ccwaw90K.ltrans1.ltrans.o
                0x000000000000e5ec                ShellCommandRunStall
 .text.ShellCommandRunOpenInfo
                0x000000000000e788      0x360 /tmp/ccwaw90K.ltrans1.ltrans.o
                0x000000000000e788                ShellCommandRunOpenInfo
 .text.ShellCommandRunEcho
                0x000000000000eae8      0x1bc /tmp/ccwaw90K.ltrans1.ltrans.o
                0x000000000000eae8                ShellCommandRunEcho
 .text.GetProtocolInfoString
                0x000000000000eca4      0x284 /tmp/ccwaw90K.ltrans1.ltrans.o
 .text.GetDriverName
                0x000000000000ef28       0xf4 /tmp/ccwaw90K.ltrans1.ltrans.o
 .text.DoDhByHandle
                0x000000000000f01c      0xa98 /tmp/ccwaw90K.ltrans1.ltrans.o
 .text.DoDhByProtocolGuid
                0x000000000000fab4      0x100 /tmp/ccwaw90K.ltrans1.ltrans.o
 .text.ConvertStrToGuid
                0x000000000000fbb4      0x1ac /tmp/ccwaw90K.ltrans1.ltrans.o
 .text.ShellCommandRunDh
                0x000000000000fd60      0x57c /tmp/ccwaw90K.ltrans1.ltrans.o
                0x000000000000fd60                ShellCommandRunDh
 .text.ShellCommandRunDrvDiag
                0x00000000000102dc      0x938 /tmp/ccwaw90K.ltrans1.ltrans.o
                0x00000000000102dc                ShellCommandRunDrvDiag
 .text.ShellCommandRunUnload
                0x0000000000010c14      0x2e4 /tmp/ccwaw90K.ltrans1.ltrans.o
                0x0000000000010c14                ShellCommandRunUnload
 .text.ShellCommandRunDevices
                0x0000000000010ef8      0x4cc /tmp/ccwaw90K.ltrans1.ltrans.o
                0x0000000000010ef8                ShellCommandRunDevices
 .text.ShellConnectFromDevPaths
                0x00000000000113c4      0x388 /tmp/ccwaw90K.ltrans1.ltrans.o
 .text.ShellCommandRunDisconnect
                0x000000000001174c      0x438 /tmp/ccwaw90K.ltrans1.ltrans.o
                0x000000000001174c                ShellCommandRunDisconnect
 .text.ShellCommandRunConnect
                0x0000000000011b84      0x5bc /tmp/ccwaw90K.ltrans1.ltrans.o
                0x0000000000011b84                ShellCommandRunConnect
 .text.ShellCommandRunReconnect
                0x0000000000012140      0x12c /tmp/ccwaw90K.ltrans1.ltrans.o
                0x0000000000012140                ShellCommandRunReconnect
 .text.InternalIsAliasOnList
                0x000000000001226c       0x70 /tmp/ccwaw90K.ltrans1.ltrans.o
 .text.ShellCommandRunAttrib
                0x00000000000122dc      0x58c /tmp/ccwaw90K.ltrans1.ltrans.o
                0x00000000000122dc                ShellCommandRunAttrib
 .text.TestNodeForMove
                0x0000000000012868      0x16c /tmp/ccwaw90K.ltrans1.ltrans.o
 .text.MoveToTag
                0x00000000000129d4      0x164 /tmp/ccwaw90K.ltrans1.ltrans.o
 .text.DoTouchByHandle
                0x0000000000012b38      0x280 /tmp/ccwaw90K.ltrans1.ltrans.o
 .text.ShellCommandRunTouch
                0x0000000000012db8      0x298 /tmp/ccwaw90K.ltrans1.ltrans.o
                0x0000000000012db8                ShellCommandRunTouch
 .text.ShellCommandRunType
                0x0000000000013050      0x508 /tmp/ccwaw90K.ltrans1.ltrans.o
                0x0000000000013050                ShellCommandRunType
 .text.ShellCommandRunCls
                0x0000000000013558      0x390 /tmp/ccwaw90K.ltrans1.ltrans.o
                0x0000000000013558                ShellCommandRunCls
 .text.unlikely.ShellIsValidForNumber
                0x00000000000138e8       0x8c /tmp/ccwaw90K.ltrans1.ltrans.o
 .text.IsNextFragment
                0x0000000000013974       0xd8 /tmp/ccwaw90K.ltrans1.ltrans.o
 .text.LexicalInsertIntoList
                0x0000000000013a4c      0x120 /tmp/ccwaw90K.ltrans1.ltrans.o
 .text.ShellCommandRunHelp
                0x0000000000013b6c      0x744 /tmp/ccwaw90K.ltrans1.ltrans.o
                0x0000000000013b6c                ShellCommandRunHelp
 .text.ShellCommandRunVol
                0x00000000000142b0      0x6e8 /tmp/ccwaw90K.ltrans1.ltrans.o
                0x00000000000142b0                ShellCommandRunVol
 .text.ShellCommandRunExit
                0x0000000000014998      0x178 /tmp/ccwaw90K.ltrans1.ltrans.o
                0x0000000000014998                ShellCommandRunExit
 .text.ShellCommandRunPause
                0x0000000000014b10      0x1c4 /tmp/ccwaw90K.ltrans1.ltrans.o
                0x0000000000014b10                ShellCommandRunPause
 .text.PrintSingleShellAlias
                0x0000000000014cd4       0xbc /tmp/ccwaw90K.ltrans1.ltrans.o
 .text.ShellCommandRunAlias
                0x0000000000014d90      0x310 /tmp/ccwaw90K.ltrans1.ltrans.o
                0x0000000000014d90                ShellCommandRunAlias
 .text.ShellCommandRunShift
                0x00000000000150a0       0xf4 /tmp/ccwaw90K.ltrans1.ltrans.o
                0x00000000000150a0                ShellCommandRunShift
 .text.ShellCommandRunEndFor
                0x0000000000015194      0x128 /tmp/ccwaw90K.ltrans1.ltrans.o
                0x0000000000015194                ShellCommandRunEndFor
 .text.PerformResultOperation.part.1
                0x00000000000152bc      0x198 /tmp/ccwaw90K.ltrans1.ltrans.o
 .text.ShellCommandRunEndIf
                0x0000000000015454      0x130 /tmp/ccwaw90K.ltrans1.ltrans.o
                0x0000000000015454                ShellCommandRunEndIf
 .text.ShellCommandRunElse
                0x0000000000015584      0x1d8 /tmp/ccwaw90K.ltrans1.ltrans.o
                0x0000000000015584                ShellCommandRunElse
 .text.ShellCommandRunGoto
                0x000000000001575c      0x22c /tmp/ccwaw90K.ltrans1.ltrans.o
                0x000000000001575c                ShellCommandRunGoto
 .text.InternalRemoveAliasFromList
                0x0000000000015988       0x90 /tmp/ccwaw90K.ltrans1.ltrans.o
 .text.InternalUpdateAliasOnList
                0x0000000000015a18       0xec /tmp/ccwaw90K.ltrans1.ltrans.o
 .text.ShellCommandRunFor
                0x0000000000015b04      0xb24 /tmp/ccwaw90K.ltrans1.ltrans.o
                0x0000000000015b04                ShellCommandRunFor
 .text.ShellCommandRunIf
                0x0000000000016628     0x1460 /tmp/ccwaw90K.ltrans1.ltrans.o
                0x0000000000016628                ShellCommandRunIf
 .text.ShellCommandRunMv
                0x0000000000017a88      0x3b8 /tmp/ccwaw90K.ltrans1.ltrans.o
                0x0000000000017a88                ShellCommandRunMv
 .text.DoDevTreeForHandle
                0x0000000000017e40      0x1d8 /tmp/ccwaw90K.ltrans1.ltrans.o
                0x0000000000017e40                DoDevTreeForHandle
 .text.FileHandleFlush
                0x0000000000018018       0x18 /tmp/ccwaw90K.ltrans2.ltrans.o
                0x0000000000018018                FileHandleFlush
 .text.FileHandleGetPosition
                0x0000000000018030       0x20 /tmp/ccwaw90K.ltrans2.ltrans.o
                0x0000000000018030                FileHandleGetPosition
 .text.FileHandleSetPosition
                0x0000000000018050       0x18 /tmp/ccwaw90K.ltrans2.ltrans.o
                0x0000000000018050                FileHandleSetPosition
 .text.FileHandleDelete
                0x0000000000018068       0x18 /tmp/ccwaw90K.ltrans2.ltrans.o
                0x0000000000018068                FileHandleDelete
 .text.FileHandleClose
                0x0000000000018080       0x18 /tmp/ccwaw90K.ltrans2.ltrans.o
                0x0000000000018080                FileHandleClose
 .text.FileHandleWrite
                0x0000000000018098       0x18 /tmp/ccwaw90K.ltrans2.ltrans.o
                0x0000000000018098                FileHandleWrite
 .text.FileHandleRead
                0x00000000000180b0       0x18 /tmp/ccwaw90K.ltrans2.ltrans.o
                0x00000000000180b0                FileHandleRead
 .text.FileHandleSetInfo
                0x00000000000180c8       0x30 /tmp/ccwaw90K.ltrans2.ltrans.o
                0x00000000000180c8                FileHandleSetInfo
 .text.StrToAscii
                0x00000000000180f8       0x2c /tmp/ccwaw90K.ltrans2.ltrans.o
 .text.IsHexStr
                0x0000000000018124       0x38 /tmp/ccwaw90K.ltrans2.ltrans.o
 .text.SplitStr
                0x000000000001815c       0x48 /tmp/ccwaw90K.ltrans2.ltrans.o
 .text.GetNextParamStr
                0x00000000000181a4        0x8 /tmp/ccwaw90K.ltrans2.ltrans.o
 .text.MultU64x32
                0x00000000000181ac        0xc /tmp/ccwaw90K.ltrans2.ltrans.o
 .text.StrDecimalToUint64
                0x00000000000181b8       0xb4 /tmp/ccwaw90K.ltrans2.ltrans.o
 .text.StrHexToUintn
                0x000000000001826c       0x20 /tmp/ccwaw90K.ltrans2.ltrans.o
 .text.EisaIdFromText
                0x000000000001828c       0x44 /tmp/ccwaw90K.ltrans2.ltrans.o
 .text.StrDecimalToUintn
                0x00000000000182d0       0x20 /tmp/ccwaw90K.ltrans2.ltrans.o
 .text.Strtoi   0x00000000000182f0       0x2c /tmp/ccwaw90K.ltrans2.ltrans.o
 .text.InternalShellGetNodeFromGuid
                0x000000000001831c       0xcc /tmp/ccwaw90K.ltrans2.ltrans.o
                0x000000000001831c                InternalShellGetNodeFromGuid
 .text.GetProtocolInformationDump
                0x00000000000183e8       0x60 /tmp/ccwaw90K.ltrans2.ltrans.o
                0x00000000000183e8                GetProtocolInformationDump
 .text.ShellCommandLineGetCount
                0x0000000000018448       0x70 /tmp/ccwaw90K.ltrans2.ltrans.o
                0x0000000000018448                ShellCommandLineGetCount
 .text.ShellCommandLineGetRawValue
                0x00000000000184b8       0x74 /tmp/ccwaw90K.ltrans2.ltrans.o
                0x00000000000184b8                ShellCommandLineGetRawValue
 .text.ShellGetCurrentDir
                0x000000000001852c       0x30 /tmp/ccwaw90K.ltrans2.ltrans.o
                0x000000000001852c                ShellGetCurrentDir
 .text.ShellGetEnvironmentVariable
                0x000000000001855c       0x28 /tmp/ccwaw90K.ltrans2.ltrans.o
                0x000000000001855c                ShellGetEnvironmentVariable
 .text.ShellGetExecutionBreakFlag
                0x0000000000018584       0x54 /tmp/ccwaw90K.ltrans2.ltrans.o
                0x0000000000018584                ShellGetExecutionBreakFlag
 .text.ShellGetFileSize
                0x00000000000185d8        0xc /tmp/ccwaw90K.ltrans2.ltrans.o
                0x00000000000185d8                ShellGetFileSize
 .text.ShellDeleteFile
                0x00000000000185e4       0x10 /tmp/ccwaw90K.ltrans2.ltrans.o
                0x00000000000185e4                ShellDeleteFile
 .text.ShellCloseFile
                0x00000000000185f4       0x10 /tmp/ccwaw90K.ltrans2.ltrans.o
                0x00000000000185f4                ShellCloseFile
 .text.ShellWriteFile
                0x0000000000018604        0xc /tmp/ccwaw90K.ltrans2.ltrans.o
                0x0000000000018604                ShellWriteFile
 .text.ShellReadFile
                0x0000000000018610        0xc /tmp/ccwaw90K.ltrans2.ltrans.o
                0x0000000000018610                ShellReadFile
 .text.ShellGetFileInfo
                0x000000000001861c        0xc /tmp/ccwaw90K.ltrans2.ltrans.o
                0x000000000001861c                ShellGetFileInfo
 .text.ShellInitialize
                0x0000000000018628       0x28 /tmp/ccwaw90K.ltrans2.ltrans.o
                0x0000000000018628                ShellInitialize
 .text.ShellIsHexaDecimalDigitCharacter
                0x0000000000018650       0x3c /tmp/ccwaw90K.ltrans2.ltrans.o
                0x0000000000018650                ShellIsHexaDecimalDigitCharacter
 .text.InternalShellIsHexOrDecimalNumber
                0x000000000001868c      0x124 /tmp/ccwaw90K.ltrans2.ltrans.o
 .text.InternalIsFlag
                0x00000000000187b0       0x70 /tmp/ccwaw90K.ltrans2.ltrans.o
                0x00000000000187b0                InternalIsFlag
 .text.HiiRemovePackages
                0x0000000000018820       0x18 /tmp/ccwaw90K.ltrans2.ltrans.o
                0x0000000000018820                HiiRemovePackages
 .text.StringNoCaseCompare
                0x0000000000018838       0x64 /tmp/ccwaw90K.ltrans2.ltrans.o
                0x0000000000018838                StringNoCaseCompare
 .text.QuickSortWorker
                0x000000000001889c      0x144 /tmp/ccwaw90K.ltrans2.ltrans.o
                0x000000000001889c                QuickSortWorker
 .text.EfiGetSystemConfigurationTable
                0x00000000000189e0       0x94 /tmp/ccwaw90K.ltrans2.ltrans.o
                0x00000000000189e0                EfiGetSystemConfigurationTable
 .text.DevicePathFromHandle
                0x0000000000018a74       0x38 /tmp/ccwaw90K.ltrans2.ltrans.o
                0x0000000000018a74                DevicePathFromHandle
 .text.SetDevicePathEndNode
                0x0000000000018aac       0x10 /tmp/ccwaw90K.ltrans2.ltrans.o
                0x0000000000018aac                SetDevicePathEndNode
 .text.IsDevicePathEnd
                0x0000000000018abc       0x24 /tmp/ccwaw90K.ltrans2.ltrans.o
                0x0000000000018abc                IsDevicePathEnd
 .text.NextDevicePathNode
                0x0000000000018ae0       0x28 /tmp/ccwaw90K.ltrans2.ltrans.o
                0x0000000000018ae0                NextDevicePathNode
 .text.UefiDevicePathLibGetDevicePathSize
                0x0000000000018b08       0x70 /tmp/ccwaw90K.ltrans2.ltrans.o
                0x0000000000018b08                UefiDevicePathLibGetDevicePathSize
 .text.FreePool
                0x0000000000018b78       0x10 /tmp/ccwaw90K.ltrans2.ltrans.o
                0x0000000000018b78                FreePool
 .text.GetStringNameFromHandle
                0x0000000000018b88      0x114 /tmp/ccwaw90K.ltrans2.ltrans.o
                0x0000000000018b88                GetStringNameFromHandle
 .text.ShellCommandLineFreeVarList
                0x0000000000018c9c       0x70 /tmp/ccwaw90K.ltrans2.ltrans.o
                0x0000000000018c9c                ShellCommandLineFreeVarList
 .text.ShellCloseFileMetaArg
                0x0000000000018d0c       0xb8 /tmp/ccwaw90K.ltrans2.ltrans.o
                0x0000000000018d0c                ShellCloseFileMetaArg
 .text.FileHandleFindNextFile.part.1
                0x0000000000018dc4       0x54 /tmp/ccwaw90K.ltrans2.ltrans.o
                0x0000000000018dc4                FileHandleFindNextFile.part.1
 .text.ReallocatePool
                0x0000000000018e18       0x6c /tmp/ccwaw90K.ltrans2.ltrans.o
                0x0000000000018e18                ReallocatePool
 .text.AllocateCopyPool
                0x0000000000018e84       0x3c /tmp/ccwaw90K.ltrans2.ltrans.o
                0x0000000000018e84                AllocateCopyPool
 .text.UefiDevicePathLibDuplicateDevicePath
                0x0000000000018ec0       0x34 /tmp/ccwaw90K.ltrans2.ltrans.o
                0x0000000000018ec0                UefiDevicePathLibDuplicateDevicePath
 .text.AllocateZeroPool
                0x0000000000018ef4       0x34 /tmp/ccwaw90K.ltrans2.ltrans.o
                0x0000000000018ef4                AllocateZeroPool
 .text.ConvertHandleToHandleIndex
                0x0000000000018f28      0x118 /tmp/ccwaw90K.ltrans2.ltrans.o
                0x0000000000018f28                ConvertHandleToHandleIndex
 .text.FileHandleGetInfo
                0x0000000000019040       0xa0 /tmp/ccwaw90K.ltrans2.ltrans.o
                0x0000000000019040                FileHandleGetInfo
 .text.FileHandleGetSize
                0x00000000000190e0       0x54 /tmp/ccwaw90K.ltrans2.ltrans.o
                0x00000000000190e0                FileHandleGetSize
 .text.FileHandleIsDirectory
                0x0000000000019134       0x50 /tmp/ccwaw90K.ltrans2.ltrans.o
                0x0000000000019134                FileHandleIsDirectory
 .text.HiiGetSupportedLanguages
                0x0000000000019184       0x98 /tmp/ccwaw90K.ltrans2.ltrans.o
                0x0000000000019184                HiiGetSupportedLanguages
 .text.HiiAddPackages
                0x000000000001921c      0x194 /tmp/ccwaw90K.ltrans2.ltrans.o
                0x000000000001921c                HiiAddPackages
 .text.HandleParsingHiiInit
                0x00000000000193b0       0x48 /tmp/ccwaw90K.ltrans2.ltrans.o
                0x00000000000193b0                HandleParsingHiiInit
 .text.UefiDevicePathLibCreateDeviceNode
                0x00000000000193f8       0x64 /tmp/ccwaw90K.ltrans2.ltrans.o
                0x00000000000193f8                UefiDevicePathLibCreateDeviceNode
 .text.DevPathFromTextSata
                0x000000000001945c       0x98 /tmp/ccwaw90K.ltrans2.ltrans.o
                0x000000000001945c                DevPathFromTextSata
 .text.DevPathFromTextFvFile
                0x00000000000194f4       0x50 /tmp/ccwaw90K.ltrans2.ltrans.o
                0x00000000000194f4                DevPathFromTextFvFile
 .text.DevPathFromTextFv
                0x0000000000019544       0x50 /tmp/ccwaw90K.ltrans2.ltrans.o
                0x0000000000019544                DevPathFromTextFv
 .text.DevPathFromTextMedia
                0x0000000000019594       0x50 /tmp/ccwaw90K.ltrans2.ltrans.o
                0x0000000000019594                DevPathFromTextMedia
 .text.DevPathFromTextUri
                0x00000000000195e4       0x64 /tmp/ccwaw90K.ltrans2.ltrans.o
                0x00000000000195e4                DevPathFromTextUri
 .text.DevPathFromTextBluetoothLE
                0x0000000000019648       0x78 /tmp/ccwaw90K.ltrans2.ltrans.o
                0x0000000000019648                DevPathFromTextBluetoothLE
 .text.DevPathFromTextBluetooth
                0x00000000000196c0       0x58 /tmp/ccwaw90K.ltrans2.ltrans.o
                0x00000000000196c0                DevPathFromTextBluetooth
 .text.DevPathFromTextVlan
                0x0000000000019718       0x50 /tmp/ccwaw90K.ltrans2.ltrans.o
                0x0000000000019718                DevPathFromTextVlan
 .text.DevPathFromTextUnit
                0x0000000000019768       0x50 /tmp/ccwaw90K.ltrans2.ltrans.o
                0x0000000000019768                DevPathFromTextUnit
 .text.ConvertFromTextUsbClass
                0x00000000000197b8      0x124 /tmp/ccwaw90K.ltrans2.ltrans.o
 .text.DevPathFromTextUsbTestAndMeasurement
                0x00000000000198dc       0x24 /tmp/ccwaw90K.ltrans2.ltrans.o
                0x00000000000198dc                DevPathFromTextUsbTestAndMeasurement
 .text.DevPathFromTextUsbIrdaBridge
                0x0000000000019900       0x24 /tmp/ccwaw90K.ltrans2.ltrans.o
                0x0000000000019900                DevPathFromTextUsbIrdaBridge
 .text.DevPathFromTextUsbDeviceFirmwareUpdate
                0x0000000000019924       0x24 /tmp/ccwaw90K.ltrans2.ltrans.o
                0x0000000000019924                DevPathFromTextUsbDeviceFirmwareUpdate
 .text.DevPathFromTextUsbWireless
                0x0000000000019948       0x28 /tmp/ccwaw90K.ltrans2.ltrans.o
                0x0000000000019948                DevPathFromTextUsbWireless
 .text.DevPathFromTextUsbDiagnostic
                0x0000000000019970       0x28 /tmp/ccwaw90K.ltrans2.ltrans.o
                0x0000000000019970                DevPathFromTextUsbDiagnostic
 .text.DevPathFromTextUsbVideo
                0x0000000000019998       0x28 /tmp/ccwaw90K.ltrans2.ltrans.o
                0x0000000000019998                DevPathFromTextUsbVideo
 .text.DevPathFromTextUsbSmartCard
                0x00000000000199c0       0x28 /tmp/ccwaw90K.ltrans2.ltrans.o
                0x00000000000199c0                DevPathFromTextUsbSmartCard
 .text.DevPathFromTextUsbCDCData
                0x00000000000199e8       0x28 /tmp/ccwaw90K.ltrans2.ltrans.o
                0x00000000000199e8                DevPathFromTextUsbCDCData
 .text.DevPathFromTextUsbHub
                0x0000000000019a10       0x28 /tmp/ccwaw90K.ltrans2.ltrans.o
                0x0000000000019a10                DevPathFromTextUsbHub
 .text.DevPathFromTextUsbMassStorage
                0x0000000000019a38       0x28 /tmp/ccwaw90K.ltrans2.ltrans.o
                0x0000000000019a38                DevPathFromTextUsbMassStorage
 .text.DevPathFromTextUsbPrinter
                0x0000000000019a60       0x28 /tmp/ccwaw90K.ltrans2.ltrans.o
                0x0000000000019a60                DevPathFromTextUsbPrinter
 .text.DevPathFromTextUsbImage
                0x0000000000019a88       0x28 /tmp/ccwaw90K.ltrans2.ltrans.o
                0x0000000000019a88                DevPathFromTextUsbImage
 .text.DevPathFromTextUsbHID
                0x0000000000019ab0       0x28 /tmp/ccwaw90K.ltrans2.ltrans.o
                0x0000000000019ab0                DevPathFromTextUsbHID
 .text.DevPathFromTextUsbCDCControl
                0x0000000000019ad8       0x28 /tmp/ccwaw90K.ltrans2.ltrans.o
                0x0000000000019ad8                DevPathFromTextUsbCDCControl
 .text.DevPathFromTextUsbAudio
                0x0000000000019b00       0x28 /tmp/ccwaw90K.ltrans2.ltrans.o
                0x0000000000019b00                DevPathFromTextUsbAudio
 .text.DevPathFromTextUsbClass
                0x0000000000019b28       0x24 /tmp/ccwaw90K.ltrans2.ltrans.o
                0x0000000000019b28                DevPathFromTextUsbClass
 .text.DevPathFromTextMAC
                0x0000000000019b4c       0x88 /tmp/ccwaw90K.ltrans2.ltrans.o
                0x0000000000019b4c                DevPathFromTextMAC
 .text.DevPathFromTextDebugPort
                0x0000000000019bd4       0x40 /tmp/ccwaw90K.ltrans2.ltrans.o
                0x0000000000019bd4                DevPathFromTextDebugPort
 .text.DevPathFromTextEmmc
                0x0000000000019c14       0x50 /tmp/ccwaw90K.ltrans2.ltrans.o
                0x0000000000019c14                DevPathFromTextEmmc
 .text.DevPathFromTextSd
                0x0000000000019c64       0x50 /tmp/ccwaw90K.ltrans2.ltrans.o
                0x0000000000019c64                DevPathFromTextSd
 .text.DevPathFromTextUfs
                0x0000000000019cb4       0x70 /tmp/ccwaw90K.ltrans2.ltrans.o
                0x0000000000019cb4                DevPathFromTextUfs
 .text.DevPathFromTextNVMe
                0x0000000000019d24       0x94 /tmp/ccwaw90K.ltrans2.ltrans.o
                0x0000000000019d24                DevPathFromTextNVMe
 .text.DevPathFromTextVenUtf8
                0x0000000000019db8       0x40 /tmp/ccwaw90K.ltrans2.ltrans.o
                0x0000000000019db8                DevPathFromTextVenUtf8
 .text.DevPathFromTextVenVt100Plus
                0x0000000000019df8       0x40 /tmp/ccwaw90K.ltrans2.ltrans.o
                0x0000000000019df8                DevPathFromTextVenVt100Plus
 .text.DevPathFromTextVenVt100
                0x0000000000019e38       0x40 /tmp/ccwaw90K.ltrans2.ltrans.o
                0x0000000000019e38                DevPathFromTextVenVt100
 .text.DevPathFromTextVenPcAnsi
                0x0000000000019e78       0x40 /tmp/ccwaw90K.ltrans2.ltrans.o
                0x0000000000019e78                DevPathFromTextVenPcAnsi
 .text.DevPathFromTextI2O
                0x0000000000019eb8       0x50 /tmp/ccwaw90K.ltrans2.ltrans.o
                0x0000000000019eb8                DevPathFromTextI2O
 .text.DevPathFromTextUsb
                0x0000000000019f08       0x70 /tmp/ccwaw90K.ltrans2.ltrans.o
                0x0000000000019f08                DevPathFromTextUsb
 .text.DevPathFromTextScsi
                0x0000000000019f78       0x70 /tmp/ccwaw90K.ltrans2.ltrans.o
                0x0000000000019f78                DevPathFromTextScsi
 .text.DevPathFromTextAcpiAdr
                0x0000000000019fe8       0xa8 /tmp/ccwaw90K.ltrans2.ltrans.o
                0x0000000000019fe8                DevPathFromTextAcpiAdr
 .text.ConvertFromTextAcpi
                0x000000000001a090       0x68 /tmp/ccwaw90K.ltrans2.ltrans.o
 .text.DevPathFromTextParallelPort
                0x000000000001a0f8        0x8 /tmp/ccwaw90K.ltrans2.ltrans.o
                0x000000000001a0f8                DevPathFromTextParallelPort
 .text.DevPathFromTextSerial
                0x000000000001a100        0x8 /tmp/ccwaw90K.ltrans2.ltrans.o
                0x000000000001a100                DevPathFromTextSerial
 .text.DevPathFromTextKeyboard
                0x000000000001a108        0x8 /tmp/ccwaw90K.ltrans2.ltrans.o
                0x000000000001a108                DevPathFromTextKeyboard
 .text.DevPathFromTextFloppy
                0x000000000001a110        0x8 /tmp/ccwaw90K.ltrans2.ltrans.o
                0x000000000001a110                DevPathFromTextFloppy
 .text.DevPathFromTextPcieRoot
                0x000000000001a118        0x8 /tmp/ccwaw90K.ltrans2.ltrans.o
                0x000000000001a118                DevPathFromTextPcieRoot
 .text.DevPathFromTextPciRoot
                0x000000000001a120        0x8 /tmp/ccwaw90K.ltrans2.ltrans.o
                0x000000000001a120                DevPathFromTextPciRoot
 .text.DevPathFromTextAcpi
                0x000000000001a128       0x70 /tmp/ccwaw90K.ltrans2.ltrans.o
                0x000000000001a128                DevPathFromTextAcpi
 .text.DevPathFromTextCtrl
                0x000000000001a198       0x50 /tmp/ccwaw90K.ltrans2.ltrans.o
                0x000000000001a198                DevPathFromTextCtrl
 .text.DevPathFromTextPcCard
                0x000000000001a1e8       0x50 /tmp/ccwaw90K.ltrans2.ltrans.o
                0x000000000001a1e8                DevPathFromTextPcCard
 .text.DevPathFromTextPci
                0x000000000001a238       0x70 /tmp/ccwaw90K.ltrans2.ltrans.o
                0x000000000001a238                DevPathFromTextPci
 .text.AllocatePool
                0x000000000001a2a8        0x4 /tmp/ccwaw90K.ltrans2.ltrans.o
                0x000000000001a2a8                AllocatePool
 .text.GetVariable2
                0x000000000001a2ac       0xe0 /tmp/ccwaw90K.ltrans2.ltrans.o
                0x000000000001a2ac                GetVariable2
 .text.UefiDevicePathLibAppendDevicePath
                0x000000000001a38c       0xc4 /tmp/ccwaw90K.ltrans2.ltrans.o
                0x000000000001a38c                UefiDevicePathLibAppendDevicePath
 .text.UefiDevicePathLibAppendDevicePathNode
                0x000000000001a450       0x9c /tmp/ccwaw90K.ltrans2.ltrans.o
                0x000000000001a450                UefiDevicePathLibAppendDevicePathNode
 .text.TimerConstructor
                0x000000000001a4ec       0x18 /tmp/ccwaw90K.ltrans2.ltrans.o
                0x000000000001a4ec                TimerConstructor
 .text.DebugCodeEnabled
                0x000000000001a504        0x8 /tmp/ccwaw90K.ltrans2.ltrans.o
                0x000000000001a504                DebugCodeEnabled
 .text.BaseDebugLibSerialPortConstructor
                0x000000000001a50c       0x18 /tmp/ccwaw90K.ltrans2.ltrans.o
                0x000000000001a50c                BaseDebugLibSerialPortConstructor
 .text.BasePrintLibValueToString
                0x000000000001a524       0x2c /tmp/ccwaw90K.ltrans2.ltrans.o
                0x000000000001a524                BasePrintLibValueToString
 .text.BasePrintLibFillBuffer
                0x000000000001a550       0x34 /tmp/ccwaw90K.ltrans2.ltrans.o
                0x000000000001a550                BasePrintLibFillBuffer
 .text.SPrintLength
                0x000000000001a584       0x40 /tmp/ccwaw90K.ltrans2.ltrans.o
                0x000000000001a584                SPrintLength
 .text.AsciiSPrint
                0x000000000001a5c4       0x60 /tmp/ccwaw90K.ltrans2.ltrans.o
                0x000000000001a5c4                AsciiSPrint
 .text.UnicodeVSPrint
                0x000000000001a624       0x54 /tmp/ccwaw90K.ltrans2.ltrans.o
                0x000000000001a624                UnicodeVSPrint
 .text.UefiDevicePathLibCatPrint
                0x000000000001a678      0x128 /tmp/ccwaw90K.ltrans2.ltrans.o
 .text.UefiDevicePathLibConvertDevicePathToText
                0x000000000001a7a0      0x134 /tmp/ccwaw90K.ltrans2.ltrans.o
                0x000000000001a7a0                UefiDevicePathLibConvertDevicePathToText
 .text.DevicePathCompare
                0x000000000001a8d4       0xe0 /tmp/ccwaw90K.ltrans2.ltrans.o
                0x000000000001a8d4                DevicePathCompare
 .text.DevPathToTextNodeGeneric
                0x000000000001a9b4       0xf0 /tmp/ccwaw90K.ltrans2.ltrans.o
 .text.DevPathToTextEndInstance
                0x000000000001aaa4        0xc /tmp/ccwaw90K.ltrans2.ltrans.o
 .text.DevPathToTextBBS
                0x000000000001aab0       0xec /tmp/ccwaw90K.ltrans2.ltrans.o
 .text.DevPathRelativeOffsetRange
                0x000000000001ab9c       0x10 /tmp/ccwaw90K.ltrans2.ltrans.o
 .text.DevPathToTextFvFile
                0x000000000001abac       0x10 /tmp/ccwaw90K.ltrans2.ltrans.o
 .text.DevPathToTextFv
                0x000000000001abbc       0x10 /tmp/ccwaw90K.ltrans2.ltrans.o
 .text.DevPathToTextMediaProtocol
                0x000000000001abcc       0x10 /tmp/ccwaw90K.ltrans2.ltrans.o
 .text.DevPathToTextFilePath
                0x000000000001abdc       0x10 /tmp/ccwaw90K.ltrans2.ltrans.o
 .text.DevPathToTextCDROM
                0x000000000001abec       0x30 /tmp/ccwaw90K.ltrans2.ltrans.o
 .text.DevPathToTextHardDrive
                0x000000000001ac1c       0x8c /tmp/ccwaw90K.ltrans2.ltrans.o
 .text.DevPathToTextUri
                0x000000000001aca8       0x6c /tmp/ccwaw90K.ltrans2.ltrans.o
 .text.DevPathToTextBluetoothLE
                0x000000000001ad14       0x44 /tmp/ccwaw90K.ltrans2.ltrans.o
 .text.DevPathToTextWiFi
                0x000000000001ad58       0x44 /tmp/ccwaw90K.ltrans2.ltrans.o
 .text.DevPathToTextBluetooth
                0x000000000001ad9c       0x24 /tmp/ccwaw90K.ltrans2.ltrans.o
 .text.DevPathToTextVlan
                0x000000000001adc0       0x10 /tmp/ccwaw90K.ltrans2.ltrans.o
 .text.DevPathToTextiSCSI
                0x000000000001add0      0x110 /tmp/ccwaw90K.ltrans2.ltrans.o
 .text.DevPathToTextUart
                0x000000000001aee0      0x118 /tmp/ccwaw90K.ltrans2.ltrans.o
 .text.DevPathToTextInfiniBand
                0x000000000001aff8       0x1c /tmp/ccwaw90K.ltrans2.ltrans.o
 .text.CatIPv6Address
                0x000000000001b014       0x8c /tmp/ccwaw90K.ltrans2.ltrans.o
 .text.CatIPv4Address
                0x000000000001b0a0       0x1c /tmp/ccwaw90K.ltrans2.ltrans.o
 .text.DevPathToTextDns
                0x000000000001b0bc       0xc4 /tmp/ccwaw90K.ltrans2.ltrans.o
 .text.CatNetworkProtocol
                0x000000000001b180       0x38 /tmp/ccwaw90K.ltrans2.ltrans.o
 .text.DevPathToTextIPv6
                0x000000000001b1b8       0xec /tmp/ccwaw90K.ltrans2.ltrans.o
 .text.DevPathToTextIPv4
                0x000000000001b2a4       0xf4 /tmp/ccwaw90K.ltrans2.ltrans.o
 .text.DevPathToTextMacAddr
                0x000000000001b398       0x8c /tmp/ccwaw90K.ltrans2.ltrans.o
 .text.DevPathToTextI2O
                0x000000000001b424       0x10 /tmp/ccwaw90K.ltrans2.ltrans.o
 .text.DevPathToTextSata
                0x000000000001b434       0x18 /tmp/ccwaw90K.ltrans2.ltrans.o
 .text.DevPathToTextUsbClass
                0x000000000001b44c      0x1bc /tmp/ccwaw90K.ltrans2.ltrans.o
 .text.DevPathToTextLogicalUnit
                0x000000000001b608       0x10 /tmp/ccwaw90K.ltrans2.ltrans.o
 .text.DevPathToTextUsbWWID
                0x000000000001b618       0x8c /tmp/ccwaw90K.ltrans2.ltrans.o
 .text.DevPathToTextUsb
                0x000000000001b6a4       0x14 /tmp/ccwaw90K.ltrans2.ltrans.o
 .text.DevPathToText1394
                0x000000000001b6b8       0x10 /tmp/ccwaw90K.ltrans2.ltrans.o
 .text.DevPathToTextEmmc
                0x000000000001b6c8       0x10 /tmp/ccwaw90K.ltrans2.ltrans.o
 .text.DevPathToTextSd
                0x000000000001b6d8       0x10 /tmp/ccwaw90K.ltrans2.ltrans.o
 .text.DevPathToTextUfs
                0x000000000001b6e8       0x14 /tmp/ccwaw90K.ltrans2.ltrans.o
 .text.DevPathToTextNVMe
                0x000000000001b6fc       0x54 /tmp/ccwaw90K.ltrans2.ltrans.o
 .text.DevPathToTextSasEx
                0x000000000001b750      0x184 /tmp/ccwaw90K.ltrans2.ltrans.o
 .text.DevPathToTextFibreEx
                0x000000000001b8d4       0xa0 /tmp/ccwaw90K.ltrans2.ltrans.o
 .text.DevPathToTextFibre
                0x000000000001b974       0x10 /tmp/ccwaw90K.ltrans2.ltrans.o
 .text.DevPathToTextScsi
                0x000000000001b984       0x14 /tmp/ccwaw90K.ltrans2.ltrans.o
 .text.DevPathToTextAtapi
                0x000000000001b998       0x60 /tmp/ccwaw90K.ltrans2.ltrans.o
 .text.DevPathToTextAcpiAdr
                0x000000000001b9f8       0x8c /tmp/ccwaw90K.ltrans2.ltrans.o
 .text.DevPathToTextAcpi
                0x000000000001ba84       0xc0 /tmp/ccwaw90K.ltrans2.ltrans.o
 .text.DevPathToTextBmc
                0x000000000001bb44       0x3c /tmp/ccwaw90K.ltrans2.ltrans.o
 .text.DevPathToTextController
                0x000000000001bb80       0x10 /tmp/ccwaw90K.ltrans2.ltrans.o
 .text.DevPathToTextVendor
                0x000000000001bb90      0x350 /tmp/ccwaw90K.ltrans2.ltrans.o
 .text.DevPathToTextMemMap
                0x000000000001bee0       0x14 /tmp/ccwaw90K.ltrans2.ltrans.o
 .text.DevPathToTextPccard
                0x000000000001bef4       0x10 /tmp/ccwaw90K.ltrans2.ltrans.o
 .text.DevPathToTextPci
                0x000000000001bf04       0x14 /tmp/ccwaw90K.ltrans2.ltrans.o
 .text.UnicodeSPrint
                0x000000000001bf18       0x50 /tmp/ccwaw90K.ltrans2.ltrans.o
                0x000000000001bf18                UnicodeSPrint
 .text.DriverEfiVersionProtocolDumpInformation
                0x000000000001bf68       0x60 /tmp/ccwaw90K.ltrans2.ltrans.o
                0x000000000001bf68                DriverEfiVersionProtocolDumpInformation
 .text.DivU64x32
                0x000000000001bfc8        0xc /tmp/ccwaw90K.ltrans2.ltrans.o
                0x000000000001bfc8                DivU64x32
 .text.LShiftU64
                0x000000000001bfd4        0x8 /tmp/ccwaw90K.ltrans2.ltrans.o
                0x000000000001bfd4                LShiftU64
 .text.DevPathToTextRamDisk
                0x000000000001bfdc      0x1a0 /tmp/ccwaw90K.ltrans2.ltrans.o
 .text.RShiftU64
                0x000000000001c17c        0x8 /tmp/ccwaw90K.ltrans2.ltrans.o
                0x000000000001c17c                RShiftU64
 .text.SwapBytes32
                0x000000000001c184       0x20 /tmp/ccwaw90K.ltrans2.ltrans.o
                0x000000000001c184                SwapBytes32
 .text.PathRemoveLastItem
                0x000000000001c1a4       0x5c /tmp/ccwaw90K.ltrans2.ltrans.o
                0x000000000001c1a4                PathRemoveLastItem
 .text.AsciiStrnCmp
                0x000000000001c200       0x40 /tmp/ccwaw90K.ltrans2.ltrans.o
                0x000000000001c200                AsciiStrnCmp
 .text.AsciiStrLen
                0x000000000001c240       0x1c /tmp/ccwaw90K.ltrans2.ltrans.o
                0x000000000001c240                AsciiStrLen
 .text.GetBestLanguage
                0x000000000001c25c      0x164 /tmp/ccwaw90K.ltrans2.ltrans.o
                0x000000000001c25c                GetBestLanguage
 .text.HiiGetString
                0x000000000001c3c0      0x158 /tmp/ccwaw90K.ltrans2.ltrans.o
                0x000000000001c3c0                HiiGetString
 .text.GetGuidFromStringName
                0x000000000001c518      0x1bc /tmp/ccwaw90K.ltrans2.ltrans.o
                0x000000000001c518                GetGuidFromStringName
 .text.GetStringNameFromGuid
                0x000000000001c6d4       0x4c /tmp/ccwaw90K.ltrans2.ltrans.o
                0x000000000001c6d4                GetStringNameFromGuid
 .text.PartitionInfoProtocolDumpInformation
                0x000000000001c720      0x128 /tmp/ccwaw90K.ltrans2.ltrans.o
                0x000000000001c720                PartitionInfoProtocolDumpInformation
 .text.FirmwareManagementDumpInformation
                0x000000000001c848      0x780 /tmp/ccwaw90K.ltrans2.ltrans.o
                0x000000000001c848                FirmwareManagementDumpInformation
 .text.AdapterInformationDumpInformation
                0x000000000001cfc8      0x508 /tmp/ccwaw90K.ltrans2.ltrans.o
                0x000000000001cfc8                AdapterInformationDumpInformation
 .text.UsbIoProtocolDumpInformation
                0x000000000001d4d0       0xb4 /tmp/ccwaw90K.ltrans2.ltrans.o
                0x000000000001d4d0                UsbIoProtocolDumpInformation
 .text.PciIoProtocolDumpInformation
                0x000000000001d584      0x178 /tmp/ccwaw90K.ltrans2.ltrans.o
                0x000000000001d584                PciIoProtocolDumpInformation
 .text.DebugSupportProtocolDumpInformation
                0x000000000001d6fc      0x108 /tmp/ccwaw90K.ltrans2.ltrans.o
                0x000000000001d6fc                DebugSupportProtocolDumpInformation
 .text.BlockIoProtocolDumpInformation
                0x000000000001d804      0x16c /tmp/ccwaw90K.ltrans2.ltrans.o
                0x000000000001d804                BlockIoProtocolDumpInformation
 .text.PciRootBridgeIoDumpInformation
                0x000000000001d970      0x2f4 /tmp/ccwaw90K.ltrans2.ltrans.o
                0x000000000001d970                PciRootBridgeIoDumpInformation
 .text.EdidActiveProtocolDumpInformation
                0x000000000001dc64      0x114 /tmp/ccwaw90K.ltrans2.ltrans.o
                0x000000000001dc64                EdidActiveProtocolDumpInformation
 .text.EdidDiscoveredProtocolDumpInformation
                0x000000000001dd78      0x114 /tmp/ccwaw90K.ltrans2.ltrans.o
                0x000000000001dd78                EdidDiscoveredProtocolDumpInformation
 .text.DevPathToTextAcpiEx
                0x000000000001de8c      0x25c /tmp/ccwaw90K.ltrans2.ltrans.o
 .text.AsciiStrSize
                0x000000000001e0e8       0x18 /tmp/ccwaw90K.ltrans2.ltrans.o
                0x000000000001e0e8                AsciiStrSize
 .text.StrHexToUint64
                0x000000000001e100       0x1c /tmp/ccwaw90K.ltrans2.ltrans.o
                0x000000000001e100                StrHexToUint64
 .text.DevPathFromText1394
                0x000000000001e11c       0x54 /tmp/ccwaw90K.ltrans2.ltrans.o
                0x000000000001e11c                DevPathFromText1394
 .text.DevPathFromTextBmc
                0x000000000001e170       0x78 /tmp/ccwaw90K.ltrans2.ltrans.o
                0x000000000001e170                DevPathFromTextBmc
 .text.Strtoi64
                0x000000000001e1e8       0x40 /tmp/ccwaw90K.ltrans2.ltrans.o
 .text.DevPathFromTextPersistentVirtualCd
                0x000000000001e228       0xb0 /tmp/ccwaw90K.ltrans2.ltrans.o
                0x000000000001e228                DevPathFromTextPersistentVirtualCd
 .text.DevPathFromTextPersistentVirtualDisk
                0x000000000001e2d8       0xb0 /tmp/ccwaw90K.ltrans2.ltrans.o
                0x000000000001e2d8                DevPathFromTextPersistentVirtualDisk
 .text.DevPathFromTextVirtualCd
                0x000000000001e388       0xb0 /tmp/ccwaw90K.ltrans2.ltrans.o
                0x000000000001e388                DevPathFromTextVirtualCd
 .text.DevPathFromTextVirtualDisk
                0x000000000001e438       0xb0 /tmp/ccwaw90K.ltrans2.ltrans.o
                0x000000000001e438                DevPathFromTextVirtualDisk
 .text.DevPathFromTextRamDisk
                0x000000000001e4e8       0xc0 /tmp/ccwaw90K.ltrans2.ltrans.o
                0x000000000001e4e8                DevPathFromTextRamDisk
 .text.DevPathFromTextRelativeOffsetRange
                0x000000000001e5a8       0x70 /tmp/ccwaw90K.ltrans2.ltrans.o
                0x000000000001e5a8                DevPathFromTextRelativeOffsetRange
 .text.DevPathFromTextCDROM
                0x000000000001e618       0x88 /tmp/ccwaw90K.ltrans2.ltrans.o
                0x000000000001e618                DevPathFromTextCDROM
 .text.DevPathFromTextInfiniband
                0x000000000001e6a0       0xc0 /tmp/ccwaw90K.ltrans2.ltrans.o
                0x000000000001e6a0                DevPathFromTextInfiniband
 .text.DevPathFromTextFibreEx
                0x000000000001e760       0x8c /tmp/ccwaw90K.ltrans2.ltrans.o
                0x000000000001e760                DevPathFromTextFibreEx
 .text.DevPathFromTextFibre
                0x000000000001e7ec       0x74 /tmp/ccwaw90K.ltrans2.ltrans.o
                0x000000000001e7ec                DevPathFromTextFibre
 .text.DevPathFromTextMemoryMapped
                0x000000000001e860       0x88 /tmp/ccwaw90K.ltrans2.ltrans.o
                0x000000000001e860                DevPathFromTextMemoryMapped
 .text.InternalIsHexaDecimalDigitCharacter
                0x000000000001e8e8       0x34 /tmp/ccwaw90K.ltrans2.ltrans.o
                0x000000000001e8e8                InternalIsHexaDecimalDigitCharacter
 .text.CharToUpper
                0x000000000001e91c       0x20 /tmp/ccwaw90K.ltrans2.ltrans.o
                0x000000000001e91c                CharToUpper
 .text.InternalHexCharToUintn
                0x000000000001e93c       0x3c /tmp/ccwaw90K.ltrans2.ltrans.o
                0x000000000001e93c                InternalHexCharToUintn
 .text.StrStr   0x000000000001e978       0x48 /tmp/ccwaw90K.ltrans2.ltrans.o
                0x000000000001e978                StrStr
 .text.StrnCmp  0x000000000001e9c0       0x40 /tmp/ccwaw90K.ltrans2.ltrans.o
                0x000000000001e9c0                StrnCmp
 .text.StrCmp   0x000000000001ea00       0x28 /tmp/ccwaw90K.ltrans2.ltrans.o
                0x000000000001ea00                StrCmp
 .text.DevPathFromTextHD
                0x000000000001ea28      0x130 /tmp/ccwaw90K.ltrans2.ltrans.o
                0x000000000001ea28                DevPathFromTextHD
 .text.DevPathFromTextUart
                0x000000000001eb58      0x1b0 /tmp/ccwaw90K.ltrans2.ltrans.o
                0x000000000001eb58                DevPathFromTextUart
 .text.NetworkProtocolFromText
                0x000000000001ed08       0x50 /tmp/ccwaw90K.ltrans2.ltrans.o
 .text.DevPathFromTextIPv6
                0x000000000001ed58      0x138 /tmp/ccwaw90K.ltrans2.ltrans.o
                0x000000000001ed58                DevPathFromTextIPv6
 .text.DevPathFromTextIPv4
                0x000000000001ee90      0x124 /tmp/ccwaw90K.ltrans2.ltrans.o
                0x000000000001ee90                DevPathFromTextIPv4
 .text.DevPathFromTextSasEx
                0x000000000001efb4      0x210 /tmp/ccwaw90K.ltrans2.ltrans.o
                0x000000000001efb4                DevPathFromTextSasEx
 .text.DevPathFromTextSAS
                0x000000000001f1c4      0x218 /tmp/ccwaw90K.ltrans2.ltrans.o
                0x000000000001f1c4                DevPathFromTextSAS
 .text.DevPathFromTextUartFlowCtrl
                0x000000000001f3dc       0x8c /tmp/ccwaw90K.ltrans2.ltrans.o
                0x000000000001f3dc                DevPathFromTextUartFlowCtrl
 .text.DevPathFromTextAta
                0x000000000001f468       0xf8 /tmp/ccwaw90K.ltrans2.ltrans.o
                0x000000000001f468                DevPathFromTextAta
 .text.StrLen   0x000000000001f560       0x1c /tmp/ccwaw90K.ltrans2.ltrans.o
                0x000000000001f560                StrLen
 .text.ShellFileHandleReadLine
                0x000000000001f57c      0x198 /tmp/ccwaw90K.ltrans2.ltrans.o
                0x000000000001f57c                ShellFileHandleReadLine
 .text.ShellFileHandleReturnLine
                0x000000000001f714       0xc4 /tmp/ccwaw90K.ltrans2.ltrans.o
                0x000000000001f714                ShellFileHandleReturnLine
 .text.DevPathFromTextBBS
                0x000000000001f7d8      0x140 /tmp/ccwaw90K.ltrans2.ltrans.o
                0x000000000001f7d8                DevPathFromTextBBS
 .text.DevPathFromTextWiFi
                0x000000000001f918       0x88 /tmp/ccwaw90K.ltrans2.ltrans.o
                0x000000000001f918                DevPathFromTextWiFi
 .text.DevPathFromTextiSCSI
                0x000000000001f9a0      0x17c /tmp/ccwaw90K.ltrans2.ltrans.o
                0x000000000001f9a0                DevPathFromTextiSCSI
 .text.DevPathFromTextUsbWwid
                0x000000000001fb1c       0xec /tmp/ccwaw90K.ltrans2.ltrans.o
                0x000000000001fb1c                DevPathFromTextUsbWwid
 .text.DevPathFromTextAcpiExp
                0x000000000001fc08       0xbc /tmp/ccwaw90K.ltrans2.ltrans.o
                0x000000000001fc08                DevPathFromTextAcpiExp
 .text.DevPathFromTextAcpiEx
                0x000000000001fcc4      0x10c /tmp/ccwaw90K.ltrans2.ltrans.o
                0x000000000001fcc4                DevPathFromTextAcpiEx
 .text.ConvertFromTextVendor
                0x000000000001fdd0       0x94 /tmp/ccwaw90K.ltrans2.ltrans.o
 .text.DevPathFromTextVenMedia
                0x000000000001fe64        0xc /tmp/ccwaw90K.ltrans2.ltrans.o
                0x000000000001fe64                DevPathFromTextVenMedia
 .text.DevPathFromTextVenMsg
                0x000000000001fe70        0xc /tmp/ccwaw90K.ltrans2.ltrans.o
                0x000000000001fe70                DevPathFromTextVenMsg
 .text.DevPathFromTextVenHw
                0x000000000001fe7c        0xc /tmp/ccwaw90K.ltrans2.ltrans.o
                0x000000000001fe7c                DevPathFromTextVenHw
 .text.DevPathFromTextGenericPath
                0x000000000001fe88       0x8c /tmp/ccwaw90K.ltrans2.ltrans.o
 .text.DevPathFromTextBbsPath
                0x000000000001ff14        0xc /tmp/ccwaw90K.ltrans2.ltrans.o
                0x000000000001ff14                DevPathFromTextBbsPath
 .text.DevPathFromTextMediaPath
                0x000000000001ff20        0xc /tmp/ccwaw90K.ltrans2.ltrans.o
                0x000000000001ff20                DevPathFromTextMediaPath
 .text.DevPathFromTextMsg
                0x000000000001ff2c        0xc /tmp/ccwaw90K.ltrans2.ltrans.o
                0x000000000001ff2c                DevPathFromTextMsg
 .text.DevPathFromTextAcpiPath
                0x000000000001ff38        0xc /tmp/ccwaw90K.ltrans2.ltrans.o
                0x000000000001ff38                DevPathFromTextAcpiPath
 .text.DevPathFromTextHardwarePath
                0x000000000001ff44        0xc /tmp/ccwaw90K.ltrans2.ltrans.o
                0x000000000001ff44                DevPathFromTextHardwarePath
 .text.DevPathFromTextPath
                0x000000000001ff50       0x2c /tmp/ccwaw90K.ltrans2.ltrans.o
                0x000000000001ff50                DevPathFromTextPath
 .text.StrSize  0x000000000001ff7c       0x1c /tmp/ccwaw90K.ltrans2.ltrans.o
                0x000000000001ff7c                StrSize
 .text.TxtOutProtocolDumpInformation
                0x000000000001ff98      0x184 /tmp/ccwaw90K.ltrans2.ltrans.o
                0x000000000001ff98                TxtOutProtocolDumpInformation
 .text.InternalShellStripQuotes.part.21
                0x000000000002011c       0x7c /tmp/ccwaw90K.ltrans2.ltrans.o
                0x000000000002011c                InternalShellStripQuotes.part.21
 .text.ShellConvertStringToUint64
                0x0000000000020198      0x274 /tmp/ccwaw90K.ltrans2.ltrans.o
                0x0000000000020198                ShellConvertStringToUint64
 .text.ShellStrToUintn
                0x000000000002040c       0x48 /tmp/ccwaw90K.ltrans2.ltrans.o
                0x000000000002040c                ShellStrToUintn
 .text.StrnCatGrow
                0x0000000000020454       0xf4 /tmp/ccwaw90K.ltrans2.ltrans.o
                0x0000000000020454                StrnCatGrow
 .text.BusSpecificDriverOverrideProtocolDumpInformation
                0x0000000000020548      0x13c /tmp/ccwaw90K.ltrans2.ltrans.o
                0x0000000000020548                BusSpecificDriverOverrideProtocolDumpInformation
 .text.DevicePathProtocolDumpInformationEx
                0x0000000000020684      0x174 /tmp/ccwaw90K.ltrans2.ltrans.o
 .text.LoadedImageDevicePathProtocolDumpInformation
                0x00000000000207f8        0xc /tmp/ccwaw90K.ltrans2.ltrans.o
                0x00000000000207f8                LoadedImageDevicePathProtocolDumpInformation
 .text.DevicePathProtocolDumpInformation
                0x0000000000020804        0xc /tmp/ccwaw90K.ltrans2.ltrans.o
                0x0000000000020804                DevicePathProtocolDumpInformation
 .text.GraphicsOutputProtocolDumpInformation
                0x0000000000020810      0x2b8 /tmp/ccwaw90K.ltrans2.ltrans.o
                0x0000000000020810                GraphicsOutputProtocolDumpInformation
 .text.ConvertMemoryType
                0x0000000000020ac8      0x130 /tmp/ccwaw90K.ltrans2.ltrans.o
 .text.LoadedImageProtocolDumpInformation
                0x0000000000020bf8      0x234 /tmp/ccwaw90K.ltrans2.ltrans.o
                0x0000000000020bf8                LoadedImageProtocolDumpInformation
 .text.ShellCommandLineGetValue
                0x0000000000020e2c      0x10c /tmp/ccwaw90K.ltrans2.ltrans.o
                0x0000000000020e2c                ShellCommandLineGetValue
 .text.ShellCommandLineGetFlag
                0x0000000000020f38       0xf4 /tmp/ccwaw90K.ltrans2.ltrans.o
                0x0000000000020f38                ShellCommandLineGetFlag
 .text.InternalPrintTo
                0x000000000002102c       0x90 /tmp/ccwaw90K.ltrans2.ltrans.o
 .text.InternalShellPrintWorker
                0x00000000000210bc      0x328 /tmp/ccwaw90K.ltrans2.ltrans.o
 .text.ShellPrintHiiEx
                0x00000000000213e4       0xc0 /tmp/ccwaw90K.ltrans2.ltrans.o
                0x00000000000213e4                ShellPrintHiiEx
 .text.ShellPrintEx
                0x00000000000214a4       0x84 /tmp/ccwaw90K.ltrans2.ltrans.o
                0x00000000000214a4                ShellPrintEx
 .text.ShellPrintHelp
                0x0000000000021528       0xd8 /tmp/ccwaw90K.ltrans2.ltrans.o
                0x0000000000021528                ShellPrintHelp
 .text.ShellPromptForResponse
                0x0000000000021600      0x5d0 /tmp/ccwaw90K.ltrans2.ltrans.o
                0x0000000000021600                ShellPromptForResponse
 .text.ShellPromptForResponseHii
                0x0000000000021bd0       0x58 /tmp/ccwaw90K.ltrans2.ltrans.o
                0x0000000000021bd0                ShellPromptForResponseHii
 .text.ShellOpenFileMetaArg
                0x0000000000021c28      0x2a8 /tmp/ccwaw90K.ltrans2.ltrans.o
                0x0000000000021c28                ShellOpenFileMetaArg
 .text.ShellFileExists
                0x0000000000021ed0       0x3c /tmp/ccwaw90K.ltrans2.ltrans.o
                0x0000000000021ed0                ShellFileExists
 .text.UefiDevicePathLibStrDuplicate
                0x0000000000021f0c       0x1c /tmp/ccwaw90K.ltrans2.ltrans.o
                0x0000000000021f0c                UefiDevicePathLibStrDuplicate
 .text.DevPathFromTextDns
                0x0000000000021f28      0x10c /tmp/ccwaw90K.ltrans2.ltrans.o
                0x0000000000021f28                DevPathFromTextDns
 .text.FileDevicePath
                0x0000000000022034       0xa0 /tmp/ccwaw90K.ltrans2.ltrans.o
                0x0000000000022034                FileDevicePath
 .text.PathCleanUpDirectories
                0x00000000000220d4      0x15c /tmp/ccwaw90K.ltrans2.ltrans.o
                0x00000000000220d4                PathCleanUpDirectories
 .text.ShellOpenFileByName
                0x0000000000022230      0x354 /tmp/ccwaw90K.ltrans2.ltrans.o
                0x0000000000022230                ShellOpenFileByName
 .text.ShellDeleteFileByName
                0x0000000000022584       0x44 /tmp/ccwaw90K.ltrans2.ltrans.o
                0x0000000000022584                ShellDeleteFileByName
 .text.ShellIsFile
                0x00000000000225c8       0x60 /tmp/ccwaw90K.ltrans2.ltrans.o
                0x00000000000225c8                ShellIsFile
 .text.ShellIsDirectory
                0x0000000000022628      0x124 /tmp/ccwaw90K.ltrans2.ltrans.o
                0x0000000000022628                ShellIsDirectory
 .text.ShellFindFilePath
                0x000000000002274c      0x29c /tmp/ccwaw90K.ltrans2.ltrans.o
                0x000000000002274c                ShellFindFilePath
 .text.ShellCreateDirectory
                0x00000000000229e8       0x28 /tmp/ccwaw90K.ltrans2.ltrans.o
                0x00000000000229e8                ShellCreateDirectory
 .text.FullyQualifyPath
                0x0000000000022a10      0x158 /tmp/ccwaw90K.ltrans2.ltrans.o
                0x0000000000022a10                FullyQualifyPath
 .text.unlikely.IsNumberLetterOnly
                0x0000000000022b68       0x58 /tmp/ccwaw90K.ltrans3.ltrans.o
 .text.FileTimeToLocalTime
                0x0000000000022bc0      0x10c /tmp/ccwaw90K.ltrans3.ltrans.o
 .text.InternalIsTimeLikeString
                0x0000000000022ccc       0x7c /tmp/ccwaw90K.ltrans3.ltrans.o
 .text.ShellCommandGetManFileNameLevel2
                0x0000000000022d48        0xc /tmp/ccwaw90K.ltrans3.ltrans.o
                0x0000000000022d48                ShellCommandGetManFileNameLevel2
 .text.DevPathSerialDefault
                0x0000000000022d54        0x8 /tmp/ccwaw90K.ltrans3.ltrans.o
 .text.DevPathComparePci
                0x0000000000022d5c       0x3c /tmp/ccwaw90K.ltrans3.ltrans.o
 .text.DevPathCompareAcpi
                0x0000000000022d98       0x50 /tmp/ccwaw90K.ltrans3.ltrans.o
 .text.ShellCommandConsistMappingUnInitialize
                0x0000000000022de8       0x3c /tmp/ccwaw90K.ltrans3.ltrans.o
 .text.StrniCmp.part.0
                0x0000000000022e24       0xdc /tmp/ccwaw90K.ltrans3.ltrans.o
 .text.GetFullyQualifiedPath
                0x0000000000022f00       0xd4 /tmp/ccwaw90K.ltrans3.ltrans.o
 .text.PrintLsOutput
                0x0000000000022fd4      0x93c /tmp/ccwaw90K.ltrans3.ltrans.o
 .text.CascadeDelete
                0x0000000000023910      0x40c /tmp/ccwaw90K.ltrans3.ltrans.o
 .text.ShellCommandRunRm
                0x0000000000023d1c      0x378 /tmp/ccwaw90K.ltrans3.ltrans.o
                0x0000000000023d1c                ShellCommandRunRm
 .text.ShellCommandRunDate
                0x0000000000024094      0x38c /tmp/ccwaw90K.ltrans3.ltrans.o
                0x0000000000024094                ShellCommandRunDate
 .text.ShellCommandRunTime
                0x0000000000024420      0x6c4 /tmp/ccwaw90K.ltrans3.ltrans.o
                0x0000000000024420                ShellCommandRunTime
 .text.ShellCommandRunTimeZone
                0x0000000000024ae4      0x62c /tmp/ccwaw90K.ltrans3.ltrans.o
                0x0000000000024ae4                ShellCommandRunTimeZone
 .text.VerifyIntermediateDirectories
                0x0000000000025110       0xfc /tmp/ccwaw90K.ltrans3.ltrans.o
 .text.CopySingleFile
                0x000000000002520c      0x420 /tmp/ccwaw90K.ltrans3.ltrans.o
 .text.ValidateAndCopyFiles
                0x000000000002562c      0x754 /tmp/ccwaw90K.ltrans3.ltrans.o
 .text.ProcessValidateAndCopyFiles
                0x0000000000025d80      0x164 /tmp/ccwaw90K.ltrans3.ltrans.o
 .text.ShellCommandRunMkDir
                0x0000000000025ee4      0x24c /tmp/ccwaw90K.ltrans3.ltrans.o
                0x0000000000025ee4                ShellCommandRunMkDir
 .text.ShellCommandRunReset
                0x0000000000026130      0x364 /tmp/ccwaw90K.ltrans3.ltrans.o
                0x0000000000026130                ShellCommandRunReset
 .text.PerformSingleMappingDelete
                0x0000000000026494       0x84 /tmp/ccwaw90K.ltrans3.ltrans.o
 .text.PerformSingleMappingDisplay
                0x0000000000026518      0x664 /tmp/ccwaw90K.ltrans3.ltrans.o
 .text.PerformMappingDisplay
                0x0000000000026b7c      0x3ac /tmp/ccwaw90K.ltrans3.ltrans.o
 .text.GetHIDevicePath
                0x0000000000026f28      0x104 /tmp/ccwaw90K.ltrans3.ltrans.o
 .text.ShellCommandConsistMappingInitialize
                0x000000000002702c      0x178 /tmp/ccwaw90K.ltrans3.ltrans.o
 .text.ShellCommandCreateNewMappingName
                0x00000000000271a4       0x70 /tmp/ccwaw90K.ltrans3.ltrans.o
 .text.DevPathCompareDefault
                0x0000000000027214       0x74 /tmp/ccwaw90K.ltrans3.ltrans.o
 .text.CatPrint
                0x0000000000027288      0x11c /tmp/ccwaw90K.ltrans3.ltrans.o
 .text.ShellCommandConsistMappingGenMappingName
                0x00000000000273a4      0x1f0 /tmp/ccwaw90K.ltrans3.ltrans.o
 .text.AppendCSDStr
                0x0000000000027594      0x160 /tmp/ccwaw90K.ltrans3.ltrans.o
 .text.DevPathSerial1394
                0x00000000000276f4       0x40 /tmp/ccwaw90K.ltrans3.ltrans.o
 .text.DevPathSerialMacAddr
                0x0000000000027734       0x84 /tmp/ccwaw90K.ltrans3.ltrans.o
 .text.AppendCSDNum2
                0x00000000000277b8       0x5c /tmp/ccwaw90K.ltrans3.ltrans.o
 .text.AppendCSDNum
                0x0000000000027814       0x54 /tmp/ccwaw90K.ltrans3.ltrans.o
 .text.DevPathSerialAcpi
                0x0000000000027868       0x3c /tmp/ccwaw90K.ltrans3.ltrans.o
 .text.DevPathSerialScsi
                0x00000000000278a4       0x44 /tmp/ccwaw90K.ltrans3.ltrans.o
 .text.DevPathSerialIPv6
                0x00000000000278e8       0xc4 /tmp/ccwaw90K.ltrans3.ltrans.o
 .text.DevPathSerialIPv4
                0x00000000000279ac       0xac /tmp/ccwaw90K.ltrans3.ltrans.o
 .text.DevPathSerialInfiniBand
                0x0000000000027a58       0x98 /tmp/ccwaw90K.ltrans3.ltrans.o
 .text.DevPathSerialI2O
                0x0000000000027af0       0x10 /tmp/ccwaw90K.ltrans3.ltrans.o
 .text.DevPathSerialIScsi
                0x0000000000027b00        0x8 /tmp/ccwaw90K.ltrans3.ltrans.o
 .text.DevPathSerialSata
                0x0000000000027b08       0x54 /tmp/ccwaw90K.ltrans3.ltrans.o
 .text.DevPathSerialLun
                0x0000000000027b5c       0x10 /tmp/ccwaw90K.ltrans3.ltrans.o
 .text.DevPathSerialVendor
                0x0000000000027b6c       0xcc /tmp/ccwaw90K.ltrans3.ltrans.o
 .text.DevPathSerialUsb
                0x0000000000027c38      0x10c /tmp/ccwaw90K.ltrans3.ltrans.o
 .text.DevPathSerialUart
                0x0000000000027d44       0x64 /tmp/ccwaw90K.ltrans3.ltrans.o
 .text.DevPathSerialFibre
                0x0000000000027da8       0x44 /tmp/ccwaw90K.ltrans3.ltrans.o
 .text.DevPathSerialCdRom
                0x0000000000027dec       0x18 /tmp/ccwaw90K.ltrans3.ltrans.o
 .text.DevPathSerialAtapi
                0x0000000000027e04       0x1c /tmp/ccwaw90K.ltrans3.ltrans.o
 .text.DevPathSerialHardDrive
                0x0000000000027e20       0x20 /tmp/ccwaw90K.ltrans3.ltrans.o
 .text.ValidateAndMoveFiles
                0x0000000000027e40      0xc6c /tmp/ccwaw90K.ltrans3.ltrans.o
                0x0000000000027e40                ValidateAndMoveFiles
 .text.ShellCommandFindMapItem
                0x0000000000028aac       0x80 /tmp/ccwaw90K.ltrans3.ltrans.o
                0x0000000000028aac                ShellCommandFindMapItem
 .text.FreeBufferList.part.4
                0x0000000000028b2c       0x58 /tmp/ccwaw90K.ltrans3.ltrans.o
                0x0000000000028b2c                FreeBufferList.part.4
 .text.ConvertEfiFileProtocolToShellHandle.part.3
                0x0000000000028b84       0x9c /tmp/ccwaw90K.ltrans3.ltrans.o
                0x0000000000028b84                ConvertEfiFileProtocolToShellHandle.part.3
 .text.DumpHex  0x0000000000028c20      0x108 /tmp/ccwaw90K.ltrans3.ltrans.o
                0x0000000000028c20                DumpHex
 .text.ShellFileHandleEof
                0x0000000000028d28       0x88 /tmp/ccwaw90K.ltrans3.ltrans.o
                0x0000000000028d28                ShellFileHandleEof
 .text.ShellCommandRunParse
                0x0000000000028db0      0x554 /tmp/ccwaw90K.ltrans3.ltrans.o
                0x0000000000028db0                ShellCommandRunParse
 .text.ShellFileHandleRemove
                0x0000000000029304       0xb0 /tmp/ccwaw90K.ltrans3.ltrans.o
                0x0000000000029304                ShellFileHandleRemove
 .text.ShellFileHandleGetPath
                0x00000000000293b4       0x78 /tmp/ccwaw90K.ltrans3.ltrans.o
                0x00000000000293b4                ShellFileHandleGetPath
 .text.ShellCommandGetCurrentScriptFile
                0x000000000002942c       0x44 /tmp/ccwaw90K.ltrans3.ltrans.o
                0x000000000002942c                ShellCommandGetCurrentScriptFile
 .text.DeleteScriptFileStruct
                0x0000000000029470       0xf0 /tmp/ccwaw90K.ltrans3.ltrans.o
                0x0000000000029470                DeleteScriptFileStruct
 .text.ShellCommandSetNewScript
                0x0000000000029560       0x8c /tmp/ccwaw90K.ltrans3.ltrans.o
                0x0000000000029560                ShellCommandSetNewScript
 .text.ShellCommandRegisterExit
                0x00000000000295ec       0x2c /tmp/ccwaw90K.ltrans3.ltrans.o
                0x00000000000295ec                ShellCommandRegisterExit
 .text.ShellCommandIsOnAliasList
                0x0000000000029618       0x9c /tmp/ccwaw90K.ltrans3.ltrans.o
                0x0000000000029618                ShellCommandIsOnAliasList
 .text.ShellCommandRegisterAlias
                0x00000000000296b4      0x108 /tmp/ccwaw90K.ltrans3.ltrans.o
                0x00000000000296b4                ShellCommandRegisterAlias
 .text.CommandInit
                0x00000000000297bc      0x120 /tmp/ccwaw90K.ltrans3.ltrans.o
                0x00000000000297bc                CommandInit
 .text.ShellCommandRunCp
                0x00000000000298dc      0x3f4 /tmp/ccwaw90K.ltrans3.ltrans.o
                0x00000000000298dc                ShellCommandRunCp
 .text.ShellCommandRunCd
                0x0000000000029cd0      0x510 /tmp/ccwaw90K.ltrans3.ltrans.o
                0x0000000000029cd0                ShellCommandRunCd
 .text.ShellCommandRunSet
                0x000000000002a1e0      0x33c /tmp/ccwaw90K.ltrans3.ltrans.o
                0x000000000002a1e0                ShellCommandRunSet
 .text.ShellCommandRunLs
                0x000000000002a51c      0x578 /tmp/ccwaw90K.ltrans3.ltrans.o
                0x000000000002a51c                ShellCommandRunLs
 .text.LoadDriver
                0x000000000002aa94      0x234 /tmp/ccwaw90K.ltrans3.ltrans.o
 .text.ShellCommandRunLoad
                0x000000000002acc8      0x220 /tmp/ccwaw90K.ltrans3.ltrans.o
                0x000000000002acc8                ShellCommandRunLoad
 .text.InternalShellInitHandleList.part.5
                0x000000000002aee8       0xbc /tmp/ccwaw90K.ltrans3.ltrans.o
                0x000000000002aee8                InternalShellInitHandleList.part.5
 .text.GetAllMappingGuids
                0x000000000002afa4       0xf8 /tmp/ccwaw90K.ltrans3.ltrans.o
                0x000000000002afa4                GetAllMappingGuids
 .text.GetHandleListByProtocolList
                0x000000000002b09c      0x160 /tmp/ccwaw90K.ltrans3.ltrans.o
                0x000000000002b09c                GetHandleListByProtocolList
 .text.GetHandleListByProtocol
                0x000000000002b1fc      0x118 /tmp/ccwaw90K.ltrans3.ltrans.o
                0x000000000002b1fc                GetHandleListByProtocol
 .text.ShellCommandCreateInitialMappingsAndPaths
                0x000000000002b314      0x304 /tmp/ccwaw90K.ltrans3.ltrans.o
                0x000000000002b314                ShellCommandCreateInitialMappingsAndPaths
 .text.ShellCommandFindDynamicCommand
                0x000000000002b618       0xb0 /tmp/ccwaw90K.ltrans3.ltrans.o
                0x000000000002b618                ShellCommandFindDynamicCommand
 .text.ShellCommandIsCommandOnList
                0x000000000002b6c8       0x90 /tmp/ccwaw90K.ltrans3.ltrans.o
                0x000000000002b6c8                ShellCommandIsCommandOnList
 .text.ShellCommandRegisterCommandName
                0x000000000002b758      0x1c0 /tmp/ccwaw90K.ltrans3.ltrans.o
                0x000000000002b758                ShellCommandRegisterCommandName
 .text.ParseHandleDatabaseByRelationshipWithType